ARM Linker, 4.1 [Build 481] [Standard]

==============================================================================

Section Cross References

    main.o(.text) refers to uarts.o(.text) for UART1_Put_Char
    main.o(.text) refers to misc.o(.text) for NVIC_Init
    main.o(.text) refers to stm32f10x_rcc.o(.text) for RCC_APB2PeriphClockCmd
    main.o(.text) refers to stm32f10x_gpio.o(.text) for GPIO_Init
    main.o(.text) refers to system_stm32f10x.o(.text) for SystemInit
    main.o(.text) refers to delay.o(.text) for delay_init
    main.o(.text) refers to ioi2c.o(.text) for I2C_GPIO_Config
    main.o(.text) refers to timer.o(.text) for Initial_Timer3
    main.o(.text) refers to motor.o(.text) for initMotor
    main.o(.text) refers to stm32f10x_wwdg.o(.text) for WWDG_SetPrescaler
    main.o(.text) refers to main.o(.data) for system_microsec
    stm32f10x_rcc.o(.text) refers to stm32f10x_rcc.o(.data) for APBAHBPrescTable
    stm32f10x_tim.o(.text) refers to stm32f10x_rcc.o(.text) for RCC_APB2PeriphResetCmd
    stm32f10x_usart.o(.text) refers to stm32f10x_rcc.o(.text) for RCC_APB2PeriphResetCmd
    stm32f10x_wwdg.o(.text) refers to stm32f10x_rcc.o(.text) for RCC_APB1PeriphResetCmd
    stm32f10x_gpio.o(.text) refers to stm32f10x_rcc.o(.text) for RCC_APB2PeriphResetCmd
    startup_stm32f10x_hd.o(STACK) refers (Special) to heapauxi.o(.text) for __use_two_region_memory
    startup_stm32f10x_hd.o(HEAP) refers (Special) to heapauxi.o(.text) for __use_two_region_memory
    startup_stm32f10x_hd.o(RESET) refers (Special) to heapauxi.o(.text) for __use_two_region_memory
    startup_stm32f10x_hd.o(RESET) refers to startup_stm32f10x_hd.o(.text) for Reset_Handler
    startup_stm32f10x_hd.o(RESET) refers to stm32f10x_it.o(.text) for NMI_Handler
    startup_stm32f10x_hd.o(RESET) refers to main.o(.text) for WWDG_IRQHandler
    startup_stm32f10x_hd.o(RESET) refers to uarts.o(.text) for USART1_IRQHandler
    startup_stm32f10x_hd.o(.text) refers (Special) to heapauxi.o(.text) for __use_two_region_memory
    startup_stm32f10x_hd.o(.text) refers to startup_stm32f10x_hd.o(STACK) for __initial_sp
    startup_stm32f10x_hd.o(.text) refers to __main.o(!!!main) for __main
    startup_stm32f10x_hd.o(.text) refers to startup_stm32f10x_hd.o(HEAP) for Heap_Mem
    uarts.o(.text) refers to stm32f10x_rcc.o(.text) for RCC_APB2PeriphClockCmd
    uarts.o(.text) refers to stm32f10x_usart.o(.text) for USART_ClockInit
    uarts.o(.text) refers to uarts.o(.data) for count
    uarts.o(.text) refers to uarts.o(.bss) for TxBuffer
    delay.o(.text) refers to delay.o(.data) for fac_us
    ioi2c.o(.text) refers to stm32f10x_gpio.o(.text) for GPIO_Init
    mpu6050.o(.text) refers to ioi2c.o(.text) for Single_Write
    hmc5883l.o(.text) refers to ioi2c.o(.text) for Single_Write
    hmc5883l.o(.text) refers to delay.o(.text) for delay_ms
    timer.o(.text) refers to stm32f10x_rcc.o(.text) for RCC_APB1PeriphClockCmd
    timer.o(.text) refers to stm32f10x_tim.o(.text) for TIM_TimeBaseStructInit
    motor.o(.text) refers to stm32f10x_rcc.o(.text) for RCC_APB2PeriphClockCmd
    motor.o(.text) refers to stm32f10x_gpio.o(.text) for GPIO_Init
    motor.o(.text) refers to stm32f10x_tim.o(.text) for TIM_TimeBaseInit
    imu.o(.text) refers to fmul.o(x$fpl$fmul) for __aeabi_fmul
    imu.o(.text) refers to faddsub_clz.o(x$fpl$frsb) for __aeabi_frsub
    imu.o(.text) refers to timer.o(.text) for micros
    imu.o(.text) refers to fflt_clz.o(x$fpl$ffltu) for __aeabi_ui2f
    imu.o(.text) refers to fdiv.o(x$fpl$fdiv) for __aeabi_fdiv
    imu.o(.text) refers to faddsub_clz.o(x$fpl$fadd) for __aeabi_fadd
    imu.o(.text) refers to f2d.o(x$fpl$f2d) for __aeabi_f2d
    imu.o(.text) refers to faddsub_clz.o(x$fpl$fsub) for __aeabi_fsub
    imu.o(.text) refers to daddsub_clz.o(x$fpl$drsb) for __aeabi_drsub
    imu.o(.text) refers to daddsub_clz.o(x$fpl$dsub) for __aeabi_dsub
    imu.o(.text) refers to dmul.o(x$fpl$dmul) for __aeabi_dmul
    imu.o(.text) refers to daddsub_clz.o(x$fpl$dadd) for __aeabi_dadd
    imu.o(.text) refers to d2f.o(x$fpl$d2f) for __aeabi_d2f
    imu.o(.text) refers to sqrt.o(i.sqrt) for sqrt
    imu.o(.text) refers to imu.o(.data) for q0
    imu.o(.text) refers to ffix.o(x$fpl$ffix) for __aeabi_f2iz
    imu.o(.text) refers to fflt_clz.o(x$fpl$fflt) for __aeabi_i2f
    imu.o(.text) refers to feqf.o(x$fpl$feqf) for __aeabi_cfcmpeq
    imu.o(.text) refers to main.o(.data) for _hlt
    imu.o(.text) refers to dflt_clz.o(x$fpl$dflt) for __aeabi_i2d
    imu.o(.text) refers to ddiv.o(x$fpl$ddiv) for __aeabi_ddiv
    imu.o(.text) refers to dfix.o(x$fpl$dfix) for __aeabi_d2iz
    imu.o(.text) refers to atan2.o(i.atan2) for atan2
    imu.o(.text) refers to atan.o(i.atan) for atan
    __main.o(!!!main) refers to rtentry.o(.ARM.Collect$$rtentry$$00000000) for __rt_entry
    d2f.o(x$fpl$d2f) refers (Special) to usenofp.o(x$fpl$usenofp) for __I$use$fp
    d2f.o(x$fpl$d2f) refers to fretinf.o(x$fpl$fretinf) for __fpl_fretinf
[...]
    f2d.o(x$fpl$f2d) refers (Special) to usenofp.o(x$fpl$usenofp) for __I$use$fp
    f2d.o(x$fpl$f2d) refers to fnaninf.o(x$fpl$fnaninf) for __fpl_fnaninf
    f2d.o(x$fpl$f2d) refers to dretinf.o(x$fpl$dretinf) for __fpl_dretinf
    faddsub_clz.o(x$fpl$fadd) refers (Special) to usenofp.o(x$fpl$usenofp) for __I$use$fp
    faddsub_clz.o(x$fpl$fadd) refers to faddsub_clz.o(x$fpl$fsub) for _fsub1
    faddsub_clz.o(x$fpl$fadd) refers to fretinf.o(x$fpl$fretinf) for __fpl_fretinf
    faddsub_clz.o(x$fpl$fadd) refers to fnaninf.o(x$fpl$fnaninf) for __fpl_fnaninf
    faddsub_clz.o(x$fpl$frsb) refers (Special) to usenofp.o(x$fpl$usenofp) for __I$use$fp
    faddsub_clz.o(x$fpl$frsb) refers to faddsub_clz.o(x$fpl$fadd) for _fadd1
    faddsub_clz.o(x$fpl$frsb) refers to faddsub_clz.o(x$fpl$fsub) for _fsub1
    faddsub_clz.o(x$fpl$fsub) refers (Special) to usenofp.o(x$fpl$usenofp) for __I$use$fp
    faddsub_clz.o(x$fpl$fsub) refers to faddsub_clz.o(x$fpl$fadd) for _fadd1
    faddsub_clz.o(x$fpl$fsub) refers to fnaninf.o(x$fpl$fnaninf) for __fpl_fnaninf
    fdiv.o(x$fpl$frdiv) refers (Special) to usenofp.o(x$fpl$usenofp) for __I$use$fp
    fdiv.o(x$fpl$frdiv) refers to fdiv.o(x$fpl$fdiv) for _fdiv1
    fdiv.o(x$fpl$fdiv) refers (Special) to usenofp.o(x$fpl$usenofp) for __I$use$fp
    fdiv.o(x$fpl$fdiv) refers to fretinf.o(x$fpl$fretinf) for __fpl_fretinf
    fdiv.o(x$fpl$fdiv) refers to fnaninf.o(x$fpl$fnaninf) for __fpl_fnaninf
    feqf.o(x$fpl$feqf) refers (Special) to usenofp.o(x$fpl$usenofp) for __I$use$fp
    feqf.o(x$fpl$feqf) refers to fnaninf.o(x$fpl$fnaninf) for __fpl_fnaninf
    feqf.o(x$fpl$feqf) refers to fcmpi.o(x$fpl$fcmpinf) for __fpl_fcmp_Inf
    ffix.o(x$fpl$ffix) refers (Special) to usenofp.o(x$fpl$usenofp) for __I$use$fp
    ffix.o(x$fpl$ffix) refers to fnaninf.o(x$fpl$fnaninf) for __fpl_fnaninf
    ffix.o(x$fpl$ffixr) refers (Special) to usenofp.o(x$fpl$usenofp) for __I$use$fp
    ffix.o(x$fpl$ffixr) refers to fnaninf.o(x$fpl$fnaninf) for __fpl_fnaninf
    fflt_clz.o(x$fpl$ffltu) refers (Special) to usenofp.o(x$fpl$usenofp) for __I$use$fp
    fflt_clz.o(x$fpl$fflt) refers (Special) to usenofp.o(x$fpl$usenofp) for __I$use$fp
    fflt_clz.o(x$fpl$ffltn) refers (Special) to usenofp.o(x$fpl$usenofp) for __I$use$fp
    fmul.o(x$fpl$fmul) refers (Special) to usenofp.o(x$fpl$usenofp) for __I$use$fp
    fmul.o(x$fpl$fmul) refers to fretinf.o(x$fpl$fretinf) for __fpl_fretinf
    fmul.o(x$fpl$fmul) refers to fnaninf.o(x$fpl$fnaninf) for __fpl_fnaninf
    atan.o(i.__softfp_atan) refers (Special) to usenofp.o(x$fpl$usenofp) for __I$use$fp
    atan.o(i.__softfp_atan) refers to atan.o(i.atan) for atan
    atan.o(i.atan) refers (Special) to usenofp.o(x$fpl$usenofp) for __I$use$fp
    atan.o(i.atan) refers to scalbn.o(x$fpl$scalbn) for scalbn
    atan.o(i.atan) refers to fpclassify.o(i.__ARM_fpclassify) for __ARM_fpclassify
    atan.o(i.atan) refers to dunder.o(i.__mathlib_dbl_underflow) for __mathlib_dbl_underflow
    atan.o(i.atan) refers to daddsub_clz.o(x$fpl$dadd) for __aeabi_dadd
    atan.o(i.atan) refers to daddsub_clz.o(x$fpl$dsub) for __aeabi_dsub
    atan.o(i.atan) refers to ddiv.o(x$fpl$ddiv) for __aeabi_ddiv
    atan.o(i.atan) refers to dmul.o(x$fpl$dmul) for __aeabi_dmul
    atan.o(i.atan) refers to poly.o(i.__kernel_poly) for __kernel_poly
    atan.o(i.atan) refers to daddsub_clz.o(x$fpl$drsb) for __aeabi_drsub
    atan.o(i.atan) refers to atan.o(.constdata) for .constdata
    atan.o(.constdata) refers (Special) to usenofp.o(x$fpl$usenofp) for __I$use$fp
    atan_x.o(i.____softfp_atan$lsc) refers (Special) to usenofp.o(x$fpl$usenofp) for __I$use$fp
    atan_x.o(i.____softfp_atan$lsc) refers to atan_x.o(i.__atan$lsc) for __atan$lsc
    atan_x.o(i.__atan$lsc) refers (Special) to usenofp.o(x$fpl$usenofp) for __I$use$fp
    atan_x.o(i.__atan$lsc) refers to scalbn.o(x$fpl$scalbn) for scalbn
    atan_x.o(i.__atan$lsc) refers to daddsub_clz.o(x$fpl$dadd) for __aeabi_dadd
    atan_x.o(i.__atan$lsc) refers to daddsub_clz.o(x$fpl$dsub) for __aeabi_dsub
    atan_x.o(i.__atan$lsc) refers to ddiv.o(x$fpl$ddiv) for __aeabi_ddiv
    atan_x.o(i.__atan$lsc) refers to dmul.o(x$fpl$dmul) for __aeabi_dmul
    atan_x.o(i.__atan$lsc) refers to poly.o(i.__kernel_poly) for __kernel_poly
    atan_x.o(i.__atan$lsc) refers to daddsub_clz.o(x$fpl$drsb) for __aeabi_drsub
    atan_x.o(i.__atan$lsc) refers to atan_x.o(.constdata) for .constdata
    atan_x.o(.constdata) refers (Special) to usenofp.o(x$fpl$usenofp) for __I$use$fp
    atan2.o(i.__softfp_atan2) refers (Special) to usenofp.o(x$fpl$usenofp) for __I$use$fp
    atan2.o(i.__softfp_atan2) refers to atan2.o(i.atan2) for atan2
    atan2.o(i.atan2) refers (Special) to usenofp.o(x$fpl$usenofp) for __I$use$fp
    atan2.o(i.atan2) refers to daddsub_clz.o(x$fpl$dadd) for __aeabi_dadd
    atan2.o(i.atan2) refers to atan.o(i.atan) for atan
    atan2.o(i.atan2) refers to ddiv.o(x$fpl$ddiv) for __aeabi_ddiv
    atan2.o(i.atan2) refers to daddsub_clz.o(x$fpl$dsub) for __aeabi_dsub
    atan2.o(i.atan2) refers to daddsub_clz.o(x$fpl$drsb) for __aeabi_drsub
    atan2.o(i.atan2) refers to qnan.o(.constdata) for __mathlib_zero
    atan2_x.o(i.____softfp_atan2$lsc) refers (Special) to usenofp.o(x$fpl$usenofp) for __I$use$fp
    atan2_x.o(i.____softfp_atan2$lsc) refers to atan2_x.o(i.__atan2$lsc) for __atan2$lsc
    atan2_x.o(i.__atan2$lsc) refers (Special) to usenofp.o(x$fpl$usenofp) for __I$use$fp
    atan2_x.o(i.__atan2$lsc) refers to daddsub_clz.o(x$fpl$dadd) for __aeabi_dadd
    atan2_x.o(i.__atan2$lsc) refers to atan.o(i.atan) for atan
    atan2_x.o(i.__atan2$lsc) refers to _rserrno.o(.text) for __set_errno
    atan2_x.o(i.__atan2$lsc) refers to ddiv.o(x$fpl$ddiv) for __aeabi_ddiv
    atan2_x.o(i.__atan2$lsc) refers to daddsub_clz.o(x$fpl$dsub) for __aeabi_dsub
    atan2_x.o(i.__atan2$lsc) refers to daddsub_clz.o(x$fpl$drsb) for __aeabi_drsub
    atan2_x.o(i.__atan2$lsc) refers to qnan.o(.constdata) for __mathlib_zero
    sqrt.o(i.__softfp_sqrt) refers (Special) to usenofp.o(x$fpl$usenofp) for __I$use$fp
    sqrt.o(i.__softfp_sqrt) refers to dsqrt_noumaal.o(x$fpl$dsqrt) for _dsqrt
    sqrt.o(i.__softfp_sqrt) refers to _rserrno.o(.text) for __set_errno
    sqrt.o(i.sqrt) refers (Special) to usenofp.o(x$fpl$usenofp) for __I$use$fp
    sqrt.o(i.sqrt) refers to dsqrt_noumaal.o(x$fpl$dsqrt) for _dsqrt
    sqrt.o(i.sqrt) refers to _rserrno.o(.text) for __set_errno
    sqrt_x.o(i.____softfp_sqrt$lsc) refers (Special) to usenofp.o(x$fpl$usenofp) for __I$use$fp
    sqrt_x.o(i.____softfp_sqrt$lsc) refers to dleqf.o(x$fpl$dleqf) for __aeabi_cdcmple
    sqrt_x.o(i.____softfp_sqrt$lsc) refers to _rserrno.o(.text) for __set_errno
    sqrt_x.o(i.____softfp_sqrt$lsc) refers to dsqrt_noumaal.o(x$fpl$dsqrt) for _dsqrt
    sqrt_x.o(i.__sqrt$lsc) refers (Special) to usenofp.o(x$fpl$usenofp) for __I$use$fp
    sqrt_x.o(i.__sqrt$lsc) refers to dleqf.o(x$fpl$dleqf) for __aeabi_cdcmple
    sqrt_x.o(i.__sqrt$lsc) refers to _rserrno.o(.text) for __set_errno
    sqrt_x.o(i.__sqrt$lsc) refers to dsqrt_noumaal.o(x$fpl$dsqrt) for _dsqrt
    rtentry.o(.ARM.Collect$$rtentry$$00000000) refers (Special) to rtentry2.o(.ARM.Collect$$rtentry$$0000000A) for __rt_entry_li
    rtentry.o(.ARM.Collect$$rtentry$$00000000) refers (Special) to rtentry2.o(.ARM.Collect$$rtentry$$0000000D) for __rt_entry_main
    rtentry.o(.ARM.Collect$$rtentry$$00000000) refers (Special) to rtentry2.o(.ARM.Collect$$rtentry$$0000000C) for __rt_entry_postli_1
    rtentry.o(.ARM.Collect$$rtentry$$00000000) refers (Special) to rtentry2.o(.ARM.Collect$$rtentry$$00000009) for __rt_entry_postsh_1
    rtentry.o(.ARM.Collect$$rtentry$$00000000) refers (Special) to rtentry2.o(.ARM.Collect$$rtentry$$00000002) for __rt_entry_presh_1
    rtentry.o(.ARM.Collect$$rtentry$$00000000) refers (Special) to rtentry4.o(.ARM.Collect$$rtentry$$00000004) for __rt_entry_sh
    rtentry.o(.ARM.exidx) refers (Special) to rtentry2.o(.ARM.Collect$$rtentry$$0000000A) for __rt_entry_li
    rtentry.o(.ARM.exidx) refers (Special) to rtentry2.o(.ARM.Collect$$rtentry$$0000000D) for __rt_entry_main
    rtentry.o(.ARM.exidx) refers (Special) to rtentry2.o(.ARM.Collect$$rtentry$$0000000C) for __rt_entry_postli_1
    rtentry.o(.ARM.exidx) refers (Special) to rtentry2.o(.ARM.Collect$$rtentry$$00000009) for __rt_entry_postsh_1
    rtentry.o(.ARM.exidx) refers (Special) to rtentry2.o(.ARM.Collect$$rtentry$$00000002) for __rt_entry_presh_1
    rtentry.o(.ARM.exidx) refers (Special) to rtentry4.o(.ARM.Collect$$rtentry$$00000004) for __rt_entry_sh
    rtentry.o(.ARM.exidx) refers to rtentry.o(.ARM.Collect$$rtentry$$00000000) for .ARM.Collect$$rtentry$$00000000
    _rserrno.o(.text) refers to rt_errno_addr_intlibspace.o(.text) for __aeabi_errno_addr
    dleqf.o(x$fpl$dleqf) refers (Special) to usenofp.o(x$fpl$usenofp) for __I$use$fp
    dleqf.o(x$fpl$dleqf) refers to dnaninf.o(x$fpl$dnaninf) for __fpl_dnaninf
    dleqf.o(x$fpl$dleqf) refers to dcmpi.o(x$fpl$dcmpinf) for __fpl_dcmp_Inf
    dnaninf.o(x$fpl$dnaninf) refers (Special) to usenofp.o(x$fpl$usenofp) for __I$use$fp
    dretinf.o(x$fpl$dretinf) refers (Special) to usenofp.o(x$fpl$usenofp) for __I$use$fp
    dsqrt_noumaal.o(x$fpl$dsqrt) refers (Special) to usenofp.o(x$fpl$usenofp) for __I$use$fp
    dsqrt_noumaal.o(x$fpl$dsqrt) refers to dnaninf.o(x$fpl$dnaninf) for __fpl_dnaninf
    fcmpi.o(x$fpl$fcmpinf) refers (Special) to usenofp.o(x$fpl$usenofp) for __I$use$fp
    fnaninf.o(x$fpl$fnaninf) refers (Special) to usenofp.o(x$fpl$usenofp) for __I$use$fp
    fretinf.o(x$fpl$fretinf) refers (Special) to usenofp.o(x$fpl$usenofp) for __I$use$fp
    scalbn.o(x$fpl$scalbnl) refers (Special) to usenofp.o(x$fpl$usenofp) for __I$use$fp
    scalbn.o(x$fpl$scalbnl) refers to scalbn.o(x$fpl$scalbn) for scalbn
    scalbn.o(x$fpl$scalblnl) refers (Special) to usenofp.o(x$fpl$usenofp) for __I$use$fp
    scalbn.o(x$fpl$scalblnl) refers to scalbn.o(x$fpl$scalbn) for scalbn
    scalbn.o(x$fpl$scalbln) refers (Special) to usenofp.o(x$fpl$usenofp) for __I$use$fp
    scalbn.o(x$fpl$scalbln) refers to scalbn.o(x$fpl$scalbn) for scalbn
    scalbn.o(x$fpl$scalbn) refers (Special) to usenofp.o(x$fpl$usenofp) for __I$use$fp
    scalbn.o(x$fpl$scalbn) refers to dcheck1.o(x$fpl$dcheck1) for __fpl_dcheck_NaN1
    dunder.o(i.__mathlib_dbl_underflow) refers to scalbn.o(x$fpl$scalbn) for scalbn
    fpclassify.o(i.__ARM_fpclassify) refers (Special) to usenofp.o(x$fpl$usenofp) for __I$use$fp
    poly.o(i.__kernel_poly) refers (Special) to usenofp.o(x$fpl$usenofp) for __I$use$fp
    poly.o(i.__kernel_poly) refers to dmul.o(x$fpl$dmul) for __aeabi_dmul
    poly.o(i.__kernel_poly) refers to daddsub_clz.o(x$fpl$dadd) for __aeabi_dadd
    qnan.o(.constdata) refers (Special) to usenofp.o(x$fpl$usenofp) for __I$use$fp
    rtentry2.o(.ARM.Collect$$rtentry$$00000008) refers to boardinit2.o(.text) for _platform_post_stackheap_init
    rtentry2.o(.ARM.Collect$$rtentry$$0000000A) refers to libinit.o(.ARM.Collect$$libinit$$00000000) for __rt_lib_init
    rtentry2.o(.ARM.Collect$$rtentry$$0000000B) refers to boardinit3.o(.text) for _platform_post_lib_init
    rtentry2.o(.ARM.Collect$$rtentry$$0000000D) refers to main.o(.text) for main
    rtentry2.o(.ARM.Collect$$rtentry$$0000000D) refers to exit.o(.text) for exit
    rtentry2.o(.ARM.exidx) refers to rtentry2.o(.ARM.Collect$$rtentry$$00000001) for .ARM.Collect$$rtentry$$00000001
    rtentry2.o(.ARM.exidx) refers to rtentry2.o(.ARM.Collect$$rtentry$$00000002) for .ARM.Collect$$rtentry$$00000002
    rtentry2.o(.ARM.exidx) refers to rtentry2.o(.ARM.Collect$$rtentry$$00000008) for .ARM.Collect$$rtentry$$00000008
    rtentry2.o(.ARM.exidx) refers to rtentry2.o(.ARM.Collect$$rtentry$$00000009) for .ARM.Collect$$rtentry$$00000009
    rtentry2.o(.ARM.exidx) refers to rtentry2.o(.ARM.Collect$$rtentry$$0000000A) for .ARM.Collect$$rtentry$$0000000A
    rtentry2.o(.ARM.exidx) refers to rtentry2.o(.ARM.Collect$$rtentry$$0000000B) for .ARM.Collect$$rtentry$$0000000B
    rtentry2.o(.ARM.exidx) refers to rtentry2.o(.ARM.Collect$$rtentry$$0000000C) for .ARM.Collect$$rtentry$$0000000C
    rtentry2.o(.ARM.exidx) refers to rtentry2.o(.ARM.Collect$$rtentry$$0000000D) for .ARM.Collect$$rtentry$$0000000D
    rtentry4.o(.ARM.Collect$$rtentry$$00000004) refers to sys_stackheap_outer.o(.text) for __user_setup_stackheap
    rtentry4.o(.ARM.exidx) refers to rtentry4.o(.ARM.Collect$$rtentry$$00000004) for .ARM.Collect$$rtentry$$00000004
    rt_errno_addr.o(.text) refers to rt_errno_addr.o(.bss) for __aeabi_errno_addr_data
    rt_errno_addr_intlibspace.o(.text) refers to libspace.o(.bss) for __libspace_start
    dcheck1.o(x$fpl$dcheck1) refers (Special) to usenofp.o(x$fpl$usenofp) for __I$use$fp
    dcheck1.o(x$fpl$dcheck1) refers to retnan.o(x$fpl$retnan) for __fpl_return_NaN
    dcmpi.o(x$fpl$dcmpinf) refers (Special) to usenofp.o(x$fpl$usenofp) for __I$use$fp
    libspace.o(.text) refers to libspace.o(.bss) for __libspace_start
    sys_stackheap_outer.o(.text) refers to libspace.o(.text) for __user_perproc_libspace
    sys_stackheap_outer.o(.text) refers to startup_stm32f10x_hd.o(.text) for __user_initial_stackheap
    exit.o(.text) refers to rtexit.o(.ARM.Collect$$rtexit$$00000000) for __rt_exit
    libinit.o(.ARM.Collect$$libinit$$00000000) refers (Special) to libinit2.o(.ARM.Collect$$libinit$$0000002A) for __rt_lib_init_alloca_1
    libinit.o(.ARM.Collect$$libinit$$00000000) refers (Special) to libinit2.o(.ARM.Collect$$libinit$$00000028) for __rt_lib_init_argv_1
    libinit.o(.ARM.Collect$$libinit$$00000000) refers (Special) to libinit2.o(.ARM.Collect$$libinit$$00000017) for __rt_lib_init_atexit_1
    libinit.o(.ARM.Collect$$libinit$$00000000) refers (Special) to libinit2.o(.ARM.Collect$$libinit$$0000001D) for __rt_lib_init_clock_1
    libinit.o(.ARM.Collect$$libinit$$00000000) refers (Special) to libinit2.o(.ARM.Collect$$libinit$$0000002E) for __rt_lib_init_cpp_1
    libinit.o(.ARM.Collect$$libinit$$00000000) refers (Special) to libinit2.o(.ARM.Collect$$libinit$$0000002C) for __rt_lib_init_exceptions_1
    libinit.o(.ARM.Collect$$libinit$$00000000) refers (Special) to libinit2.o(.ARM.Collect$$libinit$$0000001B) for __rt_lib_init_fp_trap_1
    libinit.o(.ARM.Collect$$libinit$$00000000) refers (Special) to libinit2.o(.ARM.Collect$$libinit$$0000001F) for __rt_lib_init_getenv_1
    libinit.o(.ARM.Collect$$libinit$$00000000) refers (Special) to libinit2.o(.ARM.Collect$$libinit$$00000006) for __rt_lib_init_heap_1
    libinit.o(.ARM.Collect$$libinit$$00000000) refers (Special) to libinit2.o(.ARM.Collect$$libinit$$0000000D) for __rt_lib_init_lc_collate_1
    libinit.o(.ARM.Collect$$libinit$$00000000) refers (Special) to libinit2.o(.ARM.Collect$$libinit$$0000000F) for __rt_lib_init_lc_ctype_1
    libinit.o(.ARM.Collect$$libinit$$00000000) refers (Special) to libinit2.o(.ARM.Collect$$libinit$$00000011) for __rt_lib_init_lc_monetary_1
    libinit.o(.ARM.Collect$$libinit$$00000000) refers (Special) to libinit2.o(.ARM.Collect$$libinit$$00000013) for __rt_lib_init_lc_numeric_1
    libinit.o(.ARM.Collect$$libinit$$00000000) refers (Special) to libinit2.o(.ARM.Collect$$libinit$$00000015) for __rt_lib_init_lc_time_1
    libinit.o(.ARM.Collect$$libinit$$00000000) refers (Special) to libinit2.o(.ARM.Collect$$libinit$$0000000A) for __rt_lib_init_rand_1
    libinit.o(.ARM.Collect$$libinit$$00000000) refers (Special) to libinit2.o(.ARM.Collect$$libinit$$0000002F) for __rt_lib_init_return
    libinit.o(.ARM.Collect$$libinit$$00000000) refers (Special) to libinit2.o(.ARM.Collect$$libinit$$00000019) for __rt_lib_init_signal_1
    libinit.o(.ARM.Collect$$libinit$$00000000) refers (Special) to libinit2.o(.ARM.Collect$$libinit$$00000021) for __rt_lib_init_stdio_1
    libinit.o(.ARM.Collect$$libinit$$00000000) refers (Special) to libinit2.o(.ARM.Collect$$libinit$$00000008) for __rt_lib_init_user_alloc_1
    libinit.o(.ARM.Collect$$libinit$$00000000) refers to fpinit.o(x$fpl$fpinit) for _fp_init
    retnan.o(x$fpl$retnan) refers (Special) to usenofp.o(x$fpl$usenofp) for __I$use$fp
    retnan.o(x$fpl$retnan) refers to trapv.o(x$fpl$trapveneer) for __fpl_cmpreturn
    rtexit.o(.ARM.Collect$$rtexit$$00000000) refers (Special) to rtexit2.o(.ARM.Collect$$rtexit$$00000004) for __rt_exit_exit
    rtexit.o(.ARM.Collect$$rtexit$$00000000) refers (Special) to rtexit2.o(.ARM.Collect$$rtexit$$00000003) for __rt_exit_ls
    rtexit.o(.ARM.Collect$$rtexit$$00000000) refers (Special) to rtexit2.o(.ARM.Collect$$rtexit$$00000002) for __rt_exit_prels_1
    rtexit.o(.ARM.exidx) refers (Special) to rtexit2.o(.ARM.Collect$$rtexit$$00000004) for __rt_exit_exit
    rtexit.o(.ARM.exidx) refers (Special) to rtexit2.o(.ARM.Collect$$rtexit$$00000003) for __rt_exit_ls
    rtexit.o(.ARM.exidx) refers (Special) to rtexit2.o(.ARM.Collect$$rtexit$$00000002) for __rt_exit_prels_1
    rtexit.o(.ARM.exidx) refers to rtexit.o(.ARM.Collect$$rtexit$$00000000) for .ARM.Collect$$rtexit$$00000000
    libinit2.o(.ARM.Collect$$libinit$$0000000C) refers to libinit2.o(.ARM.Collect$$libinit$$0000000B) for .ARM.Collect$$libinit$$0000000B
    libinit2.o(.ARM.Collect$$libinit$$0000000E) refers to libinit2.o(.ARM.Collect$$libinit$$0000000B) for .ARM.Collect$$libinit$$0000000B
    libinit2.o(.ARM.Collect$$libinit$$00000010) refers to libinit2.o(.ARM.Collect$$libinit$$0000000B) for .ARM.Collect$$libinit$$0000000B
    libinit2.o(.ARM.Collect$$libinit$$00000012) refers to libinit2.o(.ARM.Collect$$libinit$$0000000B) for .ARM.Collect$$libinit$$0000000B
    libinit2.o(.ARM.Collect$$libinit$$00000014) refers to libinit2.o(.ARM.Collect$$libinit$$0000000B) for .ARM.Collect$$libinit$$0000000B
    libinit2.o(.ARM.Collect$$libinit$$00000022) refers to argv_veneer.o(.emb_text) for __ARM_argv_veneer
    libinit2.o(.ARM.Collect$$libinit$$00000023) refers to argv_veneer.o(.emb_text) for __ARM_argv_veneer
    fpinit.o(x$fpl$fpinit) refers to rt_fp_status_addr_intlibspace.o(.text) for __rt_fp_status_addr
    trapv.o(x$fpl$trapveneer) refers (Special) to usenofp.o(x$fpl$usenofp) for __I$use$fp
    rtexit2.o(.ARM.Collect$$rtexit$$00000003) refers to libshutdown.o(.ARM.Collect$$libshutdown$$00000000) for __rt_lib_shutdown
    rtexit2.o(.ARM.Collect$$rtexit$$00000004) refers to sys_exit.o(.text) for _sys_exit
    rtexit2.o(.ARM.exidx) refers to rtexit2.o(.ARM.Collect$$rtexit$$00000001) for .ARM.Collect$$rtexit$$00000001
    rtexit2.o(.ARM.exidx) refers to rtexit2.o(.ARM.Collect$$rtexit$$00000002) for .ARM.Collect$$rtexit$$00000002
    rtexit2.o(.ARM.exidx) refers to rtexit2.o(.ARM.Collect$$rtexit$$00000003) for .ARM.Collect$$rtexit$$00000003
    rtexit2.o(.ARM.exidx) refers to rtexit2.o(.ARM.Collect$$rtexit$$00000004) for .ARM.Collect$$rtexit$$00000004
    rt_fp_status_addr.o(.text) refers to rt_fp_status_addr.o(.bss) for __rt_fp_status_addr_data
    rt_fp_status_addr_intlibspace.o(.text) refers to libspace.o(.bss) for __libspace_start
    argv_veneer.o(.emb_text) refers to no_argv.o(.text) for __ARM_get_argv
    sys_exit.o(.text) refers (Special) to use_no_semi.o(.text) for __I$use$semihosting
    _get_argv_nomalloc.o(.text) refers (Special) to hrguard.o(.text) for __heap_region$guard
    _get_argv_nomalloc.o(.text) refers to defsig_rtmem_outer.o(.text) for __rt_SIGRTMEM
    _get_argv_nomalloc.o(.text) refers to sys_command.o(.text) for _sys_command_string
    libshutdown.o(.ARM.Collect$$libshutdown$$00000000) refers (Special) to libshutdown2.o(.ARM.Collect$$libshutdown$$00000006) for __rt_lib_shutdown_fp_trap_1
    libshutdown.o(.ARM.Collect$$libshutdown$$00000000) refers (Special) to libshutdown2.o(.ARM.Collect$$libshutdown$$0000000E) for __rt_lib_shutdown_heap_1
    libshutdown.o(.ARM.Collect$$libshutdown$$00000000) refers (Special) to libshutdown2.o(.ARM.Collect$$libshutdown$$0000000F) for __rt_lib_shutdown_return
    libshutdown.o(.ARM.Collect$$libshutdown$$00000000) refers (Special) to libshutdown2.o(.ARM.Collect$$libshutdown$$00000009) for __rt_lib_shutdown_signal_1
    libshutdown.o(.ARM.Collect$$libshutdown$$00000000) refers (Special) to libshutdown2.o(.ARM.Collect$$libshutdown$$00000003) for __rt_lib_shutdown_stdio_1
    libshutdown.o(.ARM.Collect$$libshutdown$$00000000) refers (Special) to libshutdown2.o(.ARM.Collect$$libshutdown$$0000000B) for __rt_lib_shutdown_user_alloc_1
    sys_command.o(.text) refers (Special) to use_no_semi.o(.text) for __I$use$semihosting
    defsig_rtmem_outer.o(.text) refers to defsig_rtmem_inner.o(.text) for __rt_SIGRTMEM_inner
    defsig_rtmem_outer.o(.text) refers to defsig_exit.o(.text) for __sig_exit
    defsig_rtmem_formal.o(.text) refers to rt_raise.o(.text) for __rt_raise
    rt_raise.o(.text) refers to __raise.o(.text) for __raise
    rt_raise.o(.text) refers to sys_exit.o(.text) for _sys_exit
    defsig_exit.o(.text) refers to sys_exit.o(.text) for _sys_exit
    defsig_rtmem_inner.o(.text) refers to defsig_general.o(.text) for __default_signal_display
    __raise.o(.text) refers to defsig.o(CL$$defsig) for __default_signal_handler
    defsig_general.o(.text) refers to sys_wrch.o(.text) for _ttywrch
    sys_wrch.o(.text) refers (Special) to use_no_semi.o(.text) for __I$use$semihosting
    defsig.o(CL$$defsig) refers to defsig_rtmem_inner.o(.text) for __rt_SIGRTMEM_inner
    defsig_abrt_inner.o(.text) refers to defsig_general.o(.text) for __default_signal_display
    defsig_fpe_inner.o(.text) refers to defsig_general.o(.text) for __default_signal_display
    defsig_rtred_inner.o(.text) refers to defsig_general.o(.text) for __default_signal_display
    defsig_stak_inner.o(.text) refers to defsig_general.o(.text) for __default_signal_display
    defsig_pvfn_inner.o(.text) refers to defsig_general.o(.text) for __default_signal_display
    defsig_cppl_inner.o(.text) refers to defsig_general.o(.text) for __default_signal_display
    defsig_segv_inner.o(.text) refers to defsig_general.o(.text) for __default_signal_display
    defsig_other.o(.text) refers to defsig_general.o(.text) for __default_signal_display


==============================================================================

Removing Unused input sections from the image.

    Removing stm32f10x_flash.o(.text), (1336 bytes).
    Removing core_cm3.o(.emb_text), (32 bytes).
    Removing system_stm32f10x.o(.constdata), (20 bytes).
    Removing mpu6050.o(.text), (370 bytes).
    Removing hmc5883l.o(.text), (248 bytes).
    Removing imu.o(.text), (3268 bytes).
    Removing imu.o(.data), (36 bytes).

7 unused section(s) (total 5310 bytes) removed from the image.

==============================================================================

Image Symbol Table

    Local Symbols

    Symbol Name                              Value     Ov Type        Size  Object(Section)

    ../../angel/boardlib.s                   0x00000000   Number         0  boardinit3.o ABSOLUTE
    ../../angel/boardlib.s                   0x00000000   Number         0  boardinit1.o ABSOLUTE
    ../../angel/boardlib.s                   0x00000000   Number         0  boardinit2.o ABSOLUTE
    ../../angel/boardlib.s                   0x00000000   Number         0  boardshut.o ABSOLUTE
    ../../angel/handlers.s                   0x00000000   Number         0  __scatter_copy.o ABSOLUTE
    ../../angel/handlers.s                   0x00000000   Number         0  __scatter_zi.o ABSOLUTE
    ../../angel/kernel.s                     0x00000000   Number         0  rtexit2.o ABSOLUTE
    ../../angel/kernel.s                     0x00000000   Number         0  rtexit.o ABSOLUTE
    ../../angel/kernel.s                     0x00000000   Number         0  rtentry.o ABSOLUTE
    ../../angel/kernel.s                     0x00000000   Number         0  rtentry4.o ABSOLUTE
    ../../angel/kernel.s                     0x00000000   Number         0  rtentry2.o ABSOLUTE
    ../../angel/rt.s                         0x00000000   Number         0  rt_fp_status_addr.o ABSOLUTE
    ../../angel/rt.s                         0x00000000   Number         0  rt_raise.o ABSOLUTE
    ../../angel/rt.s                         0x00000000   Number         0  rt_errno_addr.o ABSOLUTE
    ../../angel/rt.s                         0x00000000   Number         0  rt_fp_status_addr_intlibspace.o ABSOLUTE
    ../../angel/rt.s                         0x00000000   Number         0  rt_errno_addr_intlibspace.o ABSOLUTE
    ../../angel/scatter.s                    0x00000000   Number         0  __scatter.o ABSOLUTE
    ../../angel/startup.s                    0x00000000   Number         0  __main.o ABSOLUTE
    ../../angel/sys.s                        0x00000000   Number         0  libspace.o ABSOLUTE
    ../../angel/sys.s                        0x00000000   Number         0  sys_stackheap_outer.o ABSOLUTE
    ../../angel/sys.s                        0x00000000   Number         0  use_no_semi.o ABSOLUTE
    ../../angel/sysapp.c                     0x00000000   Number         0  sys_wrch.o ABSOLUTE
    ../../angel/sysapp.c                     0x00000000   Number         0  sys_command.o ABSOLUTE
    ../../angel/sysapp.c                     0x00000000   Number         0  sys_exit.o ABSOLUTE
    ../../armsys.c                           0x00000000   Number         0  argv_veneer.o ABSOLUTE
    ../../armsys.c                           0x00000000   Number         0  argv_veneer.o ABSOLUTE
    ../../armsys.c                           0x00000000   Number         0  no_argv.o ABSOLUTE
    ../../armsys.c                           0x00000000   Number         0  _get_argv_nomalloc.o ABSOLUTE
    ../../atan.c                             0x00000000   Number         0  atan_x.o ABSOLUTE
    ../../atan.c                             0x00000000   Number         0  atan.o ABSOLUTE
    ../../atan2.c                            0x00000000   Number         0  atan2.o ABSOLUTE
    ../../atan2.c                            0x00000000   Number         0  atan2_x.o ABSOLUTE
    ../../d2f.s                              0x00000000   Number         0  d2f.o ABSOLUTE
    ../../daddsub.s                          0x00000000   Number         0  daddsub_clz.o ABSOLUTE
    ../../dcheck1.s                          0x00000000   Number         0  dcheck1.o ABSOLUTE
    ../../dcmpi.s                            0x00000000   Number         0  dcmpi.o ABSOLUTE
    ../../ddiv.s                             0x00000000   Number         0  ddiv.o ABSOLUTE
    ../../dfix.s                             0x00000000   Number         0  dfix.o ABSOLUTE
    ../../dflt.s                             0x00000000   Number         0  dflt_clz.o ABSOLUTE
    ../../dleqf.s                            0x00000000   Number         0  dleqf.o ABSOLUTE
    ../../dmul.s                             0x00000000   Number         0  dmul.o ABSOLUTE
    ../../dnaninf.s                          0x00000000   Number         0  dnaninf.o ABSOLUTE
    ../../dretinf.s                          0x00000000   Number         0  dretinf.o ABSOLUTE
    ../../dsqrt.s                            0x00000000   Number         0  dsqrt_noumaal.o ABSOLUTE
    ../../dunder.c                           0x00000000   Number         0  dunder.o ABSOLUTE
    ../../f2d.s                              0x00000000   Number         0  f2d.o ABSOLUTE
    ../../faddsub.s                          0x00000000   Number         0  faddsub_clz.o ABSOLUTE
    ../../fcmpi.s                            0x00000000   Number         0  fcmpi.o ABSOLUTE
    ../../fdiv.s                             0x00000000   Number         0  fdiv.o ABSOLUTE
    ../../fenv.c                             0x00000000   Number         0  _rserrno.o ABSOLUTE
    ../../feqf.s                             0x00000000   Number         0  feqf.o ABSOLUTE
    ../../ffix.s                             0x00000000   Number         0  ffix.o ABSOLUTE
    ../../fflt.s                             0x00000000   Number         0  fflt_clz.o ABSOLUTE
    ../../fmul.s                             0x00000000   Number         0  fmul.o ABSOLUTE
    ../../fnaninf.s                          0x00000000   Number         0  fnaninf.o ABSOLUTE
    ../../fpclassify.c                       0x00000000   Number         0  fpclassify.o ABSOLUTE
    ../../fpinit.s                           0x00000000   Number         0  fpinit.o ABSOLUTE
    ../../fretinf.s                          0x00000000   Number         0  fretinf.o ABSOLUTE
    ../../heapalloc.c                        0x00000000   Number         0  hrguard.o ABSOLUTE
    ../../heapaux.c                          0x00000000   Number         0  heapauxi.o ABSOLUTE
    ../../libinit.s                          0x00000000   Number         0  libinit.o ABSOLUTE
    ../../libinit.s                          0x00000000   Number         0  libinit2.o ABSOLUTE
    ../../libinit.s                          0x00000000   Number         0  libshutdown.o ABSOLUTE
    ../../libinit.s                          0x00000000   Number         0  libshutdown2.o ABSOLUTE
    ../../poly.c                             0x00000000   Number         0  poly.o ABSOLUTE
    ../../qnan.c                             0x00000000   Number         0  qnan.o ABSOLUTE
    ../../retnan.s                           0x00000000   Number         0  retnan.o ABSOLUTE
    ../../scalbn.s                           0x00000000   Number         0  scalbn.o ABSOLUTE
    ../../signal.c                           0x00000000   Number         0  defsig_fpe_inner.o ABSOLUTE
    ../../signal.c                           0x00000000   Number         0  defsig_abrt_inner.o ABSOLUTE
    ../../signal.c                           0x00000000   Number         0  defsig_general.o ABSOLUTE
    ../../signal.c                           0x00000000   Number         0  defsig_rtmem_inner.o ABSOLUTE
    ../../signal.c                           0x00000000   Number         0  defsig_exit.o ABSOLUTE
    ../../signal.c                           0x00000000   Number         0  defsig_rtmem_formal.o ABSOLUTE
    ../../signal.c                           0x00000000   Number         0  defsig_rtmem_outer.o ABSOLUTE
    ../../signal.c                           0x00000000   Number         0  __raise.o ABSOLUTE
    ../../signal.c                           0x00000000   Number         0  defsig_cppl_inner.o ABSOLUTE
    ../../signal.c                           0x00000000   Number         0  defsig_segv_inner.o ABSOLUTE
    ../../signal.c                           0x00000000   Number         0  defsig_other.o ABSOLUTE
    ../../signal.c                           0x00000000   Number         0  defsig_pvfn_inner.o ABSOLUTE
    ../../signal.c                           0x00000000   Number         0  defsig_stak_inner.o ABSOLUTE
    ../../signal.c                           0x00000000   Number         0  defsig_rtred_inner.o ABSOLUTE
    ../../signal.s                           0x00000000   Number         0  defsig.o ABSOLUTE
    ../../sqrt.c                             0x00000000   Number         0  sqrt.o ABSOLUTE
    ../../sqrt.c                             0x00000000   Number         0  sqrt_x.o ABSOLUTE
    ../../stdlib.c                           0x00000000   Number         0  exit.o ABSOLUTE
    ../../trapv.s                            0x00000000   Number         0  trapv.o ABSOLUTE
    ../../usenofp.s                          0x00000000   Number         0  usenofp.o ABSOLUTE
    Libraries\CMSIS\Core\CM3\core_cm3.c      0x00000000   Number         0  core_cm3.o ABSOLUTE
    Libraries\CMSIS\Core\CM3\startup\arm\startup_stm32f10x_hd.s 0x00000000   Number         0  startup_stm32f10x_hd.o ABSOLUTE
    Libraries\CMSIS\Core\CM3\system_stm32f10x.c 0x00000000   Number         0  system_stm32f10x.o ABSOLUTE
    Libraries\STM32F10x_StdPeriph_Driver\src\misc.c 0x00000000   Number         0  misc.o ABSOLUTE
    Libraries\STM32F10x_StdPeriph_Driver\src\stm32f10x_flash.c 0x00000000   Number         0  stm32f10x_flash.o ABSOLUTE
    Libraries\STM32F10x_StdPeriph_Driver\src\stm32f10x_gpio.c 0x00000000   Number         0  stm32f10x_gpio.o ABSOLUTE
    Libraries\STM32F10x_StdPeriph_Driver\src\stm32f10x_rcc.c 0x00000000   Number         0  stm32f10x_rcc.o ABSOLUTE
    Libraries\STM32F10x_StdPeriph_Driver\src\stm32f10x_tim.c 0x00000000   Number         0  stm32f10x_tim.o ABSOLUTE
    Libraries\STM32F10x_StdPeriph_Driver\src\stm32f10x_usart.c 0x00000000   Number         0  stm32f10x_usart.o ABSOLUTE
    Libraries\STM32F10x_StdPeriph_Driver\src\stm32f10x_wwdg.c 0x00000000   Number         0  stm32f10x_wwdg.o ABSOLUTE
    Libraries\\CMSIS\\Core\\CM3\\core_cm3.c  0x00000000   Number         0  core_cm3.o ABSOLUTE
    SRC\algorithm\imu.c                      0x00000000   Number         0  imu.o ABSOLUTE
    SRC\driver\UARTs.c                       0x00000000   Number         0  uarts.o ABSOLUTE
    SRC\driver\delay.c                       0x00000000   Number         0  delay.o ABSOLUTE
    SRC\driver\hmc5883l.c                    0x00000000   Number         0  hmc5883l.o ABSOLUTE
    SRC\driver\ioi2c.c                       0x00000000   Number         0  ioi2c.o ABSOLUTE
    SRC\driver\motor.c                       0x00000000   Number         0  motor.o ABSOLUTE
    SRC\driver\mpu6050.c                     0x00000000   Number         0  mpu6050.o ABSOLUTE
    SRC\driver\timer.c                       0x00000000   Number         0  timer.o ABSOLUTE
    SRC\main.c                               0x00000000   Number         0  main.o ABSOLUTE
    SRC\stm32f10x_it.c                       0x00000000   Number         0  stm32f10x_it.o ABSOLUTE
    dc.s                                     0x00000000   Number         0  dc.o ABSOLUTE
    RESET                                    0x08000000   Section      304  startup_stm32f10x_hd.o(RESET)
    !!!main                                  0x08000130   Section        8  __main.o(!!!main)
    !!!scatter                               0x08000138   Section       52  __scatter.o(!!!scatter)
    !!handler_copy                           0x0800016c   Section       26  __scatter_copy.o(!!handler_copy)
    !!handler_zi                             0x08000188   Section       28  __scatter_zi.o(!!handler_zi)
    .ARM.Collect$$libinit$$00000000          0x080001a4   Section        6  libinit.o(.ARM.Collect$$libinit$$00000000)
    .ARM.Collect$$libinit$$00000006          0x080001aa   Section        0  libinit2.o(.ARM.Collect$$libinit$$00000006)
    .ARM.Collect$$libinit$$00000008          0x080001aa   Section        0  libinit2.o(.ARM.Collect$$libinit$$00000008)
    .ARM.Collect$$libinit$$0000000A          0x080001aa   Section        0  libinit2.o(.ARM.Collect$$libinit$$0000000A)
    .ARM.Collect$$libinit$$0000000D          0x080001aa   Section        0  libinit2.o(.ARM.Collect$$libinit$$0000000D)
    .ARM.Collect$$libinit$$0000000F          0x080001aa   Section        0  libinit2.o(.ARM.Collect$$libinit$$0000000F)
    .ARM.Collect$$libinit$$00000011          0x080001aa   Section        0  libinit2.o(.ARM.Collect$$libinit$$00000011)
    .ARM.Collect$$libinit$$00000013          0x080001aa   Section        0  libinit2.o(.ARM.Collect$$libinit$$00000013)
    .ARM.Collect$$libinit$$00000015          0x080001aa   Section        0  libinit2.o(.ARM.Collect$$libinit$$00000015)
    .ARM.Collect$$libinit$$00000017          0x080001aa   Section        0  libinit2.o(.ARM.Collect$$libinit$$00000017)
    .ARM.Collect$$libinit$$00000019          0x080001aa   Section        0  libinit2.o(.ARM.Collect$$libinit$$00000019)
    .ARM.Collect$$libinit$$0000001B          0x080001aa   Section        0  libinit2.o(.ARM.Collect$$libinit$$0000001B)
    .ARM.Collect$$libinit$$0000001D          0x080001aa   Section        0  libinit2.o(.ARM.Collect$$libinit$$0000001D)
    .ARM.Collect$$libinit$$0000001F          0x080001aa   Section        0  libinit2.o(.ARM.Collect$$libinit$$0000001F)
    .ARM.Collect$$libinit$$00000021          0x080001aa   Section        0  libinit2.o(.ARM.Collect$$libinit$$00000021)
    .ARM.Collect$$libinit$$00000028          0x080001aa   Section        0  libinit2.o(.ARM.Collect$$libinit$$00000028)
    .ARM.Collect$$libinit$$0000002A          0x080001aa   Section        0  libinit2.o(.ARM.Collect$$libinit$$0000002A)
    .ARM.Collect$$libinit$$0000002C          0x080001aa   Section        0  libinit2.o(.ARM.Collect$$libinit$$0000002C)
    .ARM.Collect$$libinit$$0000002E          0x080001aa   Section        0  libinit2.o(.ARM.Collect$$libinit$$0000002E)
    .ARM.Collect$$libinit$$0000002F          0x080001aa   Section        2  libinit2.o(.ARM.Collect$$libinit$$0000002F)
    .ARM.Collect$$libshutdown$$00000000      0x080001ac   Section        2  libshutdown.o(.ARM.Collect$$libshutdown$$00000000)
    .ARM.Collect$$libshutdown$$00000003      0x080001ae   Section        0  libshutdown2.o(.ARM.Collect$$libshutdown$$00000003)
    .ARM.Collect$$libshutdown$$00000006      0x080001ae   Section        0  libshutdown2.o(.ARM.Collect$$libshutdown$$00000006)
    .ARM.Collect$$libshutdown$$00000009      0x080001ae   Section        0  libshutdown2.o(.ARM.Collect$$libshutdown$$00000009)
    .ARM.Collect$$libshutdown$$0000000B      0x080001ae   Section        0  libshutdown2.o(.ARM.Collect$$libshutdown$$0000000B)
    .ARM.Collect$$libshutdown$$0000000E      0x080001ae   Section        0  libshutdown2.o(.ARM.Collect$$libshutdown$$0000000E)
    .ARM.Collect$$libshutdown$$0000000F      0x080001ae   Section        2  libshutdown2.o(.ARM.Collect$$libshutdown$$0000000F)
    .ARM.Collect$$rtentry$$00000000          0x080001b0   Section        0  rtentry.o(.ARM.Collect$$rtentry$$00000000)
    .ARM.Collect$$rtentry$$00000002          0x080001b0   Section        0  rtentry2.o(.ARM.Collect$$rtentry$$00000002)
    .ARM.Collect$$rtentry$$00000004          0x080001b0   Section        6  rtentry4.o(.ARM.Collect$$rtentry$$00000004)
    .ARM.Collect$$rtentry$$00000009          0x080001b6   Section        0  rtentry2.o(.ARM.Collect$$rtentry$$00000009)
    .ARM.Collect$$rtentry$$0000000A          0x080001b6   Section        4  rtentry2.o(.ARM.Collect$$rtentry$$0000000A)
    .ARM.Collect$$rtentry$$0000000C          0x080001ba   Section        0  rtentry2.o(.ARM.Collect$$rtentry$$0000000C)
    .ARM.Collect$$rtentry$$0000000D          0x080001ba   Section        8  rtentry2.o(.ARM.Collect$$rtentry$$0000000D)
    .ARM.Collect$$rtexit$$00000000           0x080001c2   Section        2  rtexit.o(.ARM.Collect$$rtexit$$00000000)
    .ARM.Collect$$rtexit$$00000002           0x080001c4   Section        0  rtexit2.o(.ARM.Collect$$rtexit$$00000002)
    .ARM.Collect$$rtexit$$00000003           0x080001c4   Section        4  rtexit2.o(.ARM.Collect$$rtexit$$00000003)
    .ARM.Collect$$rtexit$$00000004           0x080001c8   Section        6  rtexit2.o(.ARM.Collect$$rtexit$$00000004)
    .text                                    0x080001d0   Section        0  main.o(.text)
    .text                                    0x0800036c   Section        0  stm32f10x_it.o(.text)
    .text                                    0x08000388   Section        0  stm32f10x_rcc.o(.text)
    .text                                    0x0800072c   Section        0  stm32f10x_tim.o(.text)
    TI4_Config                               0x08000a1d   Thumb Code    68  stm32f10x_tim.o(.text)
    TI3_Config                               0x08000a73   Thumb Code    64  stm32f10x_tim.o(.text)
    TI2_Config                               0x08000ac9   Thumb Code    68  stm32f10x_tim.o(.text)
    TI1_Config                               0x08000b3d   Thumb Code    54  stm32f10x_tim.o(.text)
    .text                                    0x08001258   Section        0  stm32f10x_usart.o(.text)
    .text                                    0x08001600   Section        0  stm32f10x_wwdg.o(.text)
    .text                                    0x08001688   Section        0  misc.o(.text)
    .text                                    0x08001780   Section        0  stm32f10x_gpio.o(.text)
    .text                                    0x08001ab8   Section       76  startup_stm32f10x_hd.o(.text)
    .text                                    0x08001b04   Section        0  system_stm32f10x.o(.text)
    SetSysClockTo72                          0x08001b05   Thumb Code   198  system_stm32f10x.o(.text)
    SetSysClock                              0x08001bcb   Thumb Code     8  system_stm32f10x.o(.text)
    .text                                    0x08001c28   Section        0  uarts.o(.text)
    .text                                    0x08001d98   Section        0  delay.o(.text)
    .text                                    0x08001e38   Section        0  ioi2c.o(.text)
    .text                                    0x080020f8   Section        0  timer.o(.text)
    .text                                    0x080021d4   Section        0  motor.o(.text)
    .text                                    0x0800230c   Section        0  heapauxi.o(.text)
    .text                                    0x08002314   Section        8  libspace.o(.text)
    .text                                    0x0800231c   Section       74  sys_stackheap_outer.o(.text)
    .text                                    0x08002366   Section        0  exit.o(.text)
    .text                                    0x08002374   Section       12  rt_fp_status_addr_intlibspace.o(.text)
    .text                                    0x08002380   Section        0  sys_exit.o(.text)
    .text                                    0x0800238c   Section        2  use_no_semi.o(.text)
    x$fpl$fpinit                             0x0800238e   Section       14  fpinit.o(x$fpl$fpinit)
    .data                                    0x20000000   Section       14  main.o(.data)
    .data                                    0x2000000e   Section       20  stm32f10x_rcc.o(.data)
    APBAHBPrescTable                         0x2000000e   Data          16  stm32f10x_rcc.o(.data)
    ADCPrescTable                            0x2000001e   Data           4  stm32f10x_rcc.o(.data)
    .data                                    0x20000022   Section        2  uarts.o(.data)
    .data                                    0x20000024   Section        4  delay.o(.data)
    fac_us                                   0x20000024   Data           1  delay.o(.data)
    fac_ms                                   0x20000026   Data           2  delay.o(.data)
    .bss                                     0x20000028   Section      258  uarts.o(.bss)
    .bss                                     0x2000012c   Section       96  libspace.o(.bss)
    HEAP                                     0x20000190   Section      512  startup_stm32f10x_hd.o(HEAP)
    Heap_Mem                                 0x20000190   Data         512  startup_stm32f10x_hd.o(HEAP)
    STACK                                    0x20000390   Section     1024  startup_stm32f10x_hd.o(STACK)
    Stack_Mem                                0x20000390   Data        1024  startup_stm32f10x_hd.o(STACK)
    __initial_sp                             0x20000790   Data           0  startup_stm32f10x_hd.o(STACK)

    Global Symbols

    Symbol Name                              Value     Ov Type        Size  Object(Section)

    BuildAttributes$$THM_ISAv4$P$D$K$B$S$PE$A:L22UL41UL21$X:L11$S22US41US21$IEEE1$IW$USESV6$~STKCKD$USESV7$~SHL$OTIME$ROPI$IEEEX$EBA8$UX$STANDARDLIB$REQ8$PRES8$EABIv2 0x00000000   Number         0  anon$$obj.o ABSOLUTE
    __ARM_use_no_argv                        0x00000000   Number         0  main.o ABSOLUTE
    __ARM_exceptions_init                     - Undefined Weak Reference
    __alloca_initialize                       - Undefined Weak Reference
    __cpp_initialize__aeabi_                  - Undefined Weak Reference
    __cxa_finalize                            - Undefined Weak Reference
    __fpl_infinity                            - Undefined Weak Reference
    __rt_locale                               - Undefined Weak Reference
    __sigvec_lookup                           - Undefined Weak Reference
    _atexit_init                              - Undefined Weak Reference
    _call_atexit_fns                          - Undefined Weak Reference
    _clock_init                               - Undefined Weak Reference
    _fp_trap_init                             - Undefined Weak Reference
    _fp_trap_shutdown                         - Undefined Weak Reference
    _get_lc_collate                           - Undefined Weak Reference
    _get_lc_ctype                             - Undefined Weak Reference
    _get_lc_monetary                          - Undefined Weak Reference
    _get_lc_numeric                           - Undefined Weak Reference
    _get_lc_time                              - Undefined Weak Reference
    _getenv_init                              - Undefined Weak Reference
    _handle_redirection                       - Undefined Weak Reference
    _init_alloc                               - Undefined Weak Reference
    _init_user_alloc                          - Undefined Weak Reference
    _initio                                   - Undefined Weak Reference
    _rand_init                                - Undefined Weak Reference
    _signal_finish                            - Undefined Weak Reference
    _signal_init                              - Undefined Weak Reference
    _terminate_alloc                          - Undefined Weak Reference
    _terminate_user_alloc                     - Undefined Weak Reference
    _terminateio                              - Undefined Weak Reference
    __Vectors_Size                           0x00000130   Number         0  startup_stm32f10x_hd.o ABSOLUTE
    __Vectors                                0x08000000   Data           4  startup_stm32f10x_hd.o(RESET)
    __Vectors_End                            0x08000130   Data           0  startup_stm32f10x_hd.o(RESET)
    __main                                   0x08000131   Thumb Code     8  __main.o(!!!main)
    __scatterload                            0x08000139   Thumb Code     0  __scatter.o(!!!scatter)
    __scatterload_rt2                        0x08000139   Thumb Code    44  __scatter.o(!!!scatter)
    __scatterload_rt2_thumb_only             0x08000139   Thumb Code     0  __scatter.o(!!!scatter)
    __scatterload_null                       0x08000147   Thumb Code     0  __scatter.o(!!!scatter)
    __scatterload_copy                       0x0800016d   Thumb Code    26  __scatter_copy.o(!!handler_copy)
    __scatterload_zeroinit                   0x08000189   Thumb Code    28  __scatter_zi.o(!!handler_zi)
    __rt_lib_init                            0x080001a5   Thumb Code     0  libinit.o(.ARM.Collect$$libinit$$00000000)
    __rt_lib_init_alloca_1                   0x080001ab   Thumb Code     0  libinit2.o(.ARM.Collect$$libinit$$0000002A)
    __rt_lib_init_argv_1                     0x080001ab   Thumb Code     0  libinit2.o(.ARM.Collect$$libinit$$00000028)
    __rt_lib_init_atexit_1                   0x080001ab   Thumb Code     0  libinit2.o(.ARM.Collect$$libinit$$00000017)
    __rt_lib_init_clock_1                    0x080001ab   Thumb Code     0  libinit2.o(.ARM.Collect$$libinit$$0000001D)
    __rt_lib_init_cpp_1                      0x080001ab   Thumb Code     0  libinit2.o(.ARM.Collect$$libinit$$0000002E)
    __rt_lib_init_exceptions_1               0x080001ab   Thumb Code     0  libinit2.o(.ARM.Collect$$libinit$$0000002C)
    __rt_lib_init_fp_trap_1                  0x080001ab   Thumb Code     0  libinit2.o(.ARM.Collect$$libinit$$0000001B)
    __rt_lib_init_getenv_1                   0x080001ab   Thumb Code     0  libinit2.o(.ARM.Collect$$libinit$$0000001F)
    __rt_lib_init_heap_1                     0x080001ab   Thumb Code     0  libinit2.o(.ARM.Collect$$libinit$$00000006)
    __rt_lib_init_lc_collate_1               0x080001ab   Thumb Code     0  libinit2.o(.ARM.Collect$$libinit$$0000000D)
    __rt_lib_init_lc_ctype_1                 0x080001ab   Thumb Code     0  libinit2.o(.ARM.Collect$$libinit$$0000000F)
    __rt_lib_init_lc_monetary_1              0x080001ab   Thumb Code     0  libinit2.o(.ARM.Collect$$libinit$$00000011)
    __rt_lib_init_lc_numeric_1               0x080001ab   Thumb Code     0  libinit2.o(.ARM.Collect$$libinit$$00000013)
    __rt_lib_init_lc_time_1                  0x080001ab   Thumb Code     0  libinit2.o(.ARM.Collect$$libinit$$00000015)
    __rt_lib_init_rand_1                     0x080001ab   Thumb Code     0  libinit2.o(.ARM.Collect$$libinit$$0000000A)
    __rt_lib_init_return                     0x080001ab   Thumb Code     0  libinit2.o(.ARM.Collect$$libinit$$0000002F)
    __rt_lib_init_signal_1                   0x080001ab   Thumb Code     0  libinit2.o(.ARM.Collect$$libinit$$00000019)
    __rt_lib_init_stdio_1                    0x080001ab   Thumb Code     0  libinit2.o(.ARM.Collect$$libinit$$00000021)
    __rt_lib_init_user_alloc_1               0x080001ab   Thumb Code     0  libinit2.o(.ARM.Collect$$libinit$$00000008)
    __rt_lib_shutdown                        0x080001ad   Thumb Code     0  libshutdown.o(.ARM.Collect$$libshutdown$$00000000)
    __rt_lib_shutdown_fp_trap_1              0x080001af   Thumb Code     0  libshutdown2.o(.ARM.Collect$$libshutdown$$00000006)
    __rt_lib_shutdown_heap_1                 0x080001af   Thumb Code     0  libshutdown2.o(.ARM.Collect$$libshutdown$$0000000E)
    __rt_lib_shutdown_return                 0x080001af   Thumb Code     0  libshutdown2.o(.ARM.Collect$$libshutdown$$0000000F)
    __rt_lib_shutdown_signal_1               0x080001af   Thumb Code     0  libshutdown2.o(.ARM.Collect$$libshutdown$$00000009)
    __rt_lib_shutdown_stdio_1                0x080001af   Thumb Code     0  libshutdown2.o(.ARM.Collect$$libshutdown$$00000003)
    __rt_lib_shutdown_user_alloc_1           0x080001af   Thumb Code     0  libshutdown2.o(.ARM.Collect$$libshutdown$$0000000B)
    __rt_entry                               0x080001b1   Thumb Code     0  rtentry.o(.ARM.Collect$$rtentry$$00000000)
    __rt_entry_presh_1                       0x080001b1   Thumb Code     0  rtentry2.o(.ARM.Collect$$rtentry$$00000002)
    __rt_entry_sh                            0x080001b1   Thumb Code     0  rtentry4.o(.ARM.Collect$$rtentry$$00000004)
    __rt_entry_li                            0x080001b7   Thumb Code     0  rtentry2.o(.ARM.Collect$$rtentry$$0000000A)
    __rt_entry_postsh_1                      0x080001b7   Thumb Code     0  rtentry2.o(.ARM.Collect$$rtentry$$00000009)
    __rt_entry_main                          0x080001bb   Thumb Code     0  rtentry2.o(.ARM.Collect$$rtentry$$0000000D)
    __rt_entry_postli_1                      0x080001bb   Thumb Code     0  rtentry2.o(.ARM.Collect$$rtentry$$0000000C)
    __rt_exit                                0x080001c3   Thumb Code     0  rtexit.o(.ARM.Collect$$rtexit$$00000000)
    __rt_exit_ls                             0x080001c5   Thumb Code     0  rtexit2.o(.ARM.Collect$$rtexit$$00000003)
    __rt_exit_prels_1                        0x080001c5   Thumb Code     0  rtexit2.o(.ARM.Collect$$rtexit$$00000002)
    __rt_exit_exit                           0x080001c9   Thumb Code     0  rtexit2.o(.ARM.Collect$$rtexit$$00000004)
    out_int16_t                              0x080001d1   Thumb Code    48  main.o(.text)
    NVIC_Configuration                       0x08000201   Thumb Code    34  main.o(.text)
    GPIO_Configuration                       0x08000223   Thumb Code    90  main.o(.text)
    main                                     0x0800027d   Thumb Code   138  main.o(.text)
    WWDG_Configuration                       0x08000307   Thumb Code    40  main.o(.text)
    WWDG_IRQHandler                          0x0800032f   Thumb Code    14  main.o(.text)
    NMI_Handler                              0x0800036d   Thumb Code     2  stm32f10x_it.o(.text)
    HardFault_Handler                        0x0800036f   Thumb Code     4  stm32f10x_it.o(.text)
    MemManage_Handler                        0x08000373   Thumb Code     4  stm32f10x_it.o(.text)
    BusFault_Handler                         0x08000377   Thumb Code     4  stm32f10x_it.o(.text)
    UsageFault_Handler                       0x0800037b   Thumb Code     4  stm32f10x_it.o(.text)
    SVC_Handler                              0x0800037f   Thumb Code     2  stm32f10x_it.o(.text)
    DebugMon_Handler                         0x08000381   Thumb Code     2  stm32f10x_it.o(.text)
    PendSV_Handler                           0x08000383   Thumb Code     2  stm32f10x_it.o(.text)
    SysTick_Handler                          0x08000385   Thumb Code     2  stm32f10x_it.o(.text)
    RCC_DeInit                               0x08000389   Thumb Code    64  stm32f10x_rcc.o(.text)
    RCC_HSEConfig                            0x080003c9   Thumb Code    70  stm32f10x_rcc.o(.text)
    RCC_GetFlagStatus                        0x0800040f   Thumb Code    56  stm32f10x_rcc.o(.text)
    RCC_WaitForHSEStartUp                    0x08000447   Thumb Code    48  stm32f10x_rcc.o(.text)
    RCC_AdjustHSICalibrationValue            0x08000477   Thumb Code    20  stm32f10x_rcc.o(.text)
    RCC_HSICmd                               0x0800048b   Thumb Code     6  stm32f10x_rcc.o(.text)
    RCC_PLLConfig                            0x08000491   Thumb Code    24  stm32f10x_rcc.o(.text)
    RCC_PLLCmd                               0x080004a9   Thumb Code     6  stm32f10x_rcc.o(.text)
    RCC_SYSCLKConfig                         0x080004af   Thumb Code    18  stm32f10x_rcc.o(.text)
    RCC_GetSYSCLKSource                      0x080004c1   Thumb Code    10  stm32f10x_rcc.o(.text)
    RCC_HCLKConfig                           0x080004cb   Thumb Code    18  stm32f10x_rcc.o(.text)
    RCC_PCLK1Config                          0x080004dd   Thumb Code    18  stm32f10x_rcc.o(.text)
    RCC_PCLK2Config                          0x080004ef   Thumb Code    20  stm32f10x_rcc.o(.text)
    RCC_ITConfig                             0x08000503   Thumb Code    30  stm32f10x_rcc.o(.text)
    RCC_USBCLKConfig                         0x08000521   Thumb Code     6  stm32f10x_rcc.o(.text)
    RCC_ADCCLKConfig                         0x08000527   Thumb Code    18  stm32f10x_rcc.o(.text)
    RCC_LSEConfig                            0x08000539   Thumb Code    44  stm32f10x_rcc.o(.text)
    RCC_LSICmd                               0x08000565   Thumb Code     6  stm32f10x_rcc.o(.text)
    RCC_RTCCLKConfig                         0x0800056b   Thumb Code    12  stm32f10x_rcc.o(.text)
    RCC_RTCCLKCmd                            0x08000577   Thumb Code     6  stm32f10x_rcc.o(.text)
    RCC_GetClocksFreq                        0x0800057d   Thumb Code   192  stm32f10x_rcc.o(.text)
    RCC_AHBPeriphClockCmd                    0x0800063d   Thumb Code    26  stm32f10x_rcc.o(.text)
    RCC_APB2PeriphClockCmd                   0x08000657   Thumb Code    26  stm32f10x_rcc.o(.text)
    RCC_APB1PeriphClockCmd                   0x08000671   Thumb Code    26  stm32f10x_rcc.o(.text)
    RCC_APB2PeriphResetCmd                   0x0800068b   Thumb Code    26  stm32f10x_rcc.o(.text)
    RCC_APB1PeriphResetCmd                   0x080006a5   Thumb Code    26  stm32f10x_rcc.o(.text)
    RCC_BackupResetCmd                       0x080006bf   Thumb Code     6  stm32f10x_rcc.o(.text)
    RCC_ClockSecuritySystemCmd               0x080006c5   Thumb Code     6  stm32f10x_rcc.o(.text)
    RCC_MCOConfig                            0x080006cb   Thumb Code     6  stm32f10x_rcc.o(.text)
    RCC_ClearFlag                            0x080006d1   Thumb Code    14  stm32f10x_rcc.o(.text)
    RCC_GetITStatus                          0x080006df   Thumb Code    20  stm32f10x_rcc.o(.text)
    RCC_ClearITPendingBit                    0x080006f3   Thumb Code     6  stm32f10x_rcc.o(.text)
    TIM_DeInit                               0x0800072d   Thumb Code   196  stm32f10x_tim.o(.text)
    TIM_TimeBaseInit                         0x080007f1   Thumb Code    50  stm32f10x_tim.o(.text)
    TIM_OC1Init                              0x08000823   Thumb Code   110  stm32f10x_tim.o(.text)
    TIM_OC2Init                              0x08000891   Thumb Code   140  stm32f10x_tim.o(.text)
    TIM_OC3Init                              0x0800091d   Thumb Code   136  stm32f10x_tim.o(.text)
    TIM_OC4Init                              0x080009a5   Thumb Code    98  stm32f10x_tim.o(.text)
    TIM_SetIC4Prescaler                      0x08000a07   Thumb Code    22  stm32f10x_tim.o(.text)
    TIM_SetIC3Prescaler                      0x08000a61   Thumb Code    18  stm32f10x_tim.o(.text)
    TIM_SetIC2Prescaler                      0x08000ab3   Thumb Code    22  stm32f10x_tim.o(.text)
    TIM_SetIC1Prescaler                      0x08000b0d   Thumb Code    48  stm32f10x_tim.o(.text)
    TIM_ICInit                               0x08000b73   Thumb Code   110  stm32f10x_tim.o(.text)
    TIM_PWMIConfig                           0x08000be1   Thumb Code   124  stm32f10x_tim.o(.text)
    TIM_BDTRConfig                           0x08000c5d   Thumb Code    32  stm32f10x_tim.o(.text)
    TIM_TimeBaseStructInit                   0x08000c7d   Thumb Code    18  stm32f10x_tim.o(.text)
    TIM_OCStructInit                         0x08000c8f   Thumb Code    20  stm32f10x_tim.o(.text)
    TIM_ICStructInit                         0x08000ca3   Thumb Code    18  stm32f10x_tim.o(.text)
    TIM_BDTRStructInit                       0x08000cb5   Thumb Code    18  stm32f10x_tim.o(.text)
    TIM_Cmd                                  0x08000cc7   Thumb Code    24  stm32f10x_tim.o(.text)
    TIM_CtrlPWMOutputs                       0x08000cdf   Thumb Code    30  stm32f10x_tim.o(.text)
    TIM_ITConfig                             0x08000cfd   Thumb Code    24  stm32f10x_tim.o(.text)
    TIM_GenerateEvent                        0x08000d15   Thumb Code     4  stm32f10x_tim.o(.text)
    TIM_DMAConfig                            0x08000d19   Thumb Code    10  stm32f10x_tim.o(.text)
    TIM_DMACmd                               0x08000d23   Thumb Code    24  stm32f10x_tim.o(.text)
    TIM_InternalClockConfig                  0x08000d3b   Thumb Code    12  stm32f10x_tim.o(.text)
    TIM_SelectInputTrigger                   0x08000d47   Thumb Code    18  stm32f10x_tim.o(.text)
    TIM_ITRxExternalClockConfig              0x08000d59   Thumb Code    24  stm32f10x_tim.o(.text)
    TIM_TIxExternalClockConfig               0x08000d71   Thumb Code    62  stm32f10x_tim.o(.text)
    TIM_ETRConfig                            0x08000daf   Thumb Code    24  stm32f10x_tim.o(.text)
    TIM_ETRClockMode1Config                  0x08000dc7   Thumb Code    54  stm32f10x_tim.o(.text)
    TIM_ETRClockMode2Config                  0x08000dfd   Thumb Code    32  stm32f10x_tim.o(.text)
    TIM_PrescalerConfig                      0x08000e1d   Thumb Code     6  stm32f10x_tim.o(.text)
    TIM_CounterModeConfig                    0x08000e23   Thumb Code    18  stm32f10x_tim.o(.text)
    TIM_EncoderInterfaceConfig               0x08000e35   Thumb Code    62  stm32f10x_tim.o(.text)
    TIM_ForcedOC1Config                      0x08000e73   Thumb Code    18  stm32f10x_tim.o(.text)
    TIM_ForcedOC2Config                      0x08000e85   Thumb Code    22  stm32f10x_tim.o(.text)
    TIM_ForcedOC3Config                      0x08000e9b   Thumb Code    18  stm32f10x_tim.o(.text)
    TIM_ForcedOC4Config                      0x08000ead   Thumb Code    22  stm32f10x_tim.o(.text)
    TIM_ARRPreloadConfig                     0x08000ec3   Thumb Code    24  stm32f10x_tim.o(.text)
    TIM_SelectCOM                            0x08000edb   Thumb Code    24  stm32f10x_tim.o(.text)
    TIM_SelectCCDMA                          0x08000ef3   Thumb Code    24  stm32f10x_tim.o(.text)
    TIM_CCPreloadControl                     0x08000f0b   Thumb Code    24  stm32f10x_tim.o(.text)
    TIM_OC1PreloadConfig                     0x08000f23   Thumb Code    18  stm32f10x_tim.o(.text)
    TIM_OC2PreloadConfig                     0x08000f35   Thumb Code    22  stm32f10x_tim.o(.text)
    TIM_OC3PreloadConfig                     0x08000f4b   Thumb Code    18  stm32f10x_tim.o(.text)
    TIM_OC4PreloadConfig                     0x08000f5d   Thumb Code    22  stm32f10x_tim.o(.text)
    TIM_OC1FastConfig                        0x08000f73   Thumb Code    18  stm32f10x_tim.o(.text)
    TIM_OC2FastConfig                        0x08000f85   Thumb Code    22  stm32f10x_tim.o(.text)
    TIM_OC3FastConfig                        0x08000f9b   Thumb Code    18  stm32f10x_tim.o(.text)
    TIM_OC4FastConfig                        0x08000fad   Thumb Code    22  stm32f10x_tim.o(.text)
    TIM_ClearOC1Ref                          0x08000fc3   Thumb Code    18  stm32f10x_tim.o(.text)
    TIM_ClearOC2Ref                          0x08000fd5   Thumb Code    20  stm32f10x_tim.o(.text)
    TIM_ClearOC3Ref                          0x08000fe9   Thumb Code    18  stm32f10x_tim.o(.text)
    TIM_ClearOC4Ref                          0x08000ffb   Thumb Code    20  stm32f10x_tim.o(.text)
    TIM_OC1PolarityConfig                    0x0800100f   Thumb Code    18  stm32f10x_tim.o(.text)
    TIM_OC1NPolarityConfig                   0x08001021   Thumb Code    18  stm32f10x_tim.o(.text)
    TIM_OC2PolarityConfig                    0x08001033   Thumb Code    22  stm32f10x_tim.o(.text)
    TIM_OC2NPolarityConfig                   0x08001049   Thumb Code    22  stm32f10x_tim.o(.text)
    TIM_OC3PolarityConfig                    0x0800105f   Thumb Code    22  stm32f10x_tim.o(.text)
    TIM_OC3NPolarityConfig                   0x08001075   Thumb Code    22  stm32f10x_tim.o(.text)
    TIM_OC4PolarityConfig                    0x0800108b   Thumb Code    22  stm32f10x_tim.o(.text)
    TIM_CCxCmd                               0x080010a1   Thumb Code    34  stm32f10x_tim.o(.text)
    TIM_CCxNCmd                              0x080010c3   Thumb Code    34  stm32f10x_tim.o(.text)
    TIM_SelectOCxM                           0x080010e5   Thumb Code    86  stm32f10x_tim.o(.text)
    TIM_UpdateDisableConfig                  0x0800113b   Thumb Code    24  stm32f10x_tim.o(.text)
    TIM_UpdateRequestConfig                  0x08001153   Thumb Code    24  stm32f10x_tim.o(.text)
    TIM_SelectHallSensor                     0x0800116b   Thumb Code    24  stm32f10x_tim.o(.text)
    TIM_SelectOnePulseMode                   0x08001183   Thumb Code    18  stm32f10x_tim.o(.text)
    TIM_SelectOutputTrigger                  0x08001195   Thumb Code    18  stm32f10x_tim.o(.text)
    TIM_SelectSlaveMode                      0x080011a7   Thumb Code    18  stm32f10x_tim.o(.text)
    TIM_SelectMasterSlaveMode                0x080011b9   Thumb Code    18  stm32f10x_tim.o(.text)
    TIM_SetCounter                           0x080011cb   Thumb Code     4  stm32f10x_tim.o(.text)
    TIM_SetAutoreload                        0x080011cf   Thumb Code     4  stm32f10x_tim.o(.text)
    TIM_SetCompare1                          0x080011d3   Thumb Code     4  stm32f10x_tim.o(.text)
    TIM_SetCompare2                          0x080011d7   Thumb Code     4  stm32f10x_tim.o(.text)
    TIM_SetCompare3                          0x080011db   Thumb Code     4  stm32f10x_tim.o(.text)
    TIM_SetCompare4                          0x080011df   Thumb Code     6  stm32f10x_tim.o(.text)
    TIM_SetClockDivision                     0x080011e5   Thumb Code    14  stm32f10x_tim.o(.text)
    TIM_GetCapture1                          0x080011f3   Thumb Code     6  stm32f10x_tim.o(.text)
    TIM_GetCapture2                          0x080011f9   Thumb Code     6  stm32f10x_tim.o(.text)
    TIM_GetCapture3                          0x080011ff   Thumb Code     6  stm32f10x_tim.o(.text)
    TIM_GetCapture4                          0x08001205   Thumb Code     8  stm32f10x_tim.o(.text)
    TIM_GetCounter                           0x0800120d   Thumb Code     6  stm32f10x_tim.o(.text)
    TIM_GetPrescaler                         0x08001213   Thumb Code     6  stm32f10x_tim.o(.text)
    TIM_GetFlagStatus                        0x08001219   Thumb Code    18  stm32f10x_tim.o(.text)
    TIM_ClearFlag                            0x0800122b   Thumb Code     6  stm32f10x_tim.o(.text)
    TIM_GetITStatus                          0x08001231   Thumb Code    34  stm32f10x_tim.o(.text)
    TIM_ClearITPendingBit                    0x08001253   Thumb Code     6  stm32f10x_tim.o(.text)
    USART_DeInit                             0x08001259   Thumb Code   134  stm32f10x_usart.o(.text)
    USART_Init                               0x080012df   Thumb Code   156  stm32f10x_usart.o(.text)
    USART_StructInit                         0x0800137b   Thumb Code    24  stm32f10x_usart.o(.text)
    USART_ClockInit                          0x08001393   Thumb Code    34  stm32f10x_usart.o(.text)
    USART_ClockStructInit                    0x080013b5   Thumb Code    12  stm32f10x_usart.o(.text)
    USART_Cmd                                0x080013c1   Thumb Code    24  stm32f10x_usart.o(.text)
    USART_ITConfig                           0x080013d9   Thumb Code    74  stm32f10x_usart.o(.text)
    USART_DMACmd                             0x08001423   Thumb Code    24  stm32f10x_usart.o(.text)
    USART_SetAddress                         0x0800143b   Thumb Code    18  stm32f10x_usart.o(.text)
    USART_WakeUpConfig                       0x0800144d   Thumb Code    18  stm32f10x_usart.o(.text)
    USART_ReceiverWakeUpCmd                  0x0800145f   Thumb Code    24  stm32f10x_usart.o(.text)
    USART_LINBreakDetectLengthConfig         0x08001477   Thumb Code    18  stm32f10x_usart.o(.text)
    USART_LINCmd                             0x08001489   Thumb Code    24  stm32f10x_usart.o(.text)
    USART_SendData                           0x080014a1   Thumb Code     8  stm32f10x_usart.o(.text)
    USART_ReceiveData                        0x080014a9   Thumb Code    10  stm32f10x_usart.o(.text)
    USART_SendBreak                          0x080014b3   Thumb Code    10  stm32f10x_usart.o(.text)
    USART_SetGuardTime                       0x080014bd   Thumb Code    16  stm32f10x_usart.o(.text)
    USART_SetPrescaler                       0x080014cd   Thumb Code    16  stm32f10x_usart.o(.text)
    USART_SmartCardCmd                       0x080014dd   Thumb Code    24  stm32f10x_usart.o(.text)
    USART_SmartCardNACKCmd                   0x080014f5   Thumb Code    24  stm32f10x_usart.o(.text)
    USART_HalfDuplexCmd                      0x0800150d   Thumb Code    24  stm32f10x_usart.o(.text)
    USART_IrDAConfig                         0x08001525   Thumb Code    18  stm32f10x_usart.o(.text)
    USART_IrDACmd                            0x08001537   Thumb Code    24  stm32f10x_usart.o(.text)
    USART_GetFlagStatus                      0x0800154f   Thumb Code    26  stm32f10x_usart.o(.text)
    USART_ClearFlag                          0x08001569   Thumb Code    18  stm32f10x_usart.o(.text)
    USART_GetITStatus                        0x0800157b   Thumb Code    84  stm32f10x_usart.o(.text)
    USART_ClearITPendingBit                  0x080015cf   Thumb Code    30  stm32f10x_usart.o(.text)
    WWDG_DeInit                              0x08001601   Thumb Code    22  stm32f10x_wwdg.o(.text)
    WWDG_SetPrescaler                        0x08001617   Thumb Code    22  stm32f10x_wwdg.o(.text)
    WWDG_SetWindowValue                      0x0800162d   Thumb Code    26  stm32f10x_wwdg.o(.text)
    WWDG_EnableIT                            0x08001647   Thumb Code     8  stm32f10x_wwdg.o(.text)
    WWDG_SetCounter                          0x0800164f   Thumb Code    10  stm32f10x_wwdg.o(.text)
    WWDG_Enable                              0x08001659   Thumb Code    10  stm32f10x_wwdg.o(.text)
    WWDG_GetFlagStatus                       0x08001663   Thumb Code     8  stm32f10x_wwdg.o(.text)
    WWDG_ClearFlag                           0x0800166b   Thumb Code     8  stm32f10x_wwdg.o(.text)
    NVIC_PriorityGroupConfig                 0x08001689   Thumb Code    10  misc.o(.text)
    NVIC_Init                                0x08001693   Thumb Code   118  misc.o(.text)
    NVIC_SetVectorTable                      0x08001709   Thumb Code    12  misc.o(.text)
    NVIC_SystemLPConfig                      0x08001715   Thumb Code    38  misc.o(.text)
    SysTick_CLKSourceConfig                  0x0800173b   Thumb Code    40  misc.o(.text)
    GPIO_DeInit                              0x08001781   Thumb Code   172  stm32f10x_gpio.o(.text)
    GPIO_AFIODeInit                          0x0800182d   Thumb Code    20  stm32f10x_gpio.o(.text)
    GPIO_Init                                0x08001841   Thumb Code   274  stm32f10x_gpio.o(.text)
    GPIO_StructInit                          0x08001953   Thumb Code    16  stm32f10x_gpio.o(.text)
    GPIO_ReadInputDataBit                    0x08001963   Thumb Code    18  stm32f10x_gpio.o(.text)
    GPIO_ReadInputData                       0x08001975   Thumb Code     8  stm32f10x_gpio.o(.text)
    GPIO_ReadOutputDataBit                   0x0800197d   Thumb Code    18  stm32f10x_gpio.o(.text)
    GPIO_ReadOutputData                      0x0800198f   Thumb Code     8  stm32f10x_gpio.o(.text)
    GPIO_SetBits                             0x08001997   Thumb Code     4  stm32f10x_gpio.o(.text)
    GPIO_ResetBits                           0x0800199b   Thumb Code     4  stm32f10x_gpio.o(.text)
    GPIO_WriteBit                            0x0800199f   Thumb Code    10  stm32f10x_gpio.o(.text)
    GPIO_Write                               0x080019a9   Thumb Code     4  stm32f10x_gpio.o(.text)
    GPIO_PinLockConfig                       0x080019ad   Thumb Code    18  stm32f10x_gpio.o(.text)
    GPIO_EventOutputConfig                   0x080019bf   Thumb Code    26  stm32f10x_gpio.o(.text)
    GPIO_EventOutputCmd                      0x080019d9   Thumb Code     6  stm32f10x_gpio.o(.text)
    GPIO_PinRemapConfig                      0x080019df   Thumb Code   106  stm32f10x_gpio.o(.text)
    GPIO_EXTILineConfig                      0x08001a49   Thumb Code    66  stm32f10x_gpio.o(.text)
    GPIO_ETH_MediaInterfaceConfig            0x08001a8b   Thumb Code     6  stm32f10x_gpio.o(.text)
    SystemInit_ExtMemCtl                     0x08001ab9   Thumb Code     2  startup_stm32f10x_hd.o(.text)
    Reset_Handler                            0x08001abb   Thumb Code    14  startup_stm32f10x_hd.o(.text)
    ADC1_2_IRQHandler                        0x08001adb   Thumb Code     0  startup_stm32f10x_hd.o(.text)
    ADC3_IRQHandler                          0x08001adb   Thumb Code     0  startup_stm32f10x_hd.o(.text)
    CAN1_RX1_IRQHandler                      0x08001adb   Thumb Code     0  startup_stm32f10x_hd.o(.text)
    CAN1_SCE_IRQHandler                      0x08001adb   Thumb Code     0  startup_stm32f10x_hd.o(.text)
    DMA1_Channel1_IRQHandler                 0x08001adb   Thumb Code     0  startup_stm32f10x_hd.o(.text)
    DMA1_Channel2_IRQHandler                 0x08001adb   Thumb Code     0  startup_stm32f10x_hd.o(.text)
    DMA1_Channel3_IRQHandler                 0x08001adb   Thumb Code     0  startup_stm32f10x_hd.o(.text)
    DMA1_Channel4_IRQHandler                 0x08001adb   Thumb Code     0  startup_stm32f10x_hd.o(.text)
    DMA1_Channel5_IRQHandler                 0x08001adb   Thumb Code     0  startup_stm32f10x_hd.o(.text)
    DMA1_Channel6_IRQHandler                 0x08001adb   Thumb Code     0  startup_stm32f10x_hd.o(.text)
    DMA1_Channel7_IRQHandler                 0x08001adb   Thumb Code     0  startup_stm32f10x_hd.o(.text)
    DMA2_Channel1_IRQHandler                 0x08001adb   Thumb Code     0  startup_stm32f10x_hd.o(.text)
    DMA2_Channel2_IRQHandler                 0x08001adb   Thumb Code     0  startup_stm32f10x_hd.o(.text)
    DMA2_Channel3_IRQHandler                 0x08001adb   Thumb Code     0  startup_stm32f10x_hd.o(.text)
    DMA2_Channel4_5_IRQHandler               0x08001adb   Thumb Code     0  startup_stm32f10x_hd.o(.text)
    EXTI0_IRQHandler                         0x08001adb   Thumb Code     0  startup_stm32f10x_hd.o(.text)
    EXTI15_10_IRQHandler                     0x08001adb   Thumb Code     0  startup_stm32f10x_hd.o(.text)
    EXTI1_IRQHandler                         0x08001adb   Thumb Code     0  startup_stm32f10x_hd.o(.text)
    EXTI2_IRQHandler                         0x08001adb   Thumb Code     0  startup_stm32f10x_hd.o(.text)
    EXTI3_IRQHandler                         0x08001adb   Thumb Code     0  startup_stm32f10x_hd.o(.text)
    EXTI4_IRQHandler                         0x08001adb   Thumb Code     0  startup_stm32f10x_hd.o(.text)
    EXTI9_5_IRQHandler                       0x08001adb   Thumb Code     0  startup_stm32f10x_hd.o(.text)
    FLASH_IRQHandler                         0x08001adb   Thumb Code     0  startup_stm32f10x_hd.o(.text)
    FSMC_IRQHandler                          0x08001adb   Thumb Code     0  startup_stm32f10x_hd.o(.text)
    I2C1_ER_IRQHandler                       0x08001adb   Thumb Code     0  startup_stm32f10x_hd.o(.text)
    I2C1_EV_IRQHandler                       0x08001adb   Thumb Code     0  startup_stm32f10x_hd.o(.text)
    I2C2_ER_IRQHandler                       0x08001adb   Thumb Code     0  startup_stm32f10x_hd.o(.text)
    I2C2_EV_IRQHandler                       0x08001adb   Thumb Code     0  startup_stm32f10x_hd.o(.text)
    PVD_IRQHandler                           0x08001adb   Thumb Code     0  startup_stm32f10x_hd.o(.text)
    RCC_IRQHandler                           0x08001adb   Thumb Code     0  startup_stm32f10x_hd.o(.text)
    RTCAlarm_IRQHandler                      0x08001adb   Thumb Code     0  startup_stm32f10x_hd.o(.text)
    RTC_IRQHandler                           0x08001adb   Thumb Code     0  startup_stm32f10x_hd.o(.text)
    SDIO_IRQHandler                          0x08001adb   Thumb Code     0  startup_stm32f10x_hd.o(.text)
    SPI1_IRQHandler                          0x08001adb   Thumb Code     0  startup_stm32f10x_hd.o(.text)
    SPI2_IRQHandler                          0x08001adb   Thumb Code     0  startup_stm32f10x_hd.o(.text)
    SPI3_IRQHandler                          0x08001adb   Thumb Code     0  startup_stm32f10x_hd.o(.text)
    TAMPER_IRQHandler                        0x08001adb   Thumb Code     0  startup_stm32f10x_hd.o(.text)
    TIM1_BRK_IRQHandler                      0x08001adb   Thumb Code     0  startup_stm32f10x_hd.o(.text)
    TIM1_CC_IRQHandler                       0x08001adb   Thumb Code     0  startup_stm32f10x_hd.o(.text)
    TIM1_TRG_COM_IRQHandler                  0x08001adb   Thumb Code     0  startup_stm32f10x_hd.o(.text)
    TIM1_UP_IRQHandler                       0x08001adb   Thumb Code     0  startup_stm32f10x_hd.o(.text)
    TIM2_IRQHandler                          0x08001adb   Thumb Code     0  startup_stm32f10x_hd.o(.text)
    TIM3_IRQHandler                          0x08001adb   Thumb Code     0  startup_stm32f10x_hd.o(.text)
    TIM4_IRQHandler                          0x08001adb   Thumb Code     0  startup_stm32f10x_hd.o(.text)
    TIM5_IRQHandler                          0x08001adb   Thumb Code     0  startup_stm32f10x_hd.o(.text)
    TIM6_IRQHandler                          0x08001adb   Thumb Code     0  startup_stm32f10x_hd.o(.text)
    TIM7_IRQHandler                          0x08001adb   Thumb Code     0  startup_stm32f10x_hd.o(.text)
    TIM8_BRK_IRQHandler                      0x08001adb   Thumb Code     0  startup_stm32f10x_hd.o(.text)
    TIM8_CC_IRQHandler                       0x08001adb   Thumb Code     0  startup_stm32f10x_hd.o(.text)
    TIM8_TRG_COM_IRQHandler                  0x08001adb   Thumb Code     0  startup_stm32f10x_hd.o(.text)
    TIM8_UP_IRQHandler                       0x08001adb   Thumb Code     0  startup_stm32f10x_hd.o(.text)
    UART4_IRQHandler                         0x08001adb   Thumb Code     0  startup_stm32f10x_hd.o(.text)
    UART5_IRQHandler                         0x08001adb   Thumb Code     0  startup_stm32f10x_hd.o(.text)
    USART2_IRQHandler                        0x08001adb   Thumb Code     0  startup_stm32f10x_hd.o(.text)
    USART3_IRQHandler                        0x08001adb   Thumb Code     0  startup_stm32f10x_hd.o(.text)
    USBWakeUp_IRQHandler                     0x08001adb   Thumb Code     0  startup_stm32f10x_hd.o(.text)
    USB_HP_CAN1_TX_IRQHandler                0x08001adb   Thumb Code     0  startup_stm32f10x_hd.o(.text)
    USB_LP_CAN1_RX0_IRQHandler               0x08001adb   Thumb Code     0  startup_stm32f10x_hd.o(.text)
    __user_initial_stackheap                 0x08001add   Thumb Code     0  startup_stm32f10x_hd.o(.text)
    SystemInit                               0x08001bd3   Thumb Code    70  system_stm32f10x.o(.text)
    Initial_UART1                            0x08001c29   Thumb Code   120  uarts.o(.text)
    UART1_Put_Char                           0x08001ca1   Thumb Code    34  uarts.o(.text)
    UART1_Get_Char                           0x08001cc3   Thumb Code    24  uarts.o(.text)
    UART1_Put_String                         0x08001cdb   Thumb Code    46  uarts.o(.text)
    USART1_IRQHandler                        0x08001d09   Thumb Code   128  uarts.o(.text)
    delay_init                               0x08001d99   Thumb Code    44  delay.o(.text)
    delay_ms                                 0x08001dc5   Thumb Code    54  delay.o(.text)
    delay_us                                 0x08001dfb   Thumb Code    54  delay.o(.text)
    I2C_GPIO_Config                          0x08001e39   Thumb Code    56  ioi2c.o(.text)
    I2C_delay                                0x08001e71   Thumb Code    14  ioi2c.o(.text)
    delay5ms                                 0x08001e7f   Thumb Code    14  ioi2c.o(.text)
    I2C_Start                                0x08001e8d   Thumb Code    84  ioi2c.o(.text)
    I2C_Stop                                 0x08001ee1   Thumb Code    48  ioi2c.o(.text)
    I2C_Ack                                  0x08001f11   Thumb Code    48  ioi2c.o(.text)
    I2C_NoAck                                0x08001f41   Thumb Code    48  ioi2c.o(.text)
    I2C_WaitAck                              0x08001f71   Thumb Code    74  ioi2c.o(.text)
    I2C_SendByte                             0x08001fbb   Thumb Code    74  ioi2c.o(.text)
    I2C_ReadByte                             0x08002005   Thumb Code    74  ioi2c.o(.text)
    Single_Write                             0x0800204f   Thumb Code    70  ioi2c.o(.text)
    Single_Read                              0x08002095   Thumb Code    80  ioi2c.o(.text)
    Initial_Timer3                           0x080020f9   Thumb Code   186  timer.o(.text)
    micros                                   0x080021b3   Thumb Code    22  timer.o(.text)
    initMotor                                0x080021d5   Thumb Code   222  motor.o(.text)
    setPWM                                   0x080022b3   Thumb Code    82  motor.o(.text)
    __use_two_region_memory                  0x0800230d   Thumb Code     2  heapauxi.o(.text)
    __rt_heap_escrow$2region                 0x0800230f   Thumb Code     2  heapauxi.o(.text)
    __rt_heap_expand$2region                 0x08002311   Thumb Code     2  heapauxi.o(.text)
    __user_libspace                          0x08002315   Thumb Code     8  libspace.o(.text)
    __user_perproc_libspace                  0x08002315   Thumb Code     0  libspace.o(.text)
    __user_perthread_libspace                0x08002315   Thumb Code     0  libspace.o(.text)
    __user_setup_stackheap                   0x0800231d   Thumb Code    74  sys_stackheap_outer.o(.text)
    exit                                     0x08002367   Thumb Code    12  exit.o(.text)
    __rt_fp_status_addr                      0x08002375   Thumb Code    12  rt_fp_status_addr_intlibspace.o(.text)
    _sys_exit                                0x08002381   Thumb Code     8  sys_exit.o(.text)
    __I$use$semihosting                      0x0800238d   Thumb Code     0  use_no_semi.o(.text)
    __use_no_semihosting_swi                 0x0800238d   Thumb Code     2  use_no_semi.o(.text)
    _fp_init                                 0x0800238f   Thumb Code    14  fpinit.o(x$fpl$fpinit)
    __fplib_config_pureend_doubles           0x0800239b   Thumb Code     0  fpinit.o(x$fpl$fpinit)
    Region$$Table$$Base                      0x0800239c   Number         0  anon$$obj.o(Region$$Table)
    Region$$Table$$Limit                     0x080023bc   Number         0  anon$$obj.o(Region$$Table)
    GPIO_InitStructure                       0x20000000   Data           4  main.o(.data)
    HSEStartUpStatus                         0x20000004   Data           1  main.o(.data)
    system_microsec                          0x20000008   Data           4  main.o(.data)
    _hlt                                     0x2000000c   Data           2  main.o(.data)
    TxCounter                                0x20000022   Data           1  uarts.o(.data)
    count                                    0x20000023   Data           1  uarts.o(.data)
    TxBuffer                                 0x20000028   Data         258  uarts.o(.bss)
    __libspace_start                         0x2000012c   Data          96  libspace.o(.bss)
    __temporary_stack_top$libspace           0x2000018c   Data           0  libspace.o(.bss)



==============================================================================

Memory Map of the image

  Image Entry point : 0x08000131

  Load Region LR_IROM1 (Base: 0x08000000, Size: 0x000023e4, Max: 0x00010000, ABSOLUTE)

    Execution Region ER_IROM1 (Base: 0x08000000, Size: 0x000023bc, Max: 0x00010000, ABSOLUTE)

    Base Addr    Size         Type   Attr      Idx    E Section Name        Object

    0x08000000   0x00000130   Data   RO          192    RESET               startup_stm32f10x_hd.o
    0x08000130   0x00000008   Code   RO          391  * !!!main             c_w.l(__main.o)(c_w.l)
    0x08000138   0x00000034   Code   RO          674    !!!scatter          c_w.l(__scatter.o)(c_w.l)
    0x0800016c   0x0000001a   Code   RO          676    !!handler_copy      c_w.l(__scatter_copy.o)(c_w.l)
    0x08000186   0x00000002   PAD
    0x08000188   0x0000001c   Code   RO          678    !!handler_zi        c_w.l(__scatter_zi.o)(c_w.l)
    0x080001a4   0x00000006   Code   RO          543    .ARM.Collect$$libinit$$00000000  c_w.l(libinit.o)(c_w.l)
    0x080001aa   0x00000000   Code   RO          550    .ARM.Collect$$libinit$$00000006  c_w.l(libinit2.o)(c_w.l)
    0x080001aa   0x00000000   Code   RO          552    .ARM.Collect$$libinit$$00000008  c_w.l(libinit2.o)(c_w.l)
    0x080001aa   0x00000000   Code   RO          554    .ARM.Collect$$libinit$$0000000A  c_w.l(libinit2.o)(c_w.l)
    0x080001aa   0x00000000   Code   RO          557    .ARM.Collect$$libinit$$0000000D  c_w.l(libinit2.o)(c_w.l)
    0x080001aa   0x00000000   Code   RO          559    .ARM.Collect$$libinit$$0000000F  c_w.l(libinit2.o)(c_w.l)
    0x080001aa   0x00000000   Code   RO          561    .ARM.Collect$$libinit$$00000011  c_w.l(libinit2.o)(c_w.l)
    0x080001aa   0x00000000   Code   RO          563    .ARM.Collect$$libinit$$00000013  c_w.l(libinit2.o)(c_w.l)
    0x080001aa   0x00000000   Code   RO          565    .ARM.Collect$$libinit$$00000015  c_w.l(libinit2.o)(c_w.l)
    0x080001aa   0x00000000   Code   RO          567    .ARM.Collect$$libinit$$00000017  c_w.l(libinit2.o)(c_w.l)
    0x080001aa   0x00000000   Code   RO          569    .ARM.Collect$$libinit$$00000019  c_w.l(libinit2.o)(c_w.l)
    0x080001aa   0x00000000   Code   RO          571    .ARM.Collect$$libinit$$0000001B  c_w.l(libinit2.o)(c_w.l)
    0x080001aa   0x00000000   Code   RO          573    .ARM.Collect$$libinit$$0000001D  c_w.l(libinit2.o)(c_w.l)
    0x080001aa   0x00000000   Code   RO          575    .ARM.Collect$$libinit$$0000001F  c_w.l(libinit2.o)(c_w.l)
    0x080001aa   0x00000000   Code   RO          577    .ARM.Collect$$libinit$$00000021  c_w.l(libinit2.o)(c_w.l)
    0x080001aa   0x00000000   Code   RO          581    .ARM.Collect$$libinit$$00000028  c_w.l(libinit2.o)(c_w.l)
    0x080001aa   0x00000000   Code   RO          583    .ARM.Collect$$libinit$$0000002A  c_w.l(libinit2.o)(c_w.l)
    0x080001aa   0x00000000   Code   RO          585    .ARM.Collect$$libinit$$0000002C  c_w.l(libinit2.o)(c_w.l)
    0x080001aa   0x00000000   Code   RO          587    .ARM.Collect$$libinit$$0000002E  c_w.l(libinit2.o)(c_w.l)
    0x080001aa   0x00000002   Code   RO          588    .ARM.Collect$$libinit$$0000002F  c_w.l(libinit2.o)(c_w.l)
    0x080001ac   0x00000002   Code   RO          616    .ARM.Collect$$libshutdown$$00000000  c_w.l(libshutdown.o)(c_w.l)
    0x080001ae   0x00000000   Code   RO          629    .ARM.Collect$$libshutdown$$00000003  c_w.l(libshutdown2.o)(c_w.l)
    0x080001ae   0x00000000   Code   RO          632    .ARM.Collect$$libshutdown$$00000006  c_w.l(libshutdown2.o)(c_w.l)
    0x080001ae   0x00000000   Code   RO          635    .ARM.Collect$$libshutdown$$00000009  c_w.l(libshutdown2.o)(c_w.l)
    0x080001ae   0x00000000   Code   RO          637    .ARM.Collect$$libshutdown$$0000000B  c_w.l(libshutdown2.o)(c_w.l)
    0x080001ae   0x00000000   Code   RO          640    .ARM.Collect$$libshutdown$$0000000E  c_w.l(libshutdown2.o)(c_w.l)
    0x080001ae   0x00000002   Code   RO          641    .ARM.Collect$$libshutdown$$0000000F  c_w.l(libshutdown2.o)(c_w.l)
    0x080001b0   0x00000000   Code   RO          469    .ARM.Collect$$rtentry$$00000000  c_w.l(rtentry.o)(c_w.l)
    0x080001b0   0x00000000   Code   RO          504    .ARM.Collect$$rtentry$$00000002  c_w.l(rtentry2.o)(c_w.l)
    0x080001b0   0x00000006   Code   RO          519    .ARM.Collect$$rtentry$$00000004  c_w.l(rtentry4.o)(c_w.l)
    0x080001b6   0x00000000   Code   RO          506    .ARM.Collect$$rtentry$$00000009  c_w.l(rtentry2.o)(c_w.l)
    0x080001b6   0x00000004   Code   RO          507    .ARM.Collect$$rtentry$$0000000A  c_w.l(rtentry2.o)(c_w.l)
    0x080001ba   0x00000000   Code   RO          509    .ARM.Collect$$rtentry$$0000000C  c_w.l(rtentry2.o)(c_w.l)
    0x080001ba   0x00000008   Code   RO          510    .ARM.Collect$$rtentry$$0000000D  c_w.l(rtentry2.o)(c_w.l)
    0x080001c2   0x00000002   Code   RO          546    .ARM.Collect$$rtexit$$00000000  c_w.l(rtexit.o)(c_w.l)
    0x080001c4   0x00000000   Code   RO          594    .ARM.Collect$$rtexit$$00000002  c_w.l(rtexit2.o)(c_w.l)
    0x080001c4   0x00000004   Code   RO          595    .ARM.Collect$$rtexit$$00000003  c_w.l(rtexit2.o)(c_w.l)
    0x080001c8   0x00000006   Code   RO          596    .ARM.Collect$$rtexit$$00000004  c_w.l(rtexit2.o)(c_w.l)
    0x080001ce   0x00000002   PAD
    0x080001d0   0x0000019c   Code   RO            1    .text               main.o
    0x0800036c   0x0000001a   Code   RO           86    .text               stm32f10x_it.o
    0x08000386   0x00000002   PAD
    0x08000388   0x000003a4   Code   RO          101    .text               stm32f10x_rcc.o
    0x0800072c   0x00000b2c   Code   RO          115    .text               stm32f10x_tim.o
    0x08001258   0x000003a8   Code   RO          127    .text               stm32f10x_usart.o
    0x08001600   0x00000088   Code   RO          139    .text               stm32f10x_wwdg.o
    0x08001688   0x000000f8   Code   RO          151    .text               misc.o
    0x08001780   0x00000338   Code   RO          163    .text               stm32f10x_gpio.o
    0x08001ab8   0x0000004c   Code   RO          193    .text               startup_stm32f10x_hd.o
    0x08001b04   0x00000124   Code   RO          208    .text               system_stm32f10x.o
    0x08001c28   0x00000170   Code   RO          235    .text               uarts.o
    0x08001d98   0x000000a0   Code   RO          254    .text               delay.o
    0x08001e38   0x000002c0   Code   RO          271    .text               ioi2c.o
    0x080020f8   0x000000dc   Code   RO          316    .text               timer.o
    0x080021d4   0x00000138   Code   RO          331    .text               motor.o
    0x0800230c   0x00000006   Code   RO          389    .text               c_w.l(heapauxi.o)(c_w.l)
    0x08002312   0x00000002   PAD
    0x08002314   0x00000008   Code   RO          530    .text               c_w.l(libspace.o)(c_w.l)
    0x0800231c   0x0000004a   Code   RO          533    .text               c_w.l(sys_stackheap_outer.o)(c_w.l)
    0x08002366   0x0000000c   Code   RO          535    .text               c_w.l(exit.o)(c_w.l)
    0x08002372   0x00000002   PAD
    0x08002374   0x0000000c   Code   RO          604    .text               c_w.l(rt_fp_status_addr_intlibspace.o)(c_w.l)
    0x08002380   0x0000000c   Code   RO          608    .text               c_w.l(sys_exit.o)(c_w.l)
    0x0800238c   0x00000002   Code   RO          619    .text               c_w.l(use_no_semi.o)(c_w.l)
    0x0800238e   0x0000000e   Code   RO          589    x$fpl$fpinit        fz_ws.l(fpinit.o)(fz_ws.l)
    0x0800239c   0x00000020   Data   RO          672    Region$$Table       anon$$obj.o


    Execution Region RW_IRAM1 (Base: 0x20000000, Size: 0x00000790, Max: 0x00005000, ABSOLUTE)

    Base Addr    Size         Type   Attr      Idx    E Section Name        Object

    0x20000000   0x0000000e   Data   RW            2    .data               main.o
    0x2000000e   0x00000014   Data   RW          102    .data               stm32f10x_rcc.o
    0x20000022   0x00000002   Data   RW          237    .data               uarts.o
    0x20000024   0x00000004   Data   RW          255    .data               delay.o
    0x20000028   0x00000102   Zero   RW          236    .bss                uarts.o
    0x2000012a   0x00000002   PAD
    0x2000012c   0x00000060   Zero   RW          531    .bss                c_w.l(libspace.o)(c_w.l)
    0x2000018c   0x00000004   PAD
    0x20000190   0x00000200   Zero   RW          191    HEAP                startup_stm32f10x_hd.o
    0x20000390   0x00000400   Zero   RW          190    STACK               startup_stm32f10x_hd.o


==============================================================================

Image component sizes


      Code (inc. data)   RO Data    RW Data    ZI Data      Debug   Object Name

       160          8          0          4          0          0   delay.o
       704         20          0          0          0          0   ioi2c.o
       412         48          0         14          0          0   main.o
       248         30          0          0          0          0   misc.o
       312          8          0          0          0          0   motor.o
        76         30        304          0       1536          0   startup_stm32f10x_hd.o
       824         40          0          0          0          0   stm32f10x_gpio.o
        26          0          0          0          0          0   stm32f10x_it.o
       932         52          0         20          0          0   stm32f10x_rcc.o
      2860         30          0          0          0          0   stm32f10x_tim.o
       936         20          0          0          0          0   stm32f10x_usart.o
       136         22          0          0          0          0   stm32f10x_wwdg.o
       292         16          0          0          0          0   system_stm32f10x.o
       220         12          0          0          0          0   timer.o
       368         16          0          2        258          0   uarts.o

    ----------------------------------------------------------------------
      8508        352        336         40       1796          0   Object Totals
         0          0         32          0          0          0   (incl. Generated)
         2          0          0          0          2          2   (incl. Padding)

    ----------------------------------------------------------------------

      Code (inc. data)   RO Data    RW Data    ZI Data      Debug   Library Member Name

         8          0          0          0          0          0   __main.o
        52          8          0          0          0          0   __scatter.o
        26          0          0          0          0          0   __scatter_copy.o
        28          0          0          0          0          0   __scatter_zi.o
        12          0          0          0          0          0   exit.o
         6          0          0          0          0          0   heapauxi.o
         6          0          0          0          0          0   libinit.o
         2          0          0          0          0          0   libinit2.o
         2          0          0          0          0          0   libshutdown.o
         2          0          0          0          0          0   libshutdown2.o
         8          4          0          0         96          0   libspace.o
        12          4          0          0          0          0   rt_fp_status_addr_intlibspace.o
         0          0          0          0          0          0   rtentry.o
        12          0          0          0          0          0   rtentry2.o
         6          0          0          0          0          0   rtentry4.o
         2          0          0          0          0          0   rtexit.o
        10          0          0          0          0          0   rtexit2.o
        12          4          0          0          0          0   sys_exit.o
        74          0          0          0          0          0   sys_stackheap_outer.o
         2          0          0          0          0          0   use_no_semi.o
        14          0          0          0          0          0   fpinit.o

    ----------------------------------------------------------------------
       304         20          0          0        100          0   Library Totals
         8          0          0          0          4          0   (incl. Padding)

    ----------------------------------------------------------------------

      Code (inc. data)   RO Data    RW Data    ZI Data      Debug   Library Name

       282         20          0          0         96        640   c_w.l
        14          0          0          0          0         76   fz_ws.l

    ----------------------------------------------------------------------
       304         20          0          0        100          0   Library Totals

    ----------------------------------------------------------------------

==============================================================================


      Code (inc. data)   RO Data    RW Data    ZI Data      Debug   

      8812        372        336         40       1896     306976   Grand Totals
      8812        372        336         40       1896     306976   ELF Image Totals
      8812        372        336         40          0          0   ROM Totals

==============================================================================

    Total RO  Size (Code + RO Data)                 9148 (   8.93kB)
    Total RW  Size (RW Data + ZI Data)              1936 (   1.89kB)
    Total ROM Size (Code + RO Data + RW Data)       9188 (   8.97kB)

==============================================================================

