ARM Linker, 4.1 [Build 481] [Standard]

==============================================================================

Section Cross References

    main.o(.text) refers to uarts.o(.text) for UART1_Put_Char
    main.o(.text) refers to misc.o(.text) for NVIC_Init
    main.o(.text) refers to stm32f10x_rcc.o(.text) for RCC_APB2PeriphClockCmd
    main.o(.text) refers to stm32f10x_gpio.o(.text) for GPIO_Init
    main.o(.text) refers to system_stm32f10x.o(.text) for SystemInit
    main.o(.text) refers to delay.o(.text) for delay_init
    main.o(.text) refers to stm32_i2c.o(.text) for i2cInit
    main.o(.text) refers to mpu6050.o(.text) for MPU6050_INIT
    main.o(.text) refers to timer.o(.text) for Initial_TimerTick
    main.o(.text) refers to motor.o(.text) for initMotor
    main.o(.text) refers to control.o(.text) for PID_INIT
    main.o(.text) refers to imu.o(.text) for IMU_DataPrepare
    main.o(.text) refers to fmul.o(x$fpl$fmul) for __aeabi_fmul
    main.o(.text) refers to ffix.o(x$fpl$ffix) for __aeabi_f2iz
    main.o(.text) refers to stm32f10x_wwdg.o(.text) for WWDG_SetPrescaler
    main.o(.text) refers to main.o(.data) for system_microsec
    main.o(.text) refers to imu.o(.bss) for Q_ANGLE
    stm32f10x_rcc.o(.text) refers to stm32f10x_rcc.o(.data) for APBAHBPrescTable
    stm32f10x_tim.o(.text) refers to stm32f10x_rcc.o(.text) for RCC_APB2PeriphResetCmd
    stm32f10x_usart.o(.text) refers to stm32f10x_rcc.o(.text) for RCC_APB2PeriphResetCmd
    stm32f10x_wwdg.o(.text) refers to stm32f10x_rcc.o(.text) for RCC_APB1PeriphResetCmd
    stm32f10x_gpio.o(.text) refers to stm32f10x_rcc.o(.text) for RCC_APB2PeriphResetCmd
    stm32f10x_i2c.o(.text) refers to stm32f10x_rcc.o(.text) for RCC_APB1PeriphResetCmd
    startup_stm32f10x_hd.o(STACK) refers (Special) to heapauxi.o(.text) for __use_two_region_memory
    startup_stm32f10x_hd.o(HEAP) refers (Special) to heapauxi.o(.text) for __use_two_region_memory
    startup_stm32f10x_hd.o(RESET) refers (Special) to heapauxi.o(.text) for __use_two_region_memory
    startup_stm32f10x_hd.o(RESET) refers to startup_stm32f10x_hd.o(.text) for Reset_Handler
    startup_stm32f10x_hd.o(RESET) refers to stm32f10x_it.o(.text) for NMI_Handler
    startup_stm32f10x_hd.o(RESET) refers to main.o(.text) for WWDG_IRQHandler
    startup_stm32f10x_hd.o(RESET) refers to uarts.o(.text) for USART1_IRQHandler
    startup_stm32f10x_hd.o(.text) refers (Special) to heapauxi.o(.text) for __use_two_region_memory
    startup_stm32f10x_hd.o(.text) refers to startup_stm32f10x_hd.o(STACK) for __initial_sp
    startup_stm32f10x_hd.o(.text) refers to __main.o(!!!main) for __main
    startup_stm32f10x_hd.o(.text) refers to startup_stm32f10x_hd.o(HEAP) for Heap_Mem
    uarts.o(.text) refers to stm32f10x_rcc.o(.text) for RCC_APB2PeriphClockCmd
    uarts.o(.text) refers to stm32f10x_usart.o(.text) for USART_ClockInit
    uarts.o(.text) refers to uarts.o(.data) for count
    uarts.o(.text) refers to uarts.o(.bss) for TxBuffer
    uarts.o(.text) refers to main.o(.data) for baseThr
    uarts.o(.text) refers to control.o(.bss) for PID_RP
    delay.o(.text) refers to delay.o(.data) for fac_us
    ioi2c.o(.text) refers to stm32f10x_gpio.o(.text) for GPIO_Init
    mpu6050.o(.text) refers to stm32_i2c.o(.text) for i2cRead
    mpu6050.o(.text) refers to delay.o(.text) for delay_ms
    mpu6050.o(.text) refers to mpu6050.o(.bss) for mpu6050_buffer
    mpu6050.o(.text) refers to mpu6050.o(.data) for ACC_OFFSET
    hmc5883l.o(.text) refers to ioi2c.o(.text) for Single_Write
    hmc5883l.o(.text) refers to delay.o(.text) for delay_ms
    timer.o(.text) refers to stm32f10x_rcc.o(.text) for RCC_APB1PeriphClockCmd
    timer.o(.text) refers to stm32f10x_tim.o(.text) for TIM_TimeBaseStructInit
    motor.o(.text) refers to stm32f10x_rcc.o(.text) for RCC_APB2PeriphClockCmd
    motor.o(.text) refers to stm32f10x_gpio.o(.text) for GPIO_Init
    motor.o(.text) refers to stm32f10x_tim.o(.text) for TIM_TimeBaseInit
    stm32_i2c.o(.text) refers to stm32f10x_gpio.o(.text) for GPIO_Init
    imu.o(.text) refers to timer.o(.text) for micros
    imu.o(.text) refers to fflt_clz.o(x$fpl$ffltu) for __aeabi_ui2f
    imu.o(.text) refers to fdiv.o(x$fpl$fdiv) for __aeabi_fdiv
    imu.o(.text) refers to dflt_clz.o(x$fpl$dflt) for __aeabi_i2d
    imu.o(.text) refers to dmul.o(x$fpl$dmul) for __aeabi_dmul
    imu.o(.text) refers to d2f.o(x$fpl$d2f) for __aeabi_d2f
    imu.o(.text) refers to fmul.o(x$fpl$fmul) for __aeabi_fmul
    imu.o(.text) refers to faddsub_clz.o(x$fpl$fadd) for __aeabi_fadd
    imu.o(.text) refers to f2d.o(x$fpl$f2d) for __aeabi_f2d
    imu.o(.text) refers to sqrt.o(i.sqrt) for sqrt
    imu.o(.text) refers to fleqf.o(x$fpl$fleqf) for __aeabi_cfcmple
    imu.o(.text) refers to frleqf.o(x$fpl$frleqf) for __aeabi_cfrcmple
    imu.o(.text) refers to faddsub_clz.o(x$fpl$fsub) for __aeabi_fsub
    imu.o(.text) refers to imu.o(.data) for IMU_CYCTIME_F
    imu.o(.text) refers to mpu6050.o(.data) for MPU6050_ACC_LAST
[...]
    ../../signal.c                           0x00000000   Number         0  defsig_pvfn_inner.o ABSOLUTE
    ../../signal.c                           0x00000000   Number         0  defsig_fpe_inner.o ABSOLUTE
    ../../signal.c                           0x00000000   Number         0  defsig_exit.o ABSOLUTE
    ../../signal.c                           0x00000000   Number         0  defsig_cppl_inner.o ABSOLUTE
    ../../signal.c                           0x00000000   Number         0  defsig_stak_inner.o ABSOLUTE
    ../../signal.c                           0x00000000   Number         0  defsig_abrt_inner.o ABSOLUTE
    ../../signal.c                           0x00000000   Number         0  defsig_rtred_inner.o ABSOLUTE
    ../../signal.c                           0x00000000   Number         0  __raise.o ABSOLUTE
    ../../signal.c                           0x00000000   Number         0  defsig_rtmem_inner.o ABSOLUTE
    ../../signal.c                           0x00000000   Number         0  defsig_segv_inner.o ABSOLUTE
    ../../signal.c                           0x00000000   Number         0  defsig_general.o ABSOLUTE
    ../../signal.c                           0x00000000   Number         0  defsig_rtmem_formal.o ABSOLUTE
    ../../signal.c                           0x00000000   Number         0  defsig_rtmem_outer.o ABSOLUTE
    ../../signal.c                           0x00000000   Number         0  defsig_other.o ABSOLUTE
    ../../signal.s                           0x00000000   Number         0  defsig.o ABSOLUTE
    ../../sqrt.c                             0x00000000   Number         0  sqrt.o ABSOLUTE
    ../../sqrt.c                             0x00000000   Number         0  sqrt_x.o ABSOLUTE
    ../../stdlib.c                           0x00000000   Number         0  exit.o ABSOLUTE
    ../../trapv.s                            0x00000000   Number         0  trapv.o ABSOLUTE
    ../../usenofp.s                          0x00000000   Number         0  usenofp.o ABSOLUTE
    Libraries\CMSIS\Core\CM3\core_cm3.c      0x00000000   Number         0  core_cm3.o ABSOLUTE
    Libraries\CMSIS\Core\CM3\startup\arm\startup_stm32f10x_hd.s 0x00000000   Number         0  startup_stm32f10x_hd.o ABSOLUTE
    Libraries\CMSIS\Core\CM3\system_stm32f10x.c 0x00000000   Number         0  system_stm32f10x.o ABSOLUTE
    Libraries\STM32F10x_StdPeriph_Driver\src\misc.c 0x00000000   Number         0  misc.o ABSOLUTE
    Libraries\STM32F10x_StdPeriph_Driver\src\stm32f10x_flash.c 0x00000000   Number         0  stm32f10x_flash.o ABSOLUTE
    Libraries\STM32F10x_StdPeriph_Driver\src\stm32f10x_gpio.c 0x00000000   Number         0  stm32f10x_gpio.o ABSOLUTE
    Libraries\STM32F10x_StdPeriph_Driver\src\stm32f10x_i2c.c 0x00000000   Number         0  stm32f10x_i2c.o ABSOLUTE
    Libraries\STM32F10x_StdPeriph_Driver\src\stm32f10x_rcc.c 0x00000000   Number         0  stm32f10x_rcc.o ABSOLUTE
    Libraries\STM32F10x_StdPeriph_Driver\src\stm32f10x_tim.c 0x00000000   Number         0  stm32f10x_tim.o ABSOLUTE
    Libraries\STM32F10x_StdPeriph_Driver\src\stm32f10x_usart.c 0x00000000   Number         0  stm32f10x_usart.o ABSOLUTE
    Libraries\STM32F10x_StdPeriph_Driver\src\stm32f10x_wwdg.c 0x00000000   Number         0  stm32f10x_wwdg.o ABSOLUTE
    Libraries\\CMSIS\\Core\\CM3\\core_cm3.c  0x00000000   Number         0  core_cm3.o ABSOLUTE
    SRC\algorithm\control.c                  0x00000000   Number         0  control.o ABSOLUTE
    SRC\algorithm\imu.c                      0x00000000   Number         0  imu.o ABSOLUTE
    SRC\driver\STM32_I2C.c                   0x00000000   Number         0  stm32_i2c.o ABSOLUTE
    SRC\driver\UARTs.c                       0x00000000   Number         0  uarts.o ABSOLUTE
    SRC\driver\delay.c                       0x00000000   Number         0  delay.o ABSOLUTE
    SRC\driver\hmc5883l.c                    0x00000000   Number         0  hmc5883l.o ABSOLUTE
    SRC\driver\ioi2c.c                       0x00000000   Number         0  ioi2c.o ABSOLUTE
    SRC\driver\motor.c                       0x00000000   Number         0  motor.o ABSOLUTE
    SRC\driver\mpu6050.c                     0x00000000   Number         0  mpu6050.o ABSOLUTE
    SRC\driver\timer.c                       0x00000000   Number         0  timer.o ABSOLUTE
    SRC\main.c                               0x00000000   Number         0  main.o ABSOLUTE
    SRC\stm32f10x_it.c                       0x00000000   Number         0  stm32f10x_it.o ABSOLUTE
    dc.s                                     0x00000000   Number         0  dc.o ABSOLUTE
    RESET                                    0x08000000   Section      304  startup_stm32f10x_hd.o(RESET)
    !!!main                                  0x08000130   Section        8  __main.o(!!!main)
    !!!scatter                               0x08000138   Section       52  __scatter.o(!!!scatter)
    !!handler_copy                           0x0800016c   Section       26  __scatter_copy.o(!!handler_copy)
    !!handler_zi                             0x08000188   Section       28  __scatter_zi.o(!!handler_zi)
    .ARM.Collect$$libinit$$00000000          0x080001a4   Section        6  libinit.o(.ARM.Collect$$libinit$$00000000)
    .ARM.Collect$$libinit$$00000006          0x080001aa   Section        0  libinit2.o(.ARM.Collect$$libinit$$00000006)
    .ARM.Collect$$libinit$$00000008          0x080001aa   Section        0  libinit2.o(.ARM.Collect$$libinit$$00000008)
    .ARM.Collect$$libinit$$0000000A          0x080001aa   Section        0  libinit2.o(.ARM.Collect$$libinit$$0000000A)
    .ARM.Collect$$libinit$$0000000D          0x080001aa   Section        0  libinit2.o(.ARM.Collect$$libinit$$0000000D)
    .ARM.Collect$$libinit$$0000000F          0x080001aa   Section        0  libinit2.o(.ARM.Collect$$libinit$$0000000F)
    .ARM.Collect$$libinit$$00000011          0x080001aa   Section        0  libinit2.o(.ARM.Collect$$libinit$$00000011)
    .ARM.Collect$$libinit$$00000013          0x080001aa   Section        0  libinit2.o(.ARM.Collect$$libinit$$00000013)
    .ARM.Collect$$libinit$$00000015          0x080001aa   Section        0  libinit2.o(.ARM.Collect$$libinit$$00000015)
    .ARM.Collect$$libinit$$00000017          0x080001aa   Section        0  libinit2.o(.ARM.Collect$$libinit$$00000017)
    .ARM.Collect$$libinit$$00000019          0x080001aa   Section        0  libinit2.o(.ARM.Collect$$libinit$$00000019)
    .ARM.Collect$$libinit$$0000001B          0x080001aa   Section        0  libinit2.o(.ARM.Collect$$libinit$$0000001B)
    .ARM.Collect$$libinit$$0000001D          0x080001aa   Section        0  libinit2.o(.ARM.Collect$$libinit$$0000001D)
    .ARM.Collect$$libinit$$0000001F          0x080001aa   Section        0  libinit2.o(.ARM.Collect$$libinit$$0000001F)
    .ARM.Collect$$libinit$$00000021          0x080001aa   Section        0  libinit2.o(.ARM.Collect$$libinit$$00000021)
    .ARM.Collect$$libinit$$00000028          0x080001aa   Section        0  libinit2.o(.ARM.Collect$$libinit$$00000028)
    .ARM.Collect$$libinit$$0000002A          0x080001aa   Section        0  libinit2.o(.ARM.Collect$$libinit$$0000002A)
    .ARM.Collect$$libinit$$0000002C          0x080001aa   Section        0  libinit2.o(.ARM.Collect$$libinit$$0000002C)
    .ARM.Collect$$libinit$$0000002E          0x080001aa   Section        0  libinit2.o(.ARM.Collect$$libinit$$0000002E)
    .ARM.Collect$$libinit$$0000002F          0x080001aa   Section        2  libinit2.o(.ARM.Collect$$libinit$$0000002F)
    .ARM.Collect$$libshutdown$$00000000      0x080001ac   Section        2  libshutdown.o(.ARM.Collect$$libshutdown$$00000000)
    .ARM.Collect$$libshutdown$$00000003      0x080001ae   Section        0  libshutdown2.o(.ARM.Collect$$libshutdown$$00000003)
    .ARM.Collect$$libshutdown$$00000006      0x080001ae   Section        0  libshutdown2.o(.ARM.Collect$$libshutdown$$00000006)
    .ARM.Collect$$libshutdown$$00000009      0x080001ae   Section        0  libshutdown2.o(.ARM.Collect$$libshutdown$$00000009)
    .ARM.Collect$$libshutdown$$0000000B      0x080001ae   Section        0  libshutdown2.o(.ARM.Collect$$libshutdown$$0000000B)
    .ARM.Collect$$libshutdown$$0000000E      0x080001ae   Section        0  libshutdown2.o(.ARM.Collect$$libshutdown$$0000000E)
    .ARM.Collect$$libshutdown$$0000000F      0x080001ae   Section        2  libshutdown2.o(.ARM.Collect$$libshutdown$$0000000F)
    .ARM.Collect$$rtentry$$00000000          0x080001b0   Section        0  rtentry.o(.ARM.Collect$$rtentry$$00000000)
    .ARM.Collect$$rtentry$$00000002          0x080001b0   Section        0  rtentry2.o(.ARM.Collect$$rtentry$$00000002)
    .ARM.Collect$$rtentry$$00000004          0x080001b0   Section        6  rtentry4.o(.ARM.Collect$$rtentry$$00000004)
    .ARM.Collect$$rtentry$$00000009          0x080001b6   Section        0  rtentry2.o(.ARM.Collect$$rtentry$$00000009)
    .ARM.Collect$$rtentry$$0000000A          0x080001b6   Section        4  rtentry2.o(.ARM.Collect$$rtentry$$0000000A)
    .ARM.Collect$$rtentry$$0000000C          0x080001ba   Section        0  rtentry2.o(.ARM.Collect$$rtentry$$0000000C)
    .ARM.Collect$$rtentry$$0000000D          0x080001ba   Section        8  rtentry2.o(.ARM.Collect$$rtentry$$0000000D)
    .ARM.Collect$$rtexit$$00000000           0x080001c2   Section        2  rtexit.o(.ARM.Collect$$rtexit$$00000000)
    .ARM.Collect$$rtexit$$00000002           0x080001c4   Section        0  rtexit2.o(.ARM.Collect$$rtexit$$00000002)
    .ARM.Collect$$rtexit$$00000003           0x080001c4   Section        4  rtexit2.o(.ARM.Collect$$rtexit$$00000003)
    .ARM.Collect$$rtexit$$00000004           0x080001c8   Section        6  rtexit2.o(.ARM.Collect$$rtexit$$00000004)
    .text                                    0x080001d0   Section        0  main.o(.text)
    .text                                    0x0800040c   Section        0  stm32f10x_it.o(.text)
    .text                                    0x08000428   Section        0  stm32f10x_rcc.o(.text)
    .text                                    0x080007cc   Section        0  stm32f10x_tim.o(.text)
    TI4_Config                               0x08000abd   Thumb Code    68  stm32f10x_tim.o(.text)
    TI3_Config                               0x08000b13   Thumb Code    64  stm32f10x_tim.o(.text)
    TI2_Config                               0x08000b69   Thumb Code    68  stm32f10x_tim.o(.text)
    TI1_Config                               0x08000bdd   Thumb Code    54  stm32f10x_tim.o(.text)
    .text                                    0x080012f8   Section        0  stm32f10x_usart.o(.text)
    .text                                    0x080016a0   Section        0  stm32f10x_wwdg.o(.text)
    .text                                    0x08001728   Section        0  misc.o(.text)
    .text                                    0x08001820   Section        0  stm32f10x_gpio.o(.text)
    .text                                    0x08001b58   Section       76  startup_stm32f10x_hd.o(.text)
    .text                                    0x08001ba4   Section        0  system_stm32f10x.o(.text)
    SetSysClockTo72                          0x08001ba5   Thumb Code   198  system_stm32f10x.o(.text)
    SetSysClock                              0x08001c6b   Thumb Code     8  system_stm32f10x.o(.text)
    .text                                    0x08001cc8   Section        0  uarts.o(.text)
    .text                                    0x08001f58   Section        0  delay.o(.text)
    .text                                    0x08001ff8   Section        0  mpu6050.o(.text)
    .text                                    0x080023bc   Section        0  timer.o(.text)
    .text                                    0x08002498   Section        0  motor.o(.text)
    .text                                    0x080025d0   Section        0  stm32_i2c.o(.text)
    I2C_delay                                0x080025d1   Thumb Code    12  stm32_i2c.o(.text)
    I2C_Start                                0x080025dd   Thumb Code    84  stm32_i2c.o(.text)
    I2C_Stop                                 0x08002631   Thumb Code    48  stm32_i2c.o(.text)
    I2C_Ack                                  0x08002661   Thumb Code    48  stm32_i2c.o(.text)
    I2C_NoAck                                0x08002691   Thumb Code    48  stm32_i2c.o(.text)
    I2C_WaitAck                              0x080026c1   Thumb Code    70  stm32_i2c.o(.text)
    I2C_SendByte                             0x08002707   Thumb Code    74  stm32_i2c.o(.text)
    I2C_ReceiveByte                          0x08002751   Thumb Code    74  stm32_i2c.o(.text)
    .text                                    0x080028f4   Section        0  imu.o(.text)
    .text                                    0x080032a8   Section        0  control.o(.text)
    .text                                    0x080036dc   Section        0  heapauxi.o(.text)
    .text                                    0x080036e2   Section        0  _rserrno.o(.text)
    .text                                    0x080036f8   Section       12  rt_errno_addr_intlibspace.o(.text)
    .text                                    0x08003704   Section        8  libspace.o(.text)
    .text                                    0x0800370c   Section       74  sys_stackheap_outer.o(.text)
    .text                                    0x08003756   Section        0  exit.o(.text)
    .text                                    0x08003764   Section       12  rt_fp_status_addr_intlibspace.o(.text)
    .text                                    0x08003770   Section        0  sys_exit.o(.text)
    .text                                    0x0800377c   Section        2  use_no_semi.o(.text)
    i.__ARM_fpclassify                       0x0800377e   Section        0  fpclassify.o(i.__ARM_fpclassify)
    i.__kernel_poly                          0x080037a6   Section        0  poly.o(i.__kernel_poly)
    i.__mathlib_dbl_underflow                0x08003850   Section        0  dunder.o(i.__mathlib_dbl_underflow)
    i.asin                                   0x08003860   Section        0  asin.o(i.asin)
    i.atan                                   0x08003ae0   Section        0  atan.o(i.atan)
    i.atan2                                  0x08003d04   Section        0  atan2.o(i.atan2)
    i.sqrt                                   0x08003e84   Section        0  sqrt.o(i.sqrt)
    x$fpl$d2f                                0x08003ed0   Section       98  d2f.o(x$fpl$d2f)
    x$fpl$dadd                               0x08003f34   Section      332  daddsub_clz.o(x$fpl$dadd)
    _dadd1                                   0x08003f45   Thumb Code     0  daddsub_clz.o(x$fpl$dadd)
    x$fpl$dcheck1                            0x08004080   Section       16  dcheck1.o(x$fpl$dcheck1)
    x$fpl$dcmpinf                            0x08004090   Section       24  dcmpi.o(x$fpl$dcmpinf)
    x$fpl$ddiv                               0x080040a8   Section      688  ddiv.o(x$fpl$ddiv)
    ddiv_entry                               0x080040af   Thumb Code     0  ddiv.o(x$fpl$ddiv)
    x$fpl$dflt                               0x08004358   Section       46  dflt_clz.o(x$fpl$dflt)
    x$fpl$dleqf                              0x08004388   Section      120  dleqf.o(x$fpl$dleqf)
    x$fpl$dmul                               0x08004400   Section      340  dmul.o(x$fpl$dmul)
    x$fpl$dnaninf                            0x08004554   Section      156  dnaninf.o(x$fpl$dnaninf)
    x$fpl$dretinf                            0x080045f0   Section       12  dretinf.o(x$fpl$dretinf)
    x$fpl$drleqf                             0x080045fc   Section      108  drleqf.o(x$fpl$drleqf)
    x$fpl$drsb                               0x08004668   Section       22  daddsub_clz.o(x$fpl$drsb)
    x$fpl$dsqrt                              0x08004680   Section      460  dsqrt_noumaal.o(x$fpl$dsqrt)
    x$fpl$dsub                               0x0800484c   Section      468  daddsub_clz.o(x$fpl$dsub)
    _dsub1                                   0x0800485d   Thumb Code     0  daddsub_clz.o(x$fpl$dsub)
    x$fpl$f2d                                0x08004a20   Section       86  f2d.o(x$fpl$f2d)
    x$fpl$fadd                               0x08004a78   Section      196  faddsub_clz.o(x$fpl$fadd)
    _fadd1                                   0x08004a87   Thumb Code     0  faddsub_clz.o(x$fpl$fadd)
    x$fpl$fcmpinf                            0x08004b3c   Section       24  fcmpi.o(x$fpl$fcmpinf)
    x$fpl$fdiv                               0x08004b54   Section      388  fdiv.o(x$fpl$fdiv)
    _fdiv1                                   0x08004b55   Thumb Code     0  fdiv.o(x$fpl$fdiv)
    x$fpl$ffix                               0x08004cd8   Section       54  ffix.o(x$fpl$ffix)
    x$fpl$fflt                               0x08004d10   Section       48  fflt_clz.o(x$fpl$fflt)
    x$fpl$ffltu                              0x08004d40   Section       38  fflt_clz.o(x$fpl$ffltu)
    x$fpl$fleqf                              0x08004d68   Section      104  fleqf.o(x$fpl$fleqf)
    x$fpl$fmul                               0x08004dd0   Section      258  fmul.o(x$fpl$fmul)
    x$fpl$fnaninf                            0x08004ed2   Section      140  fnaninf.o(x$fpl$fnaninf)
    x$fpl$fpinit                             0x08004f5e   Section       14  fpinit.o(x$fpl$fpinit)
    x$fpl$fretinf                            0x08004f6c   Section       10  fretinf.o(x$fpl$fretinf)
    x$fpl$frleqf                             0x08004f76   Section       98  frleqf.o(x$fpl$frleqf)
    x$fpl$frsb                               0x08004fd8   Section       20  faddsub_clz.o(x$fpl$frsb)
    x$fpl$fsub                               0x08004fec   Section      234  faddsub_clz.o(x$fpl$fsub)
    _fsub1                                   0x08004ffb   Thumb Code     0  faddsub_clz.o(x$fpl$fsub)
    x$fpl$retnan                             0x080050d6   Section      100  retnan.o(x$fpl$retnan)
    x$fpl$scalbn                             0x0800513a   Section       96  scalbn.o(x$fpl$scalbn)
    x$fpl$trapveneer                         0x0800519a   Section       48  trapv.o(x$fpl$trapveneer)
    x$fpl$usenofp                            0x080051ca   Section        0  usenofp.o(x$fpl$usenofp)
    .constdata                               0x080051d0   Section       80  asin.o(.constdata)
    pS                                       0x080051d0   Data          48  asin.o(.constdata)
    qS                                       0x08005200   Data          32  asin.o(.constdata)
    .constdata                               0x08005220   Section      152  atan.o(.constdata)
    atanhi                                   0x08005220   Data          32  atan.o(.constdata)
    atanlo                                   0x08005240   Data          32  atan.o(.constdata)
    aTodd                                    0x08005260   Data          40  atan.o(.constdata)
    aTeven                                   0x08005288   Data          48  atan.o(.constdata)
    .constdata                               0x080052b8   Section        8  qnan.o(.constdata)
    .data                                    0x20000000   Section       14  main.o(.data)
    .data                                    0x2000000e   Section       20  stm32f10x_rcc.o(.data)
    APBAHBPrescTable                         0x2000000e   Data          16  stm32f10x_rcc.o(.data)
    ADCPrescTable                            0x2000001e   Data           4  stm32f10x_rcc.o(.data)
    .data                                    0x20000022   Section       16  uarts.o(.data)
    .data                                    0x20000032   Section        4  delay.o(.data)
    fac_us                                   0x20000032   Data           1  delay.o(.data)
    fac_ms                                   0x20000034   Data           2  delay.o(.data)
    .data                                    0x20000038   Section       58  mpu6050.o(.data)
    tempgx                                   0x2000003c   Data           4  mpu6050.o(.data)
    tempgy                                   0x20000040   Data           4  mpu6050.o(.data)
    tempgz                                   0x20000044   Data           4  mpu6050.o(.data)
    cnt_g                                    0x20000048   Data           1  mpu6050.o(.data)
    tempax                                   0x2000004c   Data           4  mpu6050.o(.data)
    tempay                                   0x20000050   Data           4  mpu6050.o(.data)
    tempaz                                   0x20000054   Data           4  mpu6050.o(.data)
    cnt_a                                    0x20000058   Data           1  mpu6050.o(.data)
    .data                                    0x20000074   Section       64  imu.o(.data)
    filter_cnt                               0x20000094   Data           1  imu.o(.data)
    .data                                    0x200000b4   Section       28  control.o(.data)
    thr                                      0x200000b4   Data           4  control.o(.data)
    roll                                     0x200000b8   Data           4  control.o(.data)
    pitch                                    0x200000bc   Data           4  control.o(.data)
    yaw                                      0x200000c0   Data           4  control.o(.data)
    roll_i                                   0x200000c4   Data           4  control.o(.data)
    pitch_i                                  0x200000c8   Data           4  control.o(.data)
    yaw_i                                    0x200000cc   Data           4  control.o(.data)
    .bss                                     0x200000d0   Section      258  uarts.o(.bss)
    .bss                                     0x200001d2   Section       14  mpu6050.o(.bss)
    .bss                                     0x200001e0   Section      168  imu.o(.bss)
    .bss                                     0x20000288   Section       44  control.o(.bss)
    .bss                                     0x200002b4   Section       96  libspace.o(.bss)
    HEAP                                     0x20000318   Section      512  startup_stm32f10x_hd.o(HEAP)
    Heap_Mem                                 0x20000318   Data         512  startup_stm32f10x_hd.o(HEAP)
    STACK                                    0x20000518   Section     1024  startup_stm32f10x_hd.o(STACK)
    Stack_Mem                                0x20000518   Data        1024  startup_stm32f10x_hd.o(STACK)
    __initial_sp                             0x20000918   Data           0  startup_stm32f10x_hd.o(STACK)

    Global Symbols

    Symbol Name                              Value     Ov Type        Size  Object(Section)

    BuildAttributes$$THM_ISAv4$P$D$K$B$S$PE$A:L22UL41UL21$X:L11$S22US41US21$IEEE1$IW$USESV6$~STKCKD$USESV7$~SHL$OTIME$ROPI$IEEEX$EBA8$UX$STANDARDLIB$REQ8$PRES8$EABIv2 0x00000000   Number         0  anon$$obj.o ABSOLUTE
    __ARM_use_no_argv                        0x00000000   Number         0  main.o ABSOLUTE
    __ARM_exceptions_init                     - Undefined Weak Reference
    __alloca_initialize                       - Undefined Weak Reference
    __cpp_initialize__aeabi_                  - Undefined Weak Reference
    __cxa_finalize                            - Undefined Weak Reference
    __fpl_infinity                            - Undefined Weak Reference
    __rt_locale                               - Undefined Weak Reference
    __sigvec_lookup                           - Undefined Weak Reference
    _atexit_init                              - Undefined Weak Reference
    _call_atexit_fns                          - Undefined Weak Reference
    _clock_init                               - Undefined Weak Reference
    _fp_trap_init                             - Undefined Weak Reference
    _fp_trap_shutdown                         - Undefined Weak Reference
    _get_lc_collate                           - Undefined Weak Reference
    _get_lc_ctype                             - Undefined Weak Reference
    _get_lc_monetary                          - Undefined Weak Reference
    _get_lc_numeric                           - Undefined Weak Reference
    _get_lc_time                              - Undefined Weak Reference
    _getenv_init                              - Undefined Weak Reference
    _handle_redirection                       - Undefined Weak Reference
    _init_alloc                               - Undefined Weak Reference
    _init_user_alloc                          - Undefined Weak Reference
    _initio                                   - Undefined Weak Reference
    _rand_init                                - Undefined Weak Reference
    _signal_finish                            - Undefined Weak Reference
    _signal_init                              - Undefined Weak Reference
    _terminate_alloc                          - Undefined Weak Reference
    _terminate_user_alloc                     - Undefined Weak Reference
    _terminateio                              - Undefined Weak Reference
    __Vectors_Size                           0x00000130   Number         0  startup_stm32f10x_hd.o ABSOLUTE
    __Vectors                                0x08000000   Data           4  startup_stm32f10x_hd.o(RESET)
    __Vectors_End                            0x08000130   Data           0  startup_stm32f10x_hd.o(RESET)
    __main                                   0x08000131   Thumb Code     8  __main.o(!!!main)
    __scatterload                            0x08000139   Thumb Code     0  __scatter.o(!!!scatter)
    __scatterload_rt2                        0x08000139   Thumb Code    44  __scatter.o(!!!scatter)
    __scatterload_rt2_thumb_only             0x08000139   Thumb Code     0  __scatter.o(!!!scatter)
    __scatterload_null                       0x08000147   Thumb Code     0  __scatter.o(!!!scatter)
    __scatterload_copy                       0x0800016d   Thumb Code    26  __scatter_copy.o(!!handler_copy)
    __scatterload_zeroinit                   0x08000189   Thumb Code    28  __scatter_zi.o(!!handler_zi)
    __rt_lib_init                            0x080001a5   Thumb Code     0  libinit.o(.ARM.Collect$$libinit$$00000000)
    __rt_lib_init_alloca_1                   0x080001ab   Thumb Code     0  libinit2.o(.ARM.Collect$$libinit$$0000002A)
    __rt_lib_init_argv_1                     0x080001ab   Thumb Code     0  libinit2.o(.ARM.Collect$$libinit$$00000028)
    __rt_lib_init_atexit_1                   0x080001ab   Thumb Code     0  libinit2.o(.ARM.Collect$$libinit$$00000017)
    __rt_lib_init_clock_1                    0x080001ab   Thumb Code     0  libinit2.o(.ARM.Collect$$libinit$$0000001D)
    __rt_lib_init_cpp_1                      0x080001ab   Thumb Code     0  libinit2.o(.ARM.Collect$$libinit$$0000002E)
    __rt_lib_init_exceptions_1               0x080001ab   Thumb Code     0  libinit2.o(.ARM.Collect$$libinit$$0000002C)
    __rt_lib_init_fp_trap_1                  0x080001ab   Thumb Code     0  libinit2.o(.ARM.Collect$$libinit$$0000001B)
    __rt_lib_init_getenv_1                   0x080001ab   Thumb Code     0  libinit2.o(.ARM.Collect$$libinit$$0000001F)
    __rt_lib_init_heap_1                     0x080001ab   Thumb Code     0  libinit2.o(.ARM.Collect$$libinit$$00000006)
    __rt_lib_init_lc_collate_1               0x080001ab   Thumb Code     0  libinit2.o(.ARM.Collect$$libinit$$0000000D)
    __rt_lib_init_lc_ctype_1                 0x080001ab   Thumb Code     0  libinit2.o(.ARM.Collect$$libinit$$0000000F)
    __rt_lib_init_lc_monetary_1              0x080001ab   Thumb Code     0  libinit2.o(.ARM.Collect$$libinit$$00000011)
    __rt_lib_init_lc_numeric_1               0x080001ab   Thumb Code     0  libinit2.o(.ARM.Collect$$libinit$$00000013)
    __rt_lib_init_lc_time_1                  0x080001ab   Thumb Code     0  libinit2.o(.ARM.Collect$$libinit$$00000015)
    __rt_lib_init_rand_1                     0x080001ab   Thumb Code     0  libinit2.o(.ARM.Collect$$libinit$$0000000A)
    __rt_lib_init_return                     0x080001ab   Thumb Code     0  libinit2.o(.ARM.Collect$$libinit$$0000002F)
    __rt_lib_init_signal_1                   0x080001ab   Thumb Code     0  libinit2.o(.ARM.Collect$$libinit$$00000019)
    __rt_lib_init_stdio_1                    0x080001ab   Thumb Code     0  libinit2.o(.ARM.Collect$$libinit$$00000021)
    __rt_lib_init_user_alloc_1               0x080001ab   Thumb Code     0  libinit2.o(.ARM.Collect$$libinit$$00000008)
    __rt_lib_shutdown                        0x080001ad   Thumb Code     0  libshutdown.o(.ARM.Collect$$libshutdown$$00000000)
    __rt_lib_shutdown_fp_trap_1              0x080001af   Thumb Code     0  libshutdown2.o(.ARM.Collect$$libshutdown$$00000006)
    __rt_lib_shutdown_heap_1                 0x080001af   Thumb Code     0  libshutdown2.o(.ARM.Collect$$libshutdown$$0000000E)
    __rt_lib_shutdown_return                 0x080001af   Thumb Code     0  libshutdown2.o(.ARM.Collect$$libshutdown$$0000000F)
    __rt_lib_shutdown_signal_1               0x080001af   Thumb Code     0  libshutdown2.o(.ARM.Collect$$libshutdown$$00000009)
    __rt_lib_shutdown_stdio_1                0x080001af   Thumb Code     0  libshutdown2.o(.ARM.Collect$$libshutdown$$00000003)
    __rt_lib_shutdown_user_alloc_1           0x080001af   Thumb Code     0  libshutdown2.o(.ARM.Collect$$libshutdown$$0000000B)
    __rt_entry                               0x080001b1   Thumb Code     0  rtentry.o(.ARM.Collect$$rtentry$$00000000)
    __rt_entry_presh_1                       0x080001b1   Thumb Code     0  rtentry2.o(.ARM.Collect$$rtentry$$00000002)
    __rt_entry_sh                            0x080001b1   Thumb Code     0  rtentry4.o(.ARM.Collect$$rtentry$$00000004)
    __rt_entry_li                            0x080001b7   Thumb Code     0  rtentry2.o(.ARM.Collect$$rtentry$$0000000A)
    __rt_entry_postsh_1                      0x080001b7   Thumb Code     0  rtentry2.o(.ARM.Collect$$rtentry$$00000009)
    __rt_entry_main                          0x080001bb   Thumb Code     0  rtentry2.o(.ARM.Collect$$rtentry$$0000000D)
    __rt_entry_postli_1                      0x080001bb   Thumb Code     0  rtentry2.o(.ARM.Collect$$rtentry$$0000000C)
    __rt_exit                                0x080001c3   Thumb Code     0  rtexit.o(.ARM.Collect$$rtexit$$00000000)
    __rt_exit_ls                             0x080001c5   Thumb Code     0  rtexit2.o(.ARM.Collect$$rtexit$$00000003)
    __rt_exit_prels_1                        0x080001c5   Thumb Code     0  rtexit2.o(.ARM.Collect$$rtexit$$00000002)
    __rt_exit_exit                           0x080001c9   Thumb Code     0  rtexit2.o(.ARM.Collect$$rtexit$$00000004)
    out_int16_t                              0x080001d1   Thumb Code    48  main.o(.text)
    NVIC_Configuration                       0x08000201   Thumb Code    34  main.o(.text)
    GPIO_Configuration                       0x08000223   Thumb Code    90  main.o(.text)
    main                                     0x0800027d   Thumb Code   312  main.o(.text)
    WWDG_Configuration                       0x080003b5   Thumb Code    40  main.o(.text)
    WWDG_IRQHandler                          0x080003dd   Thumb Code    14  main.o(.text)
    NMI_Handler                              0x0800040d   Thumb Code     2  stm32f10x_it.o(.text)
    HardFault_Handler                        0x0800040f   Thumb Code     4  stm32f10x_it.o(.text)
    MemManage_Handler                        0x08000413   Thumb Code     4  stm32f10x_it.o(.text)
    BusFault_Handler                         0x08000417   Thumb Code     4  stm32f10x_it.o(.text)
    UsageFault_Handler                       0x0800041b   Thumb Code     4  stm32f10x_it.o(.text)
    SVC_Handler                              0x0800041f   Thumb Code     2  stm32f10x_it.o(.text)
    DebugMon_Handler                         0x08000421   Thumb Code     2  stm32f10x_it.o(.text)
    PendSV_Handler                           0x08000423   Thumb Code     2  stm32f10x_it.o(.text)
    SysTick_Handler                          0x08000425   Thumb Code     2  stm32f10x_it.o(.text)
    RCC_DeInit                               0x08000429   Thumb Code    64  stm32f10x_rcc.o(.text)
    RCC_HSEConfig                            0x08000469   Thumb Code    70  stm32f10x_rcc.o(.text)
    RCC_GetFlagStatus                        0x080004af   Thumb Code    56  stm32f10x_rcc.o(.text)
    RCC_WaitForHSEStartUp                    0x080004e7   Thumb Code    48  stm32f10x_rcc.o(.text)
    RCC_AdjustHSICalibrationValue            0x08000517   Thumb Code    20  stm32f10x_rcc.o(.text)
    RCC_HSICmd                               0x0800052b   Thumb Code     6  stm32f10x_rcc.o(.text)
    RCC_PLLConfig                            0x08000531   Thumb Code    24  stm32f10x_rcc.o(.text)
    RCC_PLLCmd                               0x08000549   Thumb Code     6  stm32f10x_rcc.o(.text)
    RCC_SYSCLKConfig                         0x0800054f   Thumb Code    18  stm32f10x_rcc.o(.text)
    RCC_GetSYSCLKSource                      0x08000561   Thumb Code    10  stm32f10x_rcc.o(.text)
    RCC_HCLKConfig                           0x0800056b   Thumb Code    18  stm32f10x_rcc.o(.text)
    RCC_PCLK1Config                          0x0800057d   Thumb Code    18  stm32f10x_rcc.o(.text)
    RCC_PCLK2Config                          0x0800058f   Thumb Code    20  stm32f10x_rcc.o(.text)
    RCC_ITConfig                             0x080005a3   Thumb Code    30  stm32f10x_rcc.o(.text)
    RCC_USBCLKConfig                         0x080005c1   Thumb Code     6  stm32f10x_rcc.o(.text)
    RCC_ADCCLKConfig                         0x080005c7   Thumb Code    18  stm32f10x_rcc.o(.text)
    RCC_LSEConfig                            0x080005d9   Thumb Code    44  stm32f10x_rcc.o(.text)
    RCC_LSICmd                               0x08000605   Thumb Code     6  stm32f10x_rcc.o(.text)
    RCC_RTCCLKConfig                         0x0800060b   Thumb Code    12  stm32f10x_rcc.o(.text)
    RCC_RTCCLKCmd                            0x08000617   Thumb Code     6  stm32f10x_rcc.o(.text)
    RCC_GetClocksFreq                        0x0800061d   Thumb Code   192  stm32f10x_rcc.o(.text)
    RCC_AHBPeriphClockCmd                    0x080006dd   Thumb Code    26  stm32f10x_rcc.o(.text)
    RCC_APB2PeriphClockCmd                   0x080006f7   Thumb Code    26  stm32f10x_rcc.o(.text)
    RCC_APB1PeriphClockCmd                   0x08000711   Thumb Code    26  stm32f10x_rcc.o(.text)
    RCC_APB2PeriphResetCmd                   0x0800072b   Thumb Code    26  stm32f10x_rcc.o(.text)
    RCC_APB1PeriphResetCmd                   0x08000745   Thumb Code    26  stm32f10x_rcc.o(.text)
    RCC_BackupResetCmd                       0x0800075f   Thumb Code     6  stm32f10x_rcc.o(.text)
    RCC_ClockSecuritySystemCmd               0x08000765   Thumb Code     6  stm32f10x_rcc.o(.text)
    RCC_MCOConfig                            0x0800076b   Thumb Code     6  stm32f10x_rcc.o(.text)
    RCC_ClearFlag                            0x08000771   Thumb Code    14  stm32f10x_rcc.o(.text)
    RCC_GetITStatus                          0x0800077f   Thumb Code    20  stm32f10x_rcc.o(.text)
    RCC_ClearITPendingBit                    0x08000793   Thumb Code     6  stm32f10x_rcc.o(.text)
    TIM_DeInit                               0x080007cd   Thumb Code   196  stm32f10x_tim.o(.text)
    TIM_TimeBaseInit                         0x08000891   Thumb Code    50  stm32f10x_tim.o(.text)
    TIM_OC1Init                              0x080008c3   Thumb Code   110  stm32f10x_tim.o(.text)
    TIM_OC2Init                              0x08000931   Thumb Code   140  stm32f10x_tim.o(.text)
    TIM_OC3Init                              0x080009bd   Thumb Code   136  stm32f10x_tim.o(.text)
    TIM_OC4Init                              0x08000a45   Thumb Code    98  stm32f10x_tim.o(.text)
    TIM_SetIC4Prescaler                      0x08000aa7   Thumb Code    22  stm32f10x_tim.o(.text)
    TIM_SetIC3Prescaler                      0x08000b01   Thumb Code    18  stm32f10x_tim.o(.text)
    TIM_SetIC2Prescaler                      0x08000b53   Thumb Code    22  stm32f10x_tim.o(.text)
    TIM_SetIC1Prescaler                      0x08000bad   Thumb Code    48  stm32f10x_tim.o(.text)
    TIM_ICInit                               0x08000c13   Thumb Code   110  stm32f10x_tim.o(.text)
    TIM_PWMIConfig                           0x08000c81   Thumb Code   124  stm32f10x_tim.o(.text)
    TIM_BDTRConfig                           0x08000cfd   Thumb Code    32  stm32f10x_tim.o(.text)
    TIM_TimeBaseStructInit                   0x08000d1d   Thumb Code    18  stm32f10x_tim.o(.text)
    TIM_OCStructInit                         0x08000d2f   Thumb Code    20  stm32f10x_tim.o(.text)
    TIM_ICStructInit                         0x08000d43   Thumb Code    18  stm32f10x_tim.o(.text)
    TIM_BDTRStructInit                       0x08000d55   Thumb Code    18  stm32f10x_tim.o(.text)
    TIM_Cmd                                  0x08000d67   Thumb Code    24  stm32f10x_tim.o(.text)
    TIM_CtrlPWMOutputs                       0x08000d7f   Thumb Code    30  stm32f10x_tim.o(.text)
    TIM_ITConfig                             0x08000d9d   Thumb Code    24  stm32f10x_tim.o(.text)
    TIM_GenerateEvent                        0x08000db5   Thumb Code     4  stm32f10x_tim.o(.text)
    TIM_DMAConfig                            0x08000db9   Thumb Code    10  stm32f10x_tim.o(.text)
    TIM_DMACmd                               0x08000dc3   Thumb Code    24  stm32f10x_tim.o(.text)
    TIM_InternalClockConfig                  0x08000ddb   Thumb Code    12  stm32f10x_tim.o(.text)
    TIM_SelectInputTrigger                   0x08000de7   Thumb Code    18  stm32f10x_tim.o(.text)
    TIM_ITRxExternalClockConfig              0x08000df9   Thumb Code    24  stm32f10x_tim.o(.text)
    TIM_TIxExternalClockConfig               0x08000e11   Thumb Code    62  stm32f10x_tim.o(.text)
    TIM_ETRConfig                            0x08000e4f   Thumb Code    24  stm32f10x_tim.o(.text)
    TIM_ETRClockMode1Config                  0x08000e67   Thumb Code    54  stm32f10x_tim.o(.text)
    TIM_ETRClockMode2Config                  0x08000e9d   Thumb Code    32  stm32f10x_tim.o(.text)
    TIM_PrescalerConfig                      0x08000ebd   Thumb Code     6  stm32f10x_tim.o(.text)
    TIM_CounterModeConfig                    0x08000ec3   Thumb Code    18  stm32f10x_tim.o(.text)
    TIM_EncoderInterfaceConfig               0x08000ed5   Thumb Code    62  stm32f10x_tim.o(.text)
    TIM_ForcedOC1Config                      0x08000f13   Thumb Code    18  stm32f10x_tim.o(.text)
    TIM_ForcedOC2Config                      0x08000f25   Thumb Code    22  stm32f10x_tim.o(.text)
    TIM_ForcedOC3Config                      0x08000f3b   Thumb Code    18  stm32f10x_tim.o(.text)
    TIM_ForcedOC4Config                      0x08000f4d   Thumb Code    22  stm32f10x_tim.o(.text)
    TIM_ARRPreloadConfig                     0x08000f63   Thumb Code    24  stm32f10x_tim.o(.text)
    TIM_SelectCOM                            0x08000f7b   Thumb Code    24  stm32f10x_tim.o(.text)
    TIM_SelectCCDMA                          0x08000f93   Thumb Code    24  stm32f10x_tim.o(.text)
    TIM_CCPreloadControl                     0x08000fab   Thumb Code    24  stm32f10x_tim.o(.text)
    TIM_OC1PreloadConfig                     0x08000fc3   Thumb Code    18  stm32f10x_tim.o(.text)
    TIM_OC2PreloadConfig                     0x08000fd5   Thumb Code    22  stm32f10x_tim.o(.text)
    TIM_OC3PreloadConfig                     0x08000feb   Thumb Code    18  stm32f10x_tim.o(.text)
    TIM_OC4PreloadConfig                     0x08000ffd   Thumb Code    22  stm32f10x_tim.o(.text)
    TIM_OC1FastConfig                        0x08001013   Thumb Code    18  stm32f10x_tim.o(.text)
    TIM_OC2FastConfig                        0x08001025   Thumb Code    22  stm32f10x_tim.o(.text)
    TIM_OC3FastConfig                        0x0800103b   Thumb Code    18  stm32f10x_tim.o(.text)
    TIM_OC4FastConfig                        0x0800104d   Thumb Code    22  stm32f10x_tim.o(.text)
    TIM_ClearOC1Ref                          0x08001063   Thumb Code    18  stm32f10x_tim.o(.text)
    TIM_ClearOC2Ref                          0x08001075   Thumb Code    20  stm32f10x_tim.o(.text)
    TIM_ClearOC3Ref                          0x08001089   Thumb Code    18  stm32f10x_tim.o(.text)
    TIM_ClearOC4Ref                          0x0800109b   Thumb Code    20  stm32f10x_tim.o(.text)
    TIM_OC1PolarityConfig                    0x080010af   Thumb Code    18  stm32f10x_tim.o(.text)
    TIM_OC1NPolarityConfig                   0x080010c1   Thumb Code    18  stm32f10x_tim.o(.text)
    TIM_OC2PolarityConfig                    0x080010d3   Thumb Code    22  stm32f10x_tim.o(.text)
    TIM_OC2NPolarityConfig                   0x080010e9   Thumb Code    22  stm32f10x_tim.o(.text)
    TIM_OC3PolarityConfig                    0x080010ff   Thumb Code    22  stm32f10x_tim.o(.text)
    TIM_OC3NPolarityConfig                   0x08001115   Thumb Code    22  stm32f10x_tim.o(.text)
    TIM_OC4PolarityConfig                    0x0800112b   Thumb Code    22  stm32f10x_tim.o(.text)
    TIM_CCxCmd                               0x08001141   Thumb Code    34  stm32f10x_tim.o(.text)
    TIM_CCxNCmd                              0x08001163   Thumb Code    34  stm32f10x_tim.o(.text)
    TIM_SelectOCxM                           0x08001185   Thumb Code    86  stm32f10x_tim.o(.text)
    TIM_UpdateDisableConfig                  0x080011db   Thumb Code    24  stm32f10x_tim.o(.text)
    TIM_UpdateRequestConfig                  0x080011f3   Thumb Code    24  stm32f10x_tim.o(.text)
    TIM_SelectHallSensor                     0x0800120b   Thumb Code    24  stm32f10x_tim.o(.text)
    TIM_SelectOnePulseMode                   0x08001223   Thumb Code    18  stm32f10x_tim.o(.text)
    TIM_SelectOutputTrigger                  0x08001235   Thumb Code    18  stm32f10x_tim.o(.text)
    TIM_SelectSlaveMode                      0x08001247   Thumb Code    18  stm32f10x_tim.o(.text)
    TIM_SelectMasterSlaveMode                0x08001259   Thumb Code    18  stm32f10x_tim.o(.text)
    TIM_SetCounter                           0x0800126b   Thumb Code     4  stm32f10x_tim.o(.text)
    TIM_SetAutoreload                        0x0800126f   Thumb Code     4  stm32f10x_tim.o(.text)
    TIM_SetCompare1                          0x08001273   Thumb Code     4  stm32f10x_tim.o(.text)
    TIM_SetCompare2                          0x08001277   Thumb Code     4  stm32f10x_tim.o(.text)
    TIM_SetCompare3                          0x0800127b   Thumb Code     4  stm32f10x_tim.o(.text)
    TIM_SetCompare4                          0x0800127f   Thumb Code     6  stm32f10x_tim.o(.text)
    TIM_SetClockDivision                     0x08001285   Thumb Code    14  stm32f10x_tim.o(.text)
    TIM_GetCapture1                          0x08001293   Thumb Code     6  stm32f10x_tim.o(.text)
    TIM_GetCapture2                          0x08001299   Thumb Code     6  stm32f10x_tim.o(.text)
    TIM_GetCapture3                          0x0800129f   Thumb Code     6  stm32f10x_tim.o(.text)
    TIM_GetCapture4                          0x080012a5   Thumb Code     8  stm32f10x_tim.o(.text)
    TIM_GetCounter                           0x080012ad   Thumb Code     6  stm32f10x_tim.o(.text)
    TIM_GetPrescaler                         0x080012b3   Thumb Code     6  stm32f10x_tim.o(.text)
    TIM_GetFlagStatus                        0x080012b9   Thumb Code    18  stm32f10x_tim.o(.text)
    TIM_ClearFlag                            0x080012cb   Thumb Code     6  stm32f10x_tim.o(.text)
    TIM_GetITStatus                          0x080012d1   Thumb Code    34  stm32f10x_tim.o(.text)
    TIM_ClearITPendingBit                    0x080012f3   Thumb Code     6  stm32f10x_tim.o(.text)
    USART_DeInit                             0x080012f9   Thumb Code   134  stm32f10x_usart.o(.text)
    USART_Init                               0x0800137f   Thumb Code   156  stm32f10x_usart.o(.text)
    USART_StructInit                         0x0800141b   Thumb Code    24  stm32f10x_usart.o(.text)
    USART_ClockInit                          0x08001433   Thumb Code    34  stm32f10x_usart.o(.text)
    USART_ClockStructInit                    0x08001455   Thumb Code    12  stm32f10x_usart.o(.text)
    USART_Cmd                                0x08001461   Thumb Code    24  stm32f10x_usart.o(.text)
    USART_ITConfig                           0x08001479   Thumb Code    74  stm32f10x_usart.o(.text)
    USART_DMACmd                             0x080014c3   Thumb Code    24  stm32f10x_usart.o(.text)
    USART_SetAddress                         0x080014db   Thumb Code    18  stm32f10x_usart.o(.text)
    USART_WakeUpConfig                       0x080014ed   Thumb Code    18  stm32f10x_usart.o(.text)
    USART_ReceiverWakeUpCmd                  0x080014ff   Thumb Code    24  stm32f10x_usart.o(.text)
    USART_LINBreakDetectLengthConfig         0x08001517   Thumb Code    18  stm32f10x_usart.o(.text)
    USART_LINCmd                             0x08001529   Thumb Code    24  stm32f10x_usart.o(.text)
    USART_SendData                           0x08001541   Thumb Code     8  stm32f10x_usart.o(.text)
    USART_ReceiveData                        0x08001549   Thumb Code    10  stm32f10x_usart.o(.text)
    USART_SendBreak                          0x08001553   Thumb Code    10  stm32f10x_usart.o(.text)
    USART_SetGuardTime                       0x0800155d   Thumb Code    16  stm32f10x_usart.o(.text)
    USART_SetPrescaler                       0x0800156d   Thumb Code    16  stm32f10x_usart.o(.text)
    USART_SmartCardCmd                       0x0800157d   Thumb Code    24  stm32f10x_usart.o(.text)
    USART_SmartCardNACKCmd                   0x08001595   Thumb Code    24  stm32f10x_usart.o(.text)
    USART_HalfDuplexCmd                      0x080015ad   Thumb Code    24  stm32f10x_usart.o(.text)
    USART_IrDAConfig                         0x080015c5   Thumb Code    18  stm32f10x_usart.o(.text)
    USART_IrDACmd                            0x080015d7   Thumb Code    24  stm32f10x_usart.o(.text)
    USART_GetFlagStatus                      0x080015ef   Thumb Code    26  stm32f10x_usart.o(.text)
    USART_ClearFlag                          0x08001609   Thumb Code    18  stm32f10x_usart.o(.text)
    USART_GetITStatus                        0x0800161b   Thumb Code    84  stm32f10x_usart.o(.text)
    USART_ClearITPendingBit                  0x0800166f   Thumb Code    30  stm32f10x_usart.o(.text)
    WWDG_DeInit                              0x080016a1   Thumb Code    22  stm32f10x_wwdg.o(.text)
    WWDG_SetPrescaler                        0x080016b7   Thumb Code    22  stm32f10x_wwdg.o(.text)
    WWDG_SetWindowValue                      0x080016cd   Thumb Code    26  stm32f10x_wwdg.o(.text)
    WWDG_EnableIT                            0x080016e7   Thumb Code     8  stm32f10x_wwdg.o(.text)
    WWDG_SetCounter                          0x080016ef   Thumb Code    10  stm32f10x_wwdg.o(.text)
    WWDG_Enable                              0x080016f9   Thumb Code    10  stm32f10x_wwdg.o(.text)
    WWDG_GetFlagStatus                       0x08001703   Thumb Code     8  stm32f10x_wwdg.o(.text)
    WWDG_ClearFlag                           0x0800170b   Thumb Code     8  stm32f10x_wwdg.o(.text)
    NVIC_PriorityGroupConfig                 0x08001729   Thumb Code    10  misc.o(.text)
    NVIC_Init                                0x08001733   Thumb Code   118  misc.o(.text)
    NVIC_SetVectorTable                      0x080017a9   Thumb Code    12  misc.o(.text)
    NVIC_SystemLPConfig                      0x080017b5   Thumb Code    38  misc.o(.text)
    SysTick_CLKSourceConfig                  0x080017db   Thumb Code    40  misc.o(.text)
    GPIO_DeInit                              0x08001821   Thumb Code   172  stm32f10x_gpio.o(.text)
    GPIO_AFIODeInit                          0x080018cd   Thumb Code    20  stm32f10x_gpio.o(.text)
    GPIO_Init                                0x080018e1   Thumb Code   274  stm32f10x_gpio.o(.text)
    GPIO_StructInit                          0x080019f3   Thumb Code    16  stm32f10x_gpio.o(.text)
    GPIO_ReadInputDataBit                    0x08001a03   Thumb Code    18  stm32f10x_gpio.o(.text)
    GPIO_ReadInputData                       0x08001a15   Thumb Code     8  stm32f10x_gpio.o(.text)
    GPIO_ReadOutputDataBit                   0x08001a1d   Thumb Code    18  stm32f10x_gpio.o(.text)
    GPIO_ReadOutputData                      0x08001a2f   Thumb Code     8  stm32f10x_gpio.o(.text)
    GPIO_SetBits                             0x08001a37   Thumb Code     4  stm32f10x_gpio.o(.text)
    GPIO_ResetBits                           0x08001a3b   Thumb Code     4  stm32f10x_gpio.o(.text)
    GPIO_WriteBit                            0x08001a3f   Thumb Code    10  stm32f10x_gpio.o(.text)
    GPIO_Write                               0x08001a49   Thumb Code     4  stm32f10x_gpio.o(.text)
    GPIO_PinLockConfig                       0x08001a4d   Thumb Code    18  stm32f10x_gpio.o(.text)
    GPIO_EventOutputConfig                   0x08001a5f   Thumb Code    26  stm32f10x_gpio.o(.text)
    GPIO_EventOutputCmd                      0x08001a79   Thumb Code     6  stm32f10x_gpio.o(.text)
    GPIO_PinRemapConfig                      0x08001a7f   Thumb Code   106  stm32f10x_gpio.o(.text)
    GPIO_EXTILineConfig                      0x08001ae9   Thumb Code    66  stm32f10x_gpio.o(.text)
    GPIO_ETH_MediaInterfaceConfig            0x08001b2b   Thumb Code     6  stm32f10x_gpio.o(.text)
    SystemInit_ExtMemCtl                     0x08001b59   Thumb Code     2  startup_stm32f10x_hd.o(.text)
    Reset_Handler                            0x08001b5b   Thumb Code    14  startup_stm32f10x_hd.o(.text)
    ADC1_2_IRQHandler                        0x08001b7b   Thumb Code     0  startup_stm32f10x_hd.o(.text)
    ADC3_IRQHandler                          0x08001b7b   Thumb Code     0  startup_stm32f10x_hd.o(.text)
    CAN1_RX1_IRQHandler                      0x08001b7b   Thumb Code     0  startup_stm32f10x_hd.o(.text)
    CAN1_SCE_IRQHandler                      0x08001b7b   Thumb Code     0  startup_stm32f10x_hd.o(.text)
    DMA1_Channel1_IRQHandler                 0x08001b7b   Thumb Code     0  startup_stm32f10x_hd.o(.text)
    DMA1_Channel2_IRQHandler                 0x08001b7b   Thumb Code     0  startup_stm32f10x_hd.o(.text)
    DMA1_Channel3_IRQHandler                 0x08001b7b   Thumb Code     0  startup_stm32f10x_hd.o(.text)
    DMA1_Channel4_IRQHandler                 0x08001b7b   Thumb Code     0  startup_stm32f10x_hd.o(.text)
    DMA1_Channel5_IRQHandler                 0x08001b7b   Thumb Code     0  startup_stm32f10x_hd.o(.text)
    DMA1_Channel6_IRQHandler                 0x08001b7b   Thumb Code     0  startup_stm32f10x_hd.o(.text)
    DMA1_Channel7_IRQHandler                 0x08001b7b   Thumb Code     0  startup_stm32f10x_hd.o(.text)
    DMA2_Channel1_IRQHandler                 0x08001b7b   Thumb Code     0  startup_stm32f10x_hd.o(.text)
    DMA2_Channel2_IRQHandler                 0x08001b7b   Thumb Code     0  startup_stm32f10x_hd.o(.text)
    DMA2_Channel3_IRQHandler                 0x08001b7b   Thumb Code     0  startup_stm32f10x_hd.o(.text)
    DMA2_Channel4_5_IRQHandler               0x08001b7b   Thumb Code     0  startup_stm32f10x_hd.o(.text)
    EXTI0_IRQHandler                         0x08001b7b   Thumb Code     0  startup_stm32f10x_hd.o(.text)
    EXTI15_10_IRQHandler                     0x08001b7b   Thumb Code     0  startup_stm32f10x_hd.o(.text)
    EXTI1_IRQHandler                         0x08001b7b   Thumb Code     0  startup_stm32f10x_hd.o(.text)
    EXTI2_IRQHandler                         0x08001b7b   Thumb Code     0  startup_stm32f10x_hd.o(.text)
    EXTI3_IRQHandler                         0x08001b7b   Thumb Code     0  startup_stm32f10x_hd.o(.text)
    EXTI4_IRQHandler                         0x08001b7b   Thumb Code     0  startup_stm32f10x_hd.o(.text)
    EXTI9_5_IRQHandler                       0x08001b7b   Thumb Code     0  startup_stm32f10x_hd.o(.text)
    FLASH_IRQHandler                         0x08001b7b   Thumb Code     0  startup_stm32f10x_hd.o(.text)
    FSMC_IRQHandler                          0x08001b7b   Thumb Code     0  startup_stm32f10x_hd.o(.text)
    I2C1_ER_IRQHandler                       0x08001b7b   Thumb Code     0  startup_stm32f10x_hd.o(.text)
    I2C1_EV_IRQHandler                       0x08001b7b   Thumb Code     0  startup_stm32f10x_hd.o(.text)
    I2C2_ER_IRQHandler                       0x08001b7b   Thumb Code     0  startup_stm32f10x_hd.o(.text)
    I2C2_EV_IRQHandler                       0x08001b7b   Thumb Code     0  startup_stm32f10x_hd.o(.text)
    PVD_IRQHandler                           0x08001b7b   Thumb Code     0  startup_stm32f10x_hd.o(.text)
    RCC_IRQHandler                           0x08001b7b   Thumb Code     0  startup_stm32f10x_hd.o(.text)
    RTCAlarm_IRQHandler                      0x08001b7b   Thumb Code     0  startup_stm32f10x_hd.o(.text)
    RTC_IRQHandler                           0x08001b7b   Thumb Code     0  startup_stm32f10x_hd.o(.text)
    SDIO_IRQHandler                          0x08001b7b   Thumb Code     0  startup_stm32f10x_hd.o(.text)
    SPI1_IRQHandler                          0x08001b7b   Thumb Code     0  startup_stm32f10x_hd.o(.text)
    SPI2_IRQHandler                          0x08001b7b   Thumb Code     0  startup_stm32f10x_hd.o(.text)
    SPI3_IRQHandler                          0x08001b7b   Thumb Code     0  startup_stm32f10x_hd.o(.text)
    TAMPER_IRQHandler                        0x08001b7b   Thumb Code     0  startup_stm32f10x_hd.o(.text)
    TIM1_BRK_IRQHandler                      0x08001b7b   Thumb Code     0  startup_stm32f10x_hd.o(.text)
    TIM1_CC_IRQHandler                       0x08001b7b   Thumb Code     0  startup_stm32f10x_hd.o(.text)
    TIM1_TRG_COM_IRQHandler                  0x08001b7b   Thumb Code     0  startup_stm32f10x_hd.o(.text)
    TIM1_UP_IRQHandler                       0x08001b7b   Thumb Code     0  startup_stm32f10x_hd.o(.text)
    TIM2_IRQHandler                          0x08001b7b   Thumb Code     0  startup_stm32f10x_hd.o(.text)
    TIM3_IRQHandler                          0x08001b7b   Thumb Code     0  startup_stm32f10x_hd.o(.text)
    TIM4_IRQHandler                          0x08001b7b   Thumb Code     0  startup_stm32f10x_hd.o(.text)
    TIM5_IRQHandler                          0x08001b7b   Thumb Code     0  startup_stm32f10x_hd.o(.text)
    TIM6_IRQHandler                          0x08001b7b   Thumb Code     0  startup_stm32f10x_hd.o(.text)
    TIM7_IRQHandler                          0x08001b7b   Thumb Code     0  startup_stm32f10x_hd.o(.text)
    TIM8_BRK_IRQHandler                      0x08001b7b   Thumb Code     0  startup_stm32f10x_hd.o(.text)
    TIM8_CC_IRQHandler                       0x08001b7b   Thumb Code     0  startup_stm32f10x_hd.o(.text)
    TIM8_TRG_COM_IRQHandler                  0x08001b7b   Thumb Code     0  startup_stm32f10x_hd.o(.text)
    TIM8_UP_IRQHandler                       0x08001b7b   Thumb Code     0  startup_stm32f10x_hd.o(.text)
    UART4_IRQHandler                         0x08001b7b   Thumb Code     0  startup_stm32f10x_hd.o(.text)
    UART5_IRQHandler                         0x08001b7b   Thumb Code     0  startup_stm32f10x_hd.o(.text)
    USART2_IRQHandler                        0x08001b7b   Thumb Code     0  startup_stm32f10x_hd.o(.text)
    USART3_IRQHandler                        0x08001b7b   Thumb Code     0  startup_stm32f10x_hd.o(.text)
    USBWakeUp_IRQHandler                     0x08001b7b   Thumb Code     0  startup_stm32f10x_hd.o(.text)
    USB_HP_CAN1_TX_IRQHandler                0x08001b7b   Thumb Code     0  startup_stm32f10x_hd.o(.text)
    USB_LP_CAN1_RX0_IRQHandler               0x08001b7b   Thumb Code     0  startup_stm32f10x_hd.o(.text)
    __user_initial_stackheap                 0x08001b7d   Thumb Code     0  startup_stm32f10x_hd.o(.text)
    SystemInit                               0x08001c73   Thumb Code    70  system_stm32f10x.o(.text)
    Initial_UART1                            0x08001cc9   Thumb Code   120  uarts.o(.text)
    UART1_Put_Char                           0x08001d41   Thumb Code    34  uarts.o(.text)
    UART1_Get_Char                           0x08001d63   Thumb Code    24  uarts.o(.text)
    UART1_Put_String                         0x08001d7b   Thumb Code    46  uarts.o(.text)
    parseCmd                                 0x08001da9   Thumb Code   124  uarts.o(.text)
    USART1_IRQHandler                        0x08001e25   Thumb Code   264  uarts.o(.text)
    delay_init                               0x08001f59   Thumb Code    44  delay.o(.text)
    delay_ms                                 0x08001f85   Thumb Code    54  delay.o(.text)
    delay_us                                 0x08001fbb   Thumb Code    54  delay.o(.text)
    MPU6050_Dataanl                          0x08001ff9   Thumb Code   492  mpu6050.o(.text)
    MPU6050_READ                             0x080021e5   Thumb Code    16  mpu6050.o(.text)
    IICwriteBit                              0x080021f5   Thumb Code    66  mpu6050.o(.text)
    IICwriteBits                             0x08002237   Thumb Code   106  mpu6050.o(.text)
    MPU6050_setClockSource                   0x080022a1   Thumb Code    20  mpu6050.o(.text)
    MPU6050_setFullScaleGyroRange            0x080022b5   Thumb Code    20  mpu6050.o(.text)
    MPU6050_setFullScaleAccelRange           0x080022c9   Thumb Code    20  mpu6050.o(.text)
    MPU6050_setSleepEnabled                  0x080022dd   Thumb Code    18  mpu6050.o(.text)
    MPU6050_setI2CMasterModeEnabled          0x080022ef   Thumb Code    18  mpu6050.o(.text)
    MPU6050_setI2CBypassEnabled              0x08002301   Thumb Code    18  mpu6050.o(.text)
    MPU6050_setDLPF                          0x08002313   Thumb Code    20  mpu6050.o(.text)
    MPU6050_INIT                             0x08002327   Thumb Code    88  mpu6050.o(.text)
    Initial_TimerTick                        0x080023bd   Thumb Code   186  timer.o(.text)
    micros                                   0x08002477   Thumb Code    22  timer.o(.text)
    initMotor                                0x08002499   Thumb Code   222  motor.o(.text)
    setPWM                                   0x08002577   Thumb Code    82  motor.o(.text)
    i2cInit                                  0x0800279b   Thumb Code    32  stm32_i2c.o(.text)
    i2cWriteBuffer                           0x080027bb   Thumb Code   100  stm32_i2c.o(.text)
    i2cWrite                                 0x0800281f   Thumb Code    72  stm32_i2c.o(.text)
    i2cRead                                  0x08002867   Thumb Code   120  stm32_i2c.o(.text)
    i2cGetErrorCounter                       0x080028df   Thumb Code     4  stm32_i2c.o(.text)
    IMU_DataPrepare                          0x080028f5   Thumb Code   472  imu.o(.text)
    IMUupdate                                0x08002acd   Thumb Code  1764  imu.o(.text)
    IMU_TEST                                 0x080031b1   Thumb Code   154  imu.o(.text)
    GET_EXPRAD                               0x0800324b   Thumb Code    62  imu.o(.text)
    PID_INIT                                 0x080032a9   Thumb Code    36  control.o(.text)
    PID_CAL                                  0x080032cd   Thumb Code  1040  control.o(.text)
    __use_two_region_memory                  0x080036dd   Thumb Code     2  heapauxi.o(.text)
    __rt_heap_escrow$2region                 0x080036df   Thumb Code     2  heapauxi.o(.text)
    __rt_heap_expand$2region                 0x080036e1   Thumb Code     2  heapauxi.o(.text)
    __read_errno                             0x080036e3   Thumb Code    10  _rserrno.o(.text)
    __set_errno                              0x080036ed   Thumb Code    12  _rserrno.o(.text)
    __aeabi_errno_addr                       0x080036f9   Thumb Code    12  rt_errno_addr_intlibspace.o(.text)
    __errno$intlibspace                      0x080036f9   Thumb Code     0  rt_errno_addr_intlibspace.o(.text)
    __rt_errno_addr$intlibspace              0x080036f9   Thumb Code     0  rt_errno_addr_intlibspace.o(.text)
    __user_libspace                          0x08003705   Thumb Code     8  libspace.o(.text)
    __user_perproc_libspace                  0x08003705   Thumb Code     0  libspace.o(.text)
    __user_perthread_libspace                0x08003705   Thumb Code     0  libspace.o(.text)
    __user_setup_stackheap                   0x0800370d   Thumb Code    74  sys_stackheap_outer.o(.text)
    exit                                     0x08003757   Thumb Code    12  exit.o(.text)
    __rt_fp_status_addr                      0x08003765   Thumb Code    12  rt_fp_status_addr_intlibspace.o(.text)
    _sys_exit                                0x08003771   Thumb Code     8  sys_exit.o(.text)
    __I$use$semihosting                      0x0800377d   Thumb Code     0  use_no_semi.o(.text)
    __use_no_semihosting_swi                 0x0800377d   Thumb Code     2  use_no_semi.o(.text)
    __ARM_fpclassify                         0x0800377f   Thumb Code    40  fpclassify.o(i.__ARM_fpclassify)
    __kernel_poly                            0x080037a7   Thumb Code   170  poly.o(i.__kernel_poly)
    __mathlib_dbl_underflow                  0x08003851   Thumb Code    10  dunder.o(i.__mathlib_dbl_underflow)
    asin                                     0x08003861   Thumb Code   586  asin.o(i.asin)
    atan                                     0x08003ae1   Thumb Code   480  atan.o(i.atan)
    atan2                                    0x08003d05   Thumb Code   346  atan2.o(i.atan2)
    sqrt                                     0x08003e85   Thumb Code    74  sqrt.o(i.sqrt)
    __aeabi_d2f                              0x08003ed1   Thumb Code     0  d2f.o(x$fpl$d2f)
    _d2f                                     0x08003ed1   Thumb Code    98  d2f.o(x$fpl$d2f)
    __aeabi_dadd                             0x08003f35   Thumb Code     0  daddsub_clz.o(x$fpl$dadd)
    _dadd                                    0x08003f35   Thumb Code   328  daddsub_clz.o(x$fpl$dadd)
    __fpl_dcheck_NaN1                        0x08004081   Thumb Code    10  dcheck1.o(x$fpl$dcheck1)
    __fpl_dcmp_Inf                           0x08004091   Thumb Code    24  dcmpi.o(x$fpl$dcmpinf)
    __aeabi_ddiv                             0x080040a9   Thumb Code     0  ddiv.o(x$fpl$ddiv)
    _ddiv                                    0x080040a9   Thumb Code   552  ddiv.o(x$fpl$ddiv)
    __aeabi_i2d                              0x08004359   Thumb Code     0  dflt_clz.o(x$fpl$dflt)
    _dflt                                    0x08004359   Thumb Code    46  dflt_clz.o(x$fpl$dflt)
    __aeabi_cdcmple                          0x08004389   Thumb Code     0  dleqf.o(x$fpl$dleqf)
    _dcmple                                  0x08004389   Thumb Code   120  dleqf.o(x$fpl$dleqf)
    __fpl_dcmple_InfNaN                      0x080043eb   Thumb Code     0  dleqf.o(x$fpl$dleqf)
    __aeabi_dmul                             0x08004401   Thumb Code     0  dmul.o(x$fpl$dmul)
    _dmul                                    0x08004401   Thumb Code   332  dmul.o(x$fpl$dmul)
    __fpl_dnaninf                            0x08004555   Thumb Code   156  dnaninf.o(x$fpl$dnaninf)
    __fpl_dretinf                            0x080045f1   Thumb Code    12  dretinf.o(x$fpl$dretinf)
    __aeabi_cdrcmple                         0x080045fd   Thumb Code     0  drleqf.o(x$fpl$drleqf)
    _drcmple                                 0x080045fd   Thumb Code   108  drleqf.o(x$fpl$drleqf)
    __aeabi_drsub                            0x08004669   Thumb Code     0  daddsub_clz.o(x$fpl$drsb)
    _drsb                                    0x08004669   Thumb Code    22  daddsub_clz.o(x$fpl$drsb)
    _dsqrt                                   0x08004681   Thumb Code   456  dsqrt_noumaal.o(x$fpl$dsqrt)
    __aeabi_dsub                             0x0800484d   Thumb Code     0  daddsub_clz.o(x$fpl$dsub)
    _dsub                                    0x0800484d   Thumb Code   464  daddsub_clz.o(x$fpl$dsub)
    __aeabi_f2d                              0x08004a21   Thumb Code     0  f2d.o(x$fpl$f2d)
    _f2d                                     0x08004a21   Thumb Code    86  f2d.o(x$fpl$f2d)
    __aeabi_fadd                             0x08004a79   Thumb Code     0  faddsub_clz.o(x$fpl$fadd)
    _fadd                                    0x08004a79   Thumb Code   196  faddsub_clz.o(x$fpl$fadd)
    __fpl_fcmp_Inf                           0x08004b3d   Thumb Code    24  fcmpi.o(x$fpl$fcmpinf)
    __aeabi_fdiv                             0x08004b55   Thumb Code     0  fdiv.o(x$fpl$fdiv)
    _fdiv                                    0x08004b55   Thumb Code   384  fdiv.o(x$fpl$fdiv)
    __aeabi_f2iz                             0x08004cd9   Thumb Code     0  ffix.o(x$fpl$ffix)
    _ffix                                    0x08004cd9   Thumb Code    54  ffix.o(x$fpl$ffix)
    __aeabi_i2f                              0x08004d11   Thumb Code     0  fflt_clz.o(x$fpl$fflt)
    _fflt                                    0x08004d11   Thumb Code    48  fflt_clz.o(x$fpl$fflt)
    __aeabi_ui2f                             0x08004d41   Thumb Code     0  fflt_clz.o(x$fpl$ffltu)
    _ffltu                                   0x08004d41   Thumb Code    38  fflt_clz.o(x$fpl$ffltu)
    __aeabi_cfcmple                          0x08004d69   Thumb Code     0  fleqf.o(x$fpl$fleqf)
    _fcmple                                  0x08004d69   Thumb Code   104  fleqf.o(x$fpl$fleqf)
    __fpl_fcmple_InfNaN                      0x08004dbb   Thumb Code     0  fleqf.o(x$fpl$fleqf)
    __aeabi_fmul                             0x08004dd1   Thumb Code     0  fmul.o(x$fpl$fmul)
    _fmul                                    0x08004dd1   Thumb Code   258  fmul.o(x$fpl$fmul)
    __fpl_fnaninf                            0x08004ed3   Thumb Code   140  fnaninf.o(x$fpl$fnaninf)
    _fp_init                                 0x08004f5f   Thumb Code    14  fpinit.o(x$fpl$fpinit)
    __fplib_config_pureend_doubles           0x08004f6b   Thumb Code     0  fpinit.o(x$fpl$fpinit)
    __fpl_fretinf                            0x08004f6d   Thumb Code    10  fretinf.o(x$fpl$fretinf)
    __aeabi_cfrcmple                         0x08004f77   Thumb Code     0  frleqf.o(x$fpl$frleqf)
    _frcmple                                 0x08004f77   Thumb Code    98  frleqf.o(x$fpl$frleqf)
    __aeabi_frsub                            0x08004fd9   Thumb Code     0  faddsub_clz.o(x$fpl$frsb)
    _frsb                                    0x08004fd9   Thumb Code    20  faddsub_clz.o(x$fpl$frsb)
    __aeabi_fsub                             0x08004fed   Thumb Code     0  faddsub_clz.o(x$fpl$fsub)
    _fsub                                    0x08004fed   Thumb Code   234  faddsub_clz.o(x$fpl$fsub)
    __fpl_return_NaN                         0x080050d7   Thumb Code   100  retnan.o(x$fpl$retnan)
    __ARM_scalbn                             0x0800513b   Thumb Code     0  scalbn.o(x$fpl$scalbn)
    scalbn                                   0x0800513b   Thumb Code    96  scalbn.o(x$fpl$scalbn)
    __fpl_inf_scalbn                         0x08005199   Thumb Code     0  scalbn.o(x$fpl$scalbn)
    __fpl_cmpreturn                          0x0800519b   Thumb Code    48  trapv.o(x$fpl$trapveneer)
    __I$use$fp                               0x080051cb   Thumb Code     0  usenofp.o(x$fpl$usenofp)
    __mathlib_zero                           0x080052b8   Data           8  qnan.o(.constdata)
    Region$$Table$$Base                      0x080052c0   Number         0  anon$$obj.o(Region$$Table)
    Region$$Table$$Limit                     0x080052e0   Number         0  anon$$obj.o(Region$$Table)
    GPIO_InitStructure                       0x20000000   Data           4  main.o(.data)
    HSEStartUpStatus                         0x20000004   Data           1  main.o(.data)
    baseThr                                  0x20000005   Data           1  main.o(.data)
    system_microsec                          0x20000008   Data           4  main.o(.data)
    _hlt                                     0x2000000c   Data           2  main.o(.data)
    TxCounter                                0x20000022   Data           1  uarts.o(.data)
    count                                    0x20000023   Data           1  uarts.o(.data)
    start_mark                               0x20000024   Data           2  uarts.o(.data)
    recvStatus                               0x20000026   Data           1  uarts.o(.data)
    recvCmd                                  0x20000027   Data           1  uarts.o(.data)
    recvLength                               0x20000028   Data           1  uarts.o(.data)
    recvPos                                  0x20000029   Data           1  uarts.o(.data)
    recvData                                 0x2000002a   Data           8  uarts.o(.data)
    GYRO_OFFSET_OK                           0x20000038   Data           1  mpu6050.o(.data)
    ACC_OFFSET_OK                            0x20000039   Data           1  mpu6050.o(.data)
    GYRO_OFFSET                              0x2000005a   Data           6  mpu6050.o(.data)
    ACC_OFFSET                               0x20000060   Data           6  mpu6050.o(.data)
    MPU6050_ACC_LAST                         0x20000066   Data           6  mpu6050.o(.data)
    MPU6050_GYRO_LAST                        0x2000006c   Data           6  mpu6050.o(.data)
    FLY_ENABLE                               0x20000074   Data           1  imu.o(.data)
    Imu_DataReady                            0x20000075   Data           1  imu.o(.data)
    q0                                       0x20000078   Data           4  imu.o(.data)
    q1                                       0x2000007c   Data           4  imu.o(.data)
    q2                                       0x20000080   Data           4  imu.o(.data)
    q3                                       0x20000084   Data           4  imu.o(.data)
    exInt                                    0x20000088   Data           4  imu.o(.data)
    eyInt                                    0x2000008c   Data           4  imu.o(.data)
    ezInt                                    0x20000090   Data           4  imu.o(.data)
    IMU_CYCTIME_F                            0x20000098   Data           4  imu.o(.data)
    ACC_AVG                                  0x2000009c   Data           6  imu.o(.data)
    GYRO_AVG                                 0x200000a2   Data           6  imu.o(.data)
    lastUpdate                               0x200000a8   Data           4  imu.o(.data)
    now                                      0x200000ac   Data           4  imu.o(.data)
    halfT                                    0x200000b0   Data           4  imu.o(.data)
    TxBuffer                                 0x200000d0   Data         258  uarts.o(.bss)
    mpu6050_buffer                           0x200001d2   Data          14  mpu6050.o(.bss)
    ACC_F                                    0x200001e0   Data          12  imu.o(.bss)
    GYRO_F                                   0x200001ec   Data          12  imu.o(.bss)
    GYRO_I                                   0x200001f8   Data          36  imu.o(.bss)
    ACC_ANGLE                                0x2000021c   Data          12  imu.o(.bss)
    EXP_ANGLE                                0x20000228   Data          12  imu.o(.bss)
    DIF_ANGLE                                0x20000234   Data          12  imu.o(.bss)
    ACC_X_BUF                                0x20000240   Data          20  imu.o(.bss)
    ACC_Y_BUF                                0x20000254   Data          20  imu.o(.bss)
    ACC_Z_BUF                                0x20000268   Data          20  imu.o(.bss)
    Q_ANGLE                                  0x2000027c   Data          12  imu.o(.bss)
    PID_RP                                   0x20000288   Data          44  control.o(.bss)
    __libspace_start                         0x200002b4   Data          96  libspace.o(.bss)
    __temporary_stack_top$libspace           0x20000314   Data           0  libspace.o(.bss)



==============================================================================

Memory Map of the image

  Image Entry point : 0x08000131

  Load Region LR_IROM1 (Base: 0x08000000, Size: 0x000053b0, Max: 0x00010000, ABSOLUTE)

    Execution Region ER_IROM1 (Base: 0x08000000, Size: 0x000052e0, Max: 0x00010000, ABSOLUTE)

    Base Addr    Size         Type   Attr      Idx    E Section Name        Object

    0x08000000   0x00000130   Data   RO          245    RESET               startup_stm32f10x_hd.o
    0x08000130   0x00000008   Code   RO          505  * !!!main             c_w.l(__main.o)(c_w.l)
    0x08000138   0x00000034   Code   RO          798    !!!scatter          c_w.l(__scatter.o)(c_w.l)
    0x0800016c   0x0000001a   Code   RO          800    !!handler_copy      c_w.l(__scatter_copy.o)(c_w.l)
    0x08000186   0x00000002   PAD
    0x08000188   0x0000001c   Code   RO          802    !!handler_zi        c_w.l(__scatter_zi.o)(c_w.l)
    0x080001a4   0x00000006   Code   RO          667    .ARM.Collect$$libinit$$00000000  c_w.l(libinit.o)(c_w.l)
    0x080001aa   0x00000000   Code   RO          674    .ARM.Collect$$libinit$$00000006  c_w.l(libinit2.o)(c_w.l)
    0x080001aa   0x00000000   Code   RO          676    .ARM.Collect$$libinit$$00000008  c_w.l(libinit2.o)(c_w.l)
    0x080001aa   0x00000000   Code   RO          678    .ARM.Collect$$libinit$$0000000A  c_w.l(libinit2.o)(c_w.l)
    0x080001aa   0x00000000   Code   RO          681    .ARM.Collect$$libinit$$0000000D  c_w.l(libinit2.o)(c_w.l)
    0x080001aa   0x00000000   Code   RO          683    .ARM.Collect$$libinit$$0000000F  c_w.l(libinit2.o)(c_w.l)
    0x080001aa   0x00000000   Code   RO          685    .ARM.Collect$$libinit$$00000011  c_w.l(libinit2.o)(c_w.l)
    0x080001aa   0x00000000   Code   RO          687    .ARM.Collect$$libinit$$00000013  c_w.l(libinit2.o)(c_w.l)
    0x080001aa   0x00000000   Code   RO          689    .ARM.Collect$$libinit$$00000015  c_w.l(libinit2.o)(c_w.l)
    0x080001aa   0x00000000   Code   RO          691    .ARM.Collect$$libinit$$00000017  c_w.l(libinit2.o)(c_w.l)
    0x080001aa   0x00000000   Code   RO          693    .ARM.Collect$$libinit$$00000019  c_w.l(libinit2.o)(c_w.l)
    0x080001aa   0x00000000   Code   RO          695    .ARM.Collect$$libinit$$0000001B  c_w.l(libinit2.o)(c_w.l)
    0x080001aa   0x00000000   Code   RO          697    .ARM.Collect$$libinit$$0000001D  c_w.l(libinit2.o)(c_w.l)
    0x080001aa   0x00000000   Code   RO          699    .ARM.Collect$$libinit$$0000001F  c_w.l(libinit2.o)(c_w.l)
    0x080001aa   0x00000000   Code   RO          701    .ARM.Collect$$libinit$$00000021  c_w.l(libinit2.o)(c_w.l)
    0x080001aa   0x00000000   Code   RO          705    .ARM.Collect$$libinit$$00000028  c_w.l(libinit2.o)(c_w.l)
    0x080001aa   0x00000000   Code   RO          707    .ARM.Collect$$libinit$$0000002A  c_w.l(libinit2.o)(c_w.l)
    0x080001aa   0x00000000   Code   RO          709    .ARM.Collect$$libinit$$0000002C  c_w.l(libinit2.o)(c_w.l)
    0x080001aa   0x00000000   Code   RO          711    .ARM.Collect$$libinit$$0000002E  c_w.l(libinit2.o)(c_w.l)
    0x080001aa   0x00000002   Code   RO          712    .ARM.Collect$$libinit$$0000002F  c_w.l(libinit2.o)(c_w.l)
    0x080001ac   0x00000002   Code   RO          740    .ARM.Collect$$libshutdown$$00000000  c_w.l(libshutdown.o)(c_w.l)
    0x080001ae   0x00000000   Code   RO          753    .ARM.Collect$$libshutdown$$00000003  c_w.l(libshutdown2.o)(c_w.l)
    0x080001ae   0x00000000   Code   RO          756    .ARM.Collect$$libshutdown$$00000006  c_w.l(libshutdown2.o)(c_w.l)
    0x080001ae   0x00000000   Code   RO          759    .ARM.Collect$$libshutdown$$00000009  c_w.l(libshutdown2.o)(c_w.l)
    0x080001ae   0x00000000   Code   RO          761    .ARM.Collect$$libshutdown$$0000000B  c_w.l(libshutdown2.o)(c_w.l)
    0x080001ae   0x00000000   Code   RO          764    .ARM.Collect$$libshutdown$$0000000E  c_w.l(libshutdown2.o)(c_w.l)
    0x080001ae   0x00000002   Code   RO          765    .ARM.Collect$$libshutdown$$0000000F  c_w.l(libshutdown2.o)(c_w.l)
    0x080001b0   0x00000000   Code   RO          575    .ARM.Collect$$rtentry$$00000000  c_w.l(rtentry.o)(c_w.l)
    0x080001b0   0x00000000   Code   RO          630    .ARM.Collect$$rtentry$$00000002  c_w.l(rtentry2.o)(c_w.l)
    0x080001b0   0x00000006   Code   RO          645    .ARM.Collect$$rtentry$$00000004  c_w.l(rtentry4.o)(c_w.l)
    0x080001b6   0x00000000   Code   RO          632    .ARM.Collect$$rtentry$$00000009  c_w.l(rtentry2.o)(c_w.l)
    0x080001b6   0x00000004   Code   RO          633    .ARM.Collect$$rtentry$$0000000A  c_w.l(rtentry2.o)(c_w.l)
    0x080001ba   0x00000000   Code   RO          635    .ARM.Collect$$rtentry$$0000000C  c_w.l(rtentry2.o)(c_w.l)
    0x080001ba   0x00000008   Code   RO          636    .ARM.Collect$$rtentry$$0000000D  c_w.l(rtentry2.o)(c_w.l)
    0x080001c2   0x00000002   Code   RO          670    .ARM.Collect$$rtexit$$00000000  c_w.l(rtexit.o)(c_w.l)
    0x080001c4   0x00000000   Code   RO          718    .ARM.Collect$$rtexit$$00000002  c_w.l(rtexit2.o)(c_w.l)
    0x080001c4   0x00000004   Code   RO          719    .ARM.Collect$$rtexit$$00000003  c_w.l(rtexit2.o)(c_w.l)
    0x080001c8   0x00000006   Code   RO          720    .ARM.Collect$$rtexit$$00000004  c_w.l(rtexit2.o)(c_w.l)
    0x080001ce   0x00000002   PAD
    0x080001d0   0x0000023c   Code   RO            1    .text               main.o
    0x0800040c   0x0000001a   Code   RO           96    .text               stm32f10x_it.o
    0x08000426   0x00000002   PAD
    0x08000428   0x000003a4   Code   RO          111    .text               stm32f10x_rcc.o
    0x080007cc   0x00000b2c   Code   RO          125    .text               stm32f10x_tim.o
    0x080012f8   0x000003a8   Code   RO          168    .text               stm32f10x_usart.o
    0x080016a0   0x00000088   Code   RO          180    .text               stm32f10x_wwdg.o
    0x08001728   0x000000f8   Code   RO          192    .text               misc.o
    0x08001820   0x00000338   Code   RO          204    .text               stm32f10x_gpio.o
    0x08001b58   0x0000004c   Code   RO          246    .text               startup_stm32f10x_hd.o
    0x08001ba4   0x00000124   Code   RO          261    .text               system_stm32f10x.o
    0x08001cc8   0x00000290   Code   RO          288    .text               uarts.o
    0x08001f58   0x000000a0   Code   RO          314    .text               delay.o
    0x08001ff8   0x000003c4   Code   RO          349    .text               mpu6050.o
    0x080023bc   0x000000dc   Code   RO          396    .text               timer.o
    0x08002498   0x00000138   Code   RO          411    .text               motor.o
    0x080025d0   0x00000324   Code   RO          429    .text               stm32_i2c.o
    0x080028f4   0x000009b4   Code   RO          441    .text               imu.o
    0x080032a8   0x00000434   Code   RO          471    .text               control.o
    0x080036dc   0x00000006   Code   RO          503    .text               c_w.l(heapauxi.o)(c_w.l)
    0x080036e2   0x00000016   Code   RO          577    .text               c_w.l(_rserrno.o)(c_w.l)
    0x080036f8   0x0000000c   Code   RO          650    .text               c_w.l(rt_errno_addr_intlibspace.o)(c_w.l)
    0x08003704   0x00000008   Code   RO          654    .text               c_w.l(libspace.o)(c_w.l)
    0x0800370c   0x0000004a   Code   RO          657    .text               c_w.l(sys_stackheap_outer.o)(c_w.l)
    0x08003756   0x0000000c   Code   RO          659    .text               c_w.l(exit.o)(c_w.l)
    0x08003762   0x00000002   PAD
    0x08003764   0x0000000c   Code   RO          728    .text               c_w.l(rt_fp_status_addr_intlibspace.o)(c_w.l)
    0x08003770   0x0000000c   Code   RO          732    .text               c_w.l(sys_exit.o)(c_w.l)
    0x0800377c   0x00000002   Code   RO          743    .text               c_w.l(use_no_semi.o)(c_w.l)
    0x0800377e   0x00000028   Code   RO          624    i.__ARM_fpclassify  m_ws.l(fpclassify.o)(m_ws.l)
    0x080037a6   0x000000aa   Code   RO          626    i.__kernel_poly     m_ws.l(poly.o)(m_ws.l)
    0x08003850   0x00000010   Code   RO          622    i.__mathlib_dbl_underflow  m_ws.l(dunder.o)(m_ws.l)
    0x08003860   0x00000280   Code   RO          550    i.asin              m_ws.l(asin.o)(m_ws.l)
    0x08003ae0   0x00000224   Code   RO          613    i.atan              m_ws.l(atan.o)(m_ws.l)
    0x08003d04   0x00000180   Code   RO          560    i.atan2             m_ws.l(atan2.o)(m_ws.l)
    0x08003e84   0x0000004a   Code   RO          568    i.sqrt              m_ws.l(sqrt.o)(m_ws.l)
    0x08003ece   0x00000002   PAD
    0x08003ed0   0x00000062   Code   RO          507    x$fpl$d2f           fz_ws.l(d2f.o)(fz_ws.l)
    0x08003f32   0x00000002   PAD
    0x08003f34   0x0000014c   Code   RO          579    x$fpl$dadd          fz_ws.l(daddsub_clz.o)(fz_ws.l)
    0x08004080   0x00000010   Code   RO          652    x$fpl$dcheck1       fz_ws.l(dcheck1.o)(fz_ws.l)
    0x08004090   0x00000018   Code   RO          585    x$fpl$dcmpinf       fz_ws.l(dcmpi.o)(fz_ws.l)
    0x080040a8   0x000002b0   Code   RO          588    x$fpl$ddiv          fz_ws.l(ddiv.o)(fz_ws.l)
    0x08004358   0x0000002e   Code   RO          510    x$fpl$dflt          fz_ws.l(dflt_clz.o)(fz_ws.l)
    0x08004386   0x00000002   PAD
    0x08004388   0x00000078   Code   RO          515    x$fpl$dleqf         fz_ws.l(dleqf.o)(fz_ws.l)
    0x08004400   0x00000154   Code   RO          517    x$fpl$dmul          fz_ws.l(dmul.o)(fz_ws.l)
    0x08004554   0x0000009c   Code   RO          591    x$fpl$dnaninf       fz_ws.l(dnaninf.o)(fz_ws.l)
    0x080045f0   0x0000000c   Code   RO          593    x$fpl$dretinf       fz_ws.l(dretinf.o)(fz_ws.l)
    0x080045fc   0x0000006c   Code   RO          519    x$fpl$drleqf        fz_ws.l(drleqf.o)(fz_ws.l)
    0x08004668   0x00000016   Code   RO          580    x$fpl$drsb          fz_ws.l(daddsub_clz.o)(fz_ws.l)
    0x0800467e   0x00000002   PAD
    0x08004680   0x000001cc   Code   RO          595    x$fpl$dsqrt         fz_ws.l(dsqrt_noumaal.o)(fz_ws.l)
    0x0800484c   0x000001d4   Code   RO          581    x$fpl$dsub          fz_ws.l(daddsub_clz.o)(fz_ws.l)
    0x08004a20   0x00000056   Code   RO          521    x$fpl$f2d           fz_ws.l(f2d.o)(fz_ws.l)
    0x08004a76   0x00000002   PAD
    0x08004a78   0x000000c4   Code   RO          523    x$fpl$fadd          fz_ws.l(faddsub_clz.o)(fz_ws.l)
    0x08004b3c   0x00000018   Code   RO          597    x$fpl$fcmpinf       fz_ws.l(fcmpi.o)(fz_ws.l)
    0x08004b54   0x00000184   Code   RO          530    x$fpl$fdiv          fz_ws.l(fdiv.o)(fz_ws.l)
    0x08004cd8   0x00000036   Code   RO          533    x$fpl$ffix          fz_ws.l(ffix.o)(fz_ws.l)
    0x08004d0e   0x00000002   PAD
    0x08004d10   0x00000030   Code   RO          538    x$fpl$fflt          fz_ws.l(fflt_clz.o)(fz_ws.l)
    0x08004d40   0x00000026   Code   RO          537    x$fpl$ffltu         fz_ws.l(fflt_clz.o)(fz_ws.l)
    0x08004d66   0x00000002   PAD
    0x08004d68   0x00000068   Code   RO          543    x$fpl$fleqf         fz_ws.l(fleqf.o)(fz_ws.l)
    0x08004dd0   0x00000102   Code   RO          545    x$fpl$fmul          fz_ws.l(fmul.o)(fz_ws.l)
    0x08004ed2   0x0000008c   Code   RO          599    x$fpl$fnaninf       fz_ws.l(fnaninf.o)(fz_ws.l)
    0x08004f5e   0x0000000e   Code   RO          713    x$fpl$fpinit        fz_ws.l(fpinit.o)(fz_ws.l)
    0x08004f6c   0x0000000a   Code   RO          601    x$fpl$fretinf       fz_ws.l(fretinf.o)(fz_ws.l)
    0x08004f76   0x00000062   Code   RO          547    x$fpl$frleqf        fz_ws.l(frleqf.o)(fz_ws.l)
    0x08004fd8   0x00000014   Code   RO          524    x$fpl$frsb          fz_ws.l(faddsub_clz.o)(fz_ws.l)
    0x08004fec   0x000000ea   Code   RO          525    x$fpl$fsub          fz_ws.l(faddsub_clz.o)(fz_ws.l)
    0x080050d6   0x00000064   Code   RO          668    x$fpl$retnan        fz_ws.l(retnan.o)(fz_ws.l)
    0x0800513a   0x00000060   Code   RO          606    x$fpl$scalbn        fz_ws.l(scalbn.o)(fz_ws.l)
    0x0800519a   0x00000030   Code   RO          715    x$fpl$trapveneer    fz_ws.l(trapv.o)(fz_ws.l)
    0x080051ca   0x00000000   Code   RO          611    x$fpl$usenofp       fz_ws.l(usenofp.o)(fz_ws.l)
    0x080051ca   0x00000006   PAD
    0x080051d0   0x00000050   Data   RO          551    .constdata          m_ws.l(asin.o)(m_ws.l)
    0x08005220   0x00000098   Data   RO          614    .constdata          m_ws.l(atan.o)(m_ws.l)
    0x080052b8   0x00000008   Data   RO          628    .constdata          m_ws.l(qnan.o)(m_ws.l)
    0x080052c0   0x00000020   Data   RO          796    Region$$Table       anon$$obj.o


    Execution Region RW_IRAM1 (Base: 0x20000000, Size: 0x00000918, Max: 0x00005000, ABSOLUTE)

    Base Addr    Size         Type   Attr      Idx    E Section Name        Object

    0x20000000   0x0000000e   Data   RW            2    .data               main.o
    0x2000000e   0x00000014   Data   RW          112    .data               stm32f10x_rcc.o
    0x20000022   0x00000010   Data   RW          290    .data               uarts.o
    0x20000032   0x00000004   Data   RW          315    .data               delay.o
    0x20000036   0x00000002   PAD
    0x20000038   0x0000003a   Data   RW          351    .data               mpu6050.o
    0x20000072   0x00000002   PAD
    0x20000074   0x00000040   Data   RW          443    .data               imu.o
    0x200000b4   0x0000001c   Data   RW          473    .data               control.o
    0x200000d0   0x00000102   Zero   RW          289    .bss                uarts.o
    0x200001d2   0x0000000e   Zero   RW          350    .bss                mpu6050.o
    0x200001e0   0x000000a8   Zero   RW          442    .bss                imu.o
    0x20000288   0x0000002c   Zero   RW          472    .bss                control.o
    0x200002b4   0x00000060   Zero   RW          655    .bss                c_w.l(libspace.o)(c_w.l)
    0x20000314   0x00000004   PAD
    0x20000318   0x00000200   Zero   RW          244    HEAP                startup_stm32f10x_hd.o
    0x20000518   0x00000400   Zero   RW          243    STACK               startup_stm32f10x_hd.o


==============================================================================

Image component sizes


      Code (inc. data)   RO Data    RW Data    ZI Data      Debug   Object Name

      1076         78          0         28         44          0   control.o
       160          8          0          4          0          0   delay.o
      2484        202          0         64        168          0   imu.o
       572         34          0         14          0          0   main.o
       248         30          0          0          0          0   misc.o
       312          8          0          0          0          0   motor.o
       964         62          0         58         14          0   mpu6050.o
        76         30        304          0       1536          0   startup_stm32f10x_hd.o
       804         18          0          0          0          0   stm32_i2c.o
       824         40          0          0          0          0   stm32f10x_gpio.o
        26          0          0          0          0          0   stm32f10x_it.o
       932         52          0         20          0          0   stm32f10x_rcc.o
      2860         30          0          0          0          0   stm32f10x_tim.o
       936         20          0          0          0          0   stm32f10x_usart.o
       136         22          0          0          0          0   stm32f10x_wwdg.o
       292         16          0          0          0          0   system_stm32f10x.o
       220         12          0          0          0          0   timer.o
       656         44          0         16        258          0   uarts.o

    ----------------------------------------------------------------------
     13580        706        336        208       2020          0   Object Totals
         0          0         32          0          0          0   (incl. Generated)
         2          0          0          4          0          2   (incl. Padding)

    ----------------------------------------------------------------------

      Code (inc. data)   RO Data    RW Data    ZI Data      Debug   Library Member Name

         8          0          0          0          0          0   __main.o
        52          8          0          0          0          0   __scatter.o
        26          0          0          0          0          0   __scatter_copy.o
        28          0          0          0          0          0   __scatter_zi.o
        22          0          0          0          0          0   _rserrno.o
        12          0          0          0          0          0   exit.o
         6          0          0          0          0          0   heapauxi.o
         6          0          0          0          0          0   libinit.o
         2          0          0          0          0          0   libinit2.o
         2          0          0          0          0          0   libshutdown.o
         2          0          0          0          0          0   libshutdown2.o
         8          4          0          0         96          0   libspace.o
        12          4          0          0          0          0   rt_errno_addr_intlibspace.o
        12          4          0          0          0          0   rt_fp_status_addr_intlibspace.o
         0          0          0          0          0          0   rtentry.o
        12          0          0          0          0          0   rtentry2.o
         6          0          0          0          0          0   rtentry4.o
         2          0          0          0          0          0   rtexit.o
        10          0          0          0          0          0   rtexit2.o
        12          4          0          0          0          0   sys_exit.o
        74          0          0          0          0          0   sys_stackheap_outer.o
         2          0          0          0          0          0   use_no_semi.o
        98          4          0          0          0          0   d2f.o
       822         16          0          0          0          0   daddsub_clz.o
        16          4          0          0          0          0   dcheck1.o
        24          0          0          0          0          0   dcmpi.o
       688        140          0          0          0          0   ddiv.o
        46          0          0          0          0          0   dflt_clz.o
       120          4          0          0          0          0   dleqf.o
       340         12          0          0          0          0   dmul.o
       156          4          0          0          0          0   dnaninf.o
        12          0          0          0          0          0   dretinf.o
       108          0          0          0          0          0   drleqf.o
       460         56          0          0          0          0   dsqrt_noumaal.o
        86          4          0          0          0          0   f2d.o
       450          8          0          0          0          0   faddsub_clz.o
        24          0          0          0          0          0   fcmpi.o
       388         76          0          0          0          0   fdiv.o
        54          4          0          0          0          0   ffix.o
        86          0          0          0          0          0   fflt_clz.o
       104          4          0          0          0          0   fleqf.o
       258          4          0          0          0          0   fmul.o
       140          4          0          0          0          0   fnaninf.o
        14          0          0          0          0          0   fpinit.o
        10          0          0          0          0          0   fretinf.o
        98          0          0          0          0          0   frleqf.o
       100          0          0          0          0          0   retnan.o
        96          0          0          0          0          0   scalbn.o
        48          0          0          0          0          0   trapv.o
         0          0          0          0          0          0   usenofp.o
       640         54         80          0          0          0   asin.o
       548         68        152          0          0          0   atan.o
       384         38          0          0          0          0   atan2.o
        16          6          0          0          0          0   dunder.o
        40          0          0          0          0          0   fpclassify.o
       170          0          0          0          0          0   poly.o
         0          0          8          0          0          0   qnan.o
        74          0          0          0          0          0   sqrt.o

    ----------------------------------------------------------------------
      7060        534        240          0        100          0   Library Totals
        26          0          0          0          4          0   (incl. Padding)

    ----------------------------------------------------------------------

      Code (inc. data)   RO Data    RW Data    ZI Data      Debug   Library Name

       316         24          0          0         96        808   c_w.l
      4846        344          0          0          0       2784   fz_ws.l
      1872        166        240          0          0        764   m_ws.l

    ----------------------------------------------------------------------
      7060        534        240          0        100          0   Library Totals

    ----------------------------------------------------------------------

==============================================================================


      Code (inc. data)   RO Data    RW Data    ZI Data      Debug   

     20640       1240        576        208       2120     545000   Grand Totals
     20640       1240        576        208       2120     545000   ELF Image Totals
     20640       1240        576        208          0          0   ROM Totals

==============================================================================

    Total RO  Size (Code + RO Data)                21216 (  20.72kB)
    Total RW  Size (RW Data + ZI Data)              2328 (   2.27kB)
    Total ROM Size (Code + RO Data + RW Data)      21424 (  20.92kB)

==============================================================================

