ARM Linker, 4.1 [Build 481] [Standard]

==============================================================================

Section Cross References

    main.o(.text) refers to uarts.o(.text) for UART1_Put_Char
    main.o(.text) refers to misc.o(.text) for NVIC_PriorityGroupConfig
    main.o(.text) refers to stm32f10x_rcc.o(.text) for RCC_APB2PeriphClockCmd
    main.o(.text) refers to stm32f10x_gpio.o(.text) for GPIO_Init
    main.o(.text) refers to stm32f10x_flash.o(.text) for FLASH_SetLatency
    main.o(.text) refers to rt_memclr_w.o(.text) for __aeabi_memclr4
    main.o(.text) refers to delay.o(.text) for delay_init
    main.o(.text) refers to ioi2c.o(.text) for I2C_GPIO_Config
    main.o(.text) refers to mpu6050.o(.text) for Init_MPU6050
    main.o(.text) refers to hmc5883l.o(.text) for HMC5883L_Init
    main.o(.text) refers to imu.o(.text) for micros
    main.o(.text) refers to stm32f10x_wwdg.o(.text) for WWDG_SetPrescaler
    main.o(.text) refers to main.o(.data) for HSEStartUpStatus
    stm32f10x_rcc.o(.text) refers to stm32f10x_rcc.o(.data) for APBAHBPrescTable
    stm32f10x_tim.o(.text) refers to stm32f10x_rcc.o(.text) for RCC_APB2PeriphResetCmd
    stm32f10x_usart.o(.text) refers to stm32f10x_rcc.o(.text) for RCC_APB2PeriphResetCmd
    stm32f10x_wwdg.o(.text) refers to stm32f10x_rcc.o(.text) for RCC_APB1PeriphResetCmd
    stm32f10x_gpio.o(.text) refers to stm32f10x_rcc.o(.text) for RCC_APB2PeriphResetCmd
    startup_stm32f10x_hd.o(STACK) refers (Special) to heapauxi.o(.text) for __use_two_region_memory
    startup_stm32f10x_hd.o(HEAP) refers (Special) to heapauxi.o(.text) for __use_two_region_memory
    startup_stm32f10x_hd.o(RESET) refers (Special) to heapauxi.o(.text) for __use_two_region_memory
    startup_stm32f10x_hd.o(RESET) refers to startup_stm32f10x_hd.o(.text) for Reset_Handler
    startup_stm32f10x_hd.o(RESET) refers to stm32f10x_it.o(.text) for NMI_Handler
    startup_stm32f10x_hd.o(RESET) refers to main.o(.text) for WWDG_IRQHandler
    startup_stm32f10x_hd.o(RESET) refers to uarts.o(.text) for USART1_IRQHandler
    startup_stm32f10x_hd.o(.text) refers (Special) to heapauxi.o(.text) for __use_two_region_memory
    startup_stm32f10x_hd.o(.text) refers to startup_stm32f10x_hd.o(STACK) for __initial_sp
    startup_stm32f10x_hd.o(.text) refers to __main.o(!!!main) for __main
    startup_stm32f10x_hd.o(.text) refers to startup_stm32f10x_hd.o(HEAP) for Heap_Mem
    uarts.o(.text) refers to stm32f10x_rcc.o(.text) for RCC_APB2PeriphClockCmd
    uarts.o(.text) refers to stm32f10x_gpio.o(.text) for GPIO_Init
    uarts.o(.text) refers to stm32f10x_usart.o(.text) for USART_Init
    uarts.o(.text) refers to uarts.o(.data) for count
    uarts.o(.text) refers to uarts.o(.bss) for TxBuffer
    delay.o(.text) refers to delay.o(.data) for fac_us
    ioi2c.o(.text) refers to stm32f10x_gpio.o(.text) for GPIO_Init
    mpu6050.o(.text) refers to ioi2c.o(.text) for Single_Write
    mpu6050.o(.text) refers to dflt_clz.o(x$fpl$dflt) for __aeabi_i2d
    mpu6050.o(.text) refers to ddiv.o(x$fpl$ddiv) for __aeabi_ddiv
    mpu6050.o(.text) refers to dfix.o(x$fpl$dfix) for __aeabi_d2iz
    hmc5883l.o(.text) refers to ioi2c.o(.text) for Single_Write
    hmc5883l.o(.text) refers to delay.o(.text) for delay_ms
    imu.o(.text) refers to stm32f10x_rcc.o(.text) for RCC_APB1PeriphClockCmd
    imu.o(.text) refers to stm32f10x_tim.o(.text) for TIM_TimeBaseStructInit
    imu.o(.text) refers to fmul.o(x$fpl$fmul) for __aeabi_fmul
    imu.o(.text) refers to faddsub_clz.o(x$fpl$frsb) for __aeabi_frsub
    imu.o(.text) refers to fflt_clz.o(x$fpl$ffltu) for __aeabi_ui2f
    imu.o(.text) refers to fdiv.o(x$fpl$fdiv) for __aeabi_fdiv
    imu.o(.text) refers to faddsub_clz.o(x$fpl$fadd) for __aeabi_fadd
    imu.o(.text) refers to faddsub_clz.o(x$fpl$fsub) for __aeabi_fsub
    imu.o(.text) refers to f2d.o(x$fpl$f2d) for __aeabi_f2d
    imu.o(.text) refers to sqrt.o(i.sqrt) for sqrt
    imu.o(.text) refers to d2f.o(x$fpl$d2f) for __aeabi_d2f
    imu.o(.text) refers to imu.o(.data) for q0
    imu.o(.text) refers to daddsub_clz.o(x$fpl$drsb) for __aeabi_drsub
    imu.o(.text) refers to daddsub_clz.o(x$fpl$dsub) for __aeabi_dsub
    imu.o(.text) refers to dmul.o(x$fpl$dmul) for __aeabi_dmul
    imu.o(.text) refers to daddsub_clz.o(x$fpl$dadd) for __aeabi_dadd
    imu.o(.text) refers to feqf.o(x$fpl$feqf) for __aeabi_cfcmpeq
    imu.o(.text) refers to atan2.o(i.atan2) for atan2
    imu.o(.text) refers to ddiv.o(x$fpl$ddiv) for __aeabi_ddiv
    imu.o(.text) refers to asin.o(i.asin) for asin
    __main.o(!!!main) refers to rtentry.o(.ARM.Collect$$rtentry$$00000000) for __rt_entry
    d2f.o(x$fpl$d2f) refers (Special) to usenofp.o(x$fpl$usenofp) for __I$use$fp
    d2f.o(x$fpl$d2f) refers to fretinf.o(x$fpl$fretinf) for __fpl_fretinf
    d2f.o(x$fpl$d2f) refers to dnaninf.o(x$fpl$dnaninf) for __fpl_dnaninf
    daddsub_clz.o(x$fpl$dadd) refers (Special) to usenofp.o(x$fpl$usenofp) for __I$use$fp
[...]

Image Symbol Table

    Local Symbols

    Symbol Name                              Value     Ov Type        Size  Object(Section)

    ../../angel/boardlib.s                   0x00000000   Number         0  boardinit3.o ABSOLUTE
    ../../angel/boardlib.s                   0x00000000   Number         0  boardshut.o ABSOLUTE
    ../../angel/boardlib.s                   0x00000000   Number         0  boardinit2.o ABSOLUTE
    ../../angel/boardlib.s                   0x00000000   Number         0  boardinit1.o ABSOLUTE
    ../../angel/handlers.s                   0x00000000   Number         0  __scatter_copy.o ABSOLUTE
    ../../angel/handlers.s                   0x00000000   Number         0  __scatter_zi.o ABSOLUTE
    ../../angel/kernel.s                     0x00000000   Number         0  rtexit2.o ABSOLUTE
    ../../angel/kernel.s                     0x00000000   Number         0  rtentry4.o ABSOLUTE
    ../../angel/kernel.s                     0x00000000   Number         0  rtentry.o ABSOLUTE
    ../../angel/kernel.s                     0x00000000   Number         0  rtentry2.o ABSOLUTE
    ../../angel/kernel.s                     0x00000000   Number         0  rtexit.o ABSOLUTE
    ../../angel/rt.s                         0x00000000   Number         0  rt_fp_status_addr.o ABSOLUTE
    ../../angel/rt.s                         0x00000000   Number         0  rt_fp_status_addr_intlibspace.o ABSOLUTE
    ../../angel/rt.s                         0x00000000   Number         0  rt_errno_addr_intlibspace.o ABSOLUTE
    ../../angel/rt.s                         0x00000000   Number         0  rt_errno_addr.o ABSOLUTE
    ../../angel/rt.s                         0x00000000   Number         0  rt_raise.o ABSOLUTE
    ../../angel/scatter.s                    0x00000000   Number         0  __scatter.o ABSOLUTE
    ../../angel/startup.s                    0x00000000   Number         0  __main.o ABSOLUTE
    ../../angel/sys.s                        0x00000000   Number         0  libspace.o ABSOLUTE
    ../../angel/sys.s                        0x00000000   Number         0  sys_stackheap_outer.o ABSOLUTE
    ../../angel/sys.s                        0x00000000   Number         0  use_no_semi.o ABSOLUTE
    ../../angel/sysapp.c                     0x00000000   Number         0  sys_exit.o ABSOLUTE
    ../../angel/sysapp.c                     0x00000000   Number         0  sys_wrch.o ABSOLUTE
    ../../angel/sysapp.c                     0x00000000   Number         0  sys_command.o ABSOLUTE
    ../../armsys.c                           0x00000000   Number         0  argv_veneer.o ABSOLUTE
    ../../armsys.c                           0x00000000   Number         0  argv_veneer.o ABSOLUTE
    ../../armsys.c                           0x00000000   Number         0  _get_argv_nomalloc.o ABSOLUTE
    ../../armsys.c                           0x00000000   Number         0  no_argv.o ABSOLUTE
    ../../asin.c                             0x00000000   Number         0  asin_x.o ABSOLUTE
    ../../asin.c                             0x00000000   Number         0  asin.o ABSOLUTE
    ../../atan.c                             0x00000000   Number         0  atan.o ABSOLUTE
    ../../atan.c                             0x00000000   Number         0  atan_x.o ABSOLUTE
    ../../atan2.c                            0x00000000   Number         0  atan2.o ABSOLUTE
    ../../atan2.c                            0x00000000   Number         0  atan2_x.o ABSOLUTE
    ../../d2f.s                              0x00000000   Number         0  d2f.o ABSOLUTE
    ../../daddsub.s                          0x00000000   Number         0  daddsub_clz.o ABSOLUTE
    ../../dcheck1.s                          0x00000000   Number         0  dcheck1.o ABSOLUTE
    ../../dcmpi.s                            0x00000000   Number         0  dcmpi.o ABSOLUTE
    ../../ddiv.s                             0x00000000   Number         0  ddiv.o ABSOLUTE
    ../../dfix.s                             0x00000000   Number         0  dfix.o ABSOLUTE
    ../../dflt.s                             0x00000000   Number         0  dflt_clz.o ABSOLUTE
    ../../dleqf.s                            0x00000000   Number         0  dleqf.o ABSOLUTE
    ../../dmul.s                             0x00000000   Number         0  dmul.o ABSOLUTE
    ../../dnaninf.s                          0x00000000   Number         0  dnaninf.o ABSOLUTE
    ../../dretinf.s                          0x00000000   Number         0  dretinf.o ABSOLUTE
    ../../dsqrt.s                            0x00000000   Number         0  dsqrt_noumaal.o ABSOLUTE
    ../../dunder.c                           0x00000000   Number         0  dunder.o ABSOLUTE
    ../../f2d.s                              0x00000000   Number         0  f2d.o ABSOLUTE
    ../../faddsub.s                          0x00000000   Number         0  faddsub_clz.o ABSOLUTE
    ../../fcmpi.s                            0x00000000   Number         0  fcmpi.o ABSOLUTE
    ../../fdiv.s                             0x00000000   Number         0  fdiv.o ABSOLUTE
    ../../fenv.c                             0x00000000   Number         0  _rserrno.o ABSOLUTE
    ../../feqf.s                             0x00000000   Number         0  feqf.o ABSOLUTE
    ../../fflt.s                             0x00000000   Number         0  fflt_clz.o ABSOLUTE
    ../../fmul.s                             0x00000000   Number         0  fmul.o ABSOLUTE
    ../../fnaninf.s                          0x00000000   Number         0  fnaninf.o ABSOLUTE
    ../../fpclassify.c                       0x00000000   Number         0  fpclassify.o ABSOLUTE
    ../../fpinit.s                           0x00000000   Number         0  fpinit.o ABSOLUTE
    ../../fretinf.s                          0x00000000   Number         0  fretinf.o ABSOLUTE
    ../../heapalloc.c                        0x00000000   Number         0  hrguard.o ABSOLUTE
    ../../heapaux.c                          0x00000000   Number         0  heapauxi.o ABSOLUTE
    ../../libinit.s                          0x00000000   Number         0  libinit.o ABSOLUTE
    ../../libinit.s                          0x00000000   Number         0  libshutdown2.o ABSOLUTE
    ../../libinit.s                          0x00000000   Number         0  libshutdown.o ABSOLUTE
    ../../libinit.s                          0x00000000   Number         0  libinit2.o ABSOLUTE
    ../../memcpset.s                         0x00000000   Number         0  rt_memclr_w.o ABSOLUTE
    ../../poly.c                             0x00000000   Number         0  poly.o ABSOLUTE
    ../../qnan.c                             0x00000000   Number         0  qnan.o ABSOLUTE
    ../../retnan.s                           0x00000000   Number         0  retnan.o ABSOLUTE
    ../../scalbn.s                           0x00000000   Number         0  scalbn.o ABSOLUTE
    ../../signal.c                           0x00000000   Number         0  __raise.o ABSOLUTE
    ../../signal.c                           0x00000000   Number         0  defsig_rtmem_formal.o ABSOLUTE
    ../../signal.c                           0x00000000   Number         0  defsig_general.o ABSOLUTE
    ../../signal.c                           0x00000000   Number         0  defsig_rtred_inner.o ABSOLUTE
    ../../signal.c                           0x00000000   Number         0  defsig_other.o ABSOLUTE
    ../../signal.c                           0x00000000   Number         0  defsig_segv_inner.o ABSOLUTE
    ../../signal.c                           0x00000000   Number         0  defsig_cppl_inner.o ABSOLUTE
    ../../signal.c                           0x00000000   Number         0  defsig_abrt_inner.o ABSOLUTE
    ../../signal.c                           0x00000000   Number         0  defsig_stak_inner.o ABSOLUTE
    ../../signal.c                           0x00000000   Number         0  defsig_pvfn_inner.o ABSOLUTE
    ../../signal.c                           0x00000000   Number         0  defsig_fpe_inner.o ABSOLUTE
    ../../signal.c                           0x00000000   Number         0  defsig_rtmem_outer.o ABSOLUTE
    ../../signal.c                           0x00000000   Number         0  defsig_exit.o ABSOLUTE
    ../../signal.c                           0x00000000   Number         0  defsig_rtmem_inner.o ABSOLUTE
    ../../signal.s                           0x00000000   Number         0  defsig.o ABSOLUTE
    ../../sqrt.c                             0x00000000   Number         0  sqrt_x.o ABSOLUTE
    ../../sqrt.c                             0x00000000   Number         0  sqrt.o ABSOLUTE
    ../../stdlib.c                           0x00000000   Number         0  exit.o ABSOLUTE
    ../../trapv.s                            0x00000000   Number         0  trapv.o ABSOLUTE
    ../../usenofp.s                          0x00000000   Number         0  usenofp.o ABSOLUTE
    Libraries\CMSIS\Core\CM3\core_cm3.c      0x00000000   Number         0  core_cm3.o ABSOLUTE
    Libraries\CMSIS\Core\CM3\startup\arm\startup_stm32f10x_hd.s 0x00000000   Number         0  startup_stm32f10x_hd.o ABSOLUTE
    Libraries\CMSIS\Core\CM3\system_stm32f10x.c 0x00000000   Number         0  system_stm32f10x.o ABSOLUTE
    Libraries\STM32F10x_StdPeriph_Driver\src\misc.c 0x00000000   Number         0  misc.o ABSOLUTE
    Libraries\STM32F10x_StdPeriph_Driver\src\stm32f10x_flash.c 0x00000000   Number         0  stm32f10x_flash.o ABSOLUTE
    Libraries\STM32F10x_StdPeriph_Driver\src\stm32f10x_gpio.c 0x00000000   Number         0  stm32f10x_gpio.o ABSOLUTE
    Libraries\STM32F10x_StdPeriph_Driver\src\stm32f10x_rcc.c 0x00000000   Number         0  stm32f10x_rcc.o ABSOLUTE
    Libraries\STM32F10x_StdPeriph_Driver\src\stm32f10x_tim.c 0x00000000   Number         0  stm32f10x_tim.o ABSOLUTE
    Libraries\STM32F10x_StdPeriph_Driver\src\stm32f10x_usart.c 0x00000000   Number         0  stm32f10x_usart.o ABSOLUTE
    Libraries\STM32F10x_StdPeriph_Driver\src\stm32f10x_wwdg.c 0x00000000   Number         0  stm32f10x_wwdg.o ABSOLUTE
    Libraries\\CMSIS\\Core\\CM3\\core_cm3.c  0x00000000   Number         0  core_cm3.o ABSOLUTE
    SRC\algorithm\imu.c                      0x00000000   Number         0  imu.o ABSOLUTE
    SRC\driver\UARTs.c                       0x00000000   Number         0  uarts.o ABSOLUTE
    SRC\driver\delay.c                       0x00000000   Number         0  delay.o ABSOLUTE
    SRC\driver\hmc5883l.c                    0x00000000   Number         0  hmc5883l.o ABSOLUTE
    SRC\driver\ioi2c.c                       0x00000000   Number         0  ioi2c.o ABSOLUTE
    SRC\driver\mpu6050.c                     0x00000000   Number         0  mpu6050.o ABSOLUTE
    SRC\main.c                               0x00000000   Number         0  main.o ABSOLUTE
    SRC\stm32f10x_it.c                       0x00000000   Number         0  stm32f10x_it.o ABSOLUTE
    dc.s                                     0x00000000   Number         0  dc.o ABSOLUTE
    RESET                                    0x08000000   Section      304  startup_stm32f10x_hd.o(RESET)
    !!!main                                  0x08000130   Section        8  __main.o(!!!main)
    !!!scatter                               0x08000138   Section       52  __scatter.o(!!!scatter)
    !!handler_copy                           0x0800016c   Section       26  __scatter_copy.o(!!handler_copy)
    !!handler_zi                             0x08000188   Section       28  __scatter_zi.o(!!handler_zi)
    .ARM.Collect$$libinit$$00000000          0x080001a4   Section        6  libinit.o(.ARM.Collect$$libinit$$00000000)
    .ARM.Collect$$libinit$$00000006          0x080001aa   Section        0  libinit2.o(.ARM.Collect$$libinit$$00000006)
    .ARM.Collect$$libinit$$00000008          0x080001aa   Section        0  libinit2.o(.ARM.Collect$$libinit$$00000008)
    .ARM.Collect$$libinit$$0000000A          0x080001aa   Section        0  libinit2.o(.ARM.Collect$$libinit$$0000000A)
    .ARM.Collect$$libinit$$0000000D          0x080001aa   Section        0  libinit2.o(.ARM.Collect$$libinit$$0000000D)
    .ARM.Collect$$libinit$$0000000F          0x080001aa   Section        0  libinit2.o(.ARM.Collect$$libinit$$0000000F)
    .ARM.Collect$$libinit$$00000011          0x080001aa   Section        0  libinit2.o(.ARM.Collect$$libinit$$00000011)
    .ARM.Collect$$libinit$$00000013          0x080001aa   Section        0  libinit2.o(.ARM.Collect$$libinit$$00000013)
    .ARM.Collect$$libinit$$00000015          0x080001aa   Section        0  libinit2.o(.ARM.Collect$$libinit$$00000015)
    .ARM.Collect$$libinit$$00000017          0x080001aa   Section        0  libinit2.o(.ARM.Collect$$libinit$$00000017)
    .ARM.Collect$$libinit$$00000019          0x080001aa   Section        0  libinit2.o(.ARM.Collect$$libinit$$00000019)
    .ARM.Collect$$libinit$$0000001B          0x080001aa   Section        0  libinit2.o(.ARM.Collect$$libinit$$0000001B)
    .ARM.Collect$$libinit$$0000001D          0x080001aa   Section        0  libinit2.o(.ARM.Collect$$libinit$$0000001D)
    .ARM.Collect$$libinit$$0000001F          0x080001aa   Section        0  libinit2.o(.ARM.Collect$$libinit$$0000001F)
    .ARM.Collect$$libinit$$00000021          0x080001aa   Section        0  libinit2.o(.ARM.Collect$$libinit$$00000021)
    .ARM.Collect$$libinit$$00000028          0x080001aa   Section        0  libinit2.o(.ARM.Collect$$libinit$$00000028)
    .ARM.Collect$$libinit$$0000002A          0x080001aa   Section        0  libinit2.o(.ARM.Collect$$libinit$$0000002A)
    .ARM.Collect$$libinit$$0000002C          0x080001aa   Section        0  libinit2.o(.ARM.Collect$$libinit$$0000002C)
    .ARM.Collect$$libinit$$0000002E          0x080001aa   Section        0  libinit2.o(.ARM.Collect$$libinit$$0000002E)
    .ARM.Collect$$libinit$$0000002F          0x080001aa   Section        2  libinit2.o(.ARM.Collect$$libinit$$0000002F)
    .ARM.Collect$$libshutdown$$00000000      0x080001ac   Section        2  libshutdown.o(.ARM.Collect$$libshutdown$$00000000)
    .ARM.Collect$$libshutdown$$00000003      0x080001ae   Section        0  libshutdown2.o(.ARM.Collect$$libshutdown$$00000003)
    .ARM.Collect$$libshutdown$$00000006      0x080001ae   Section        0  libshutdown2.o(.ARM.Collect$$libshutdown$$00000006)
    .ARM.Collect$$libshutdown$$00000009      0x080001ae   Section        0  libshutdown2.o(.ARM.Collect$$libshutdown$$00000009)
    .ARM.Collect$$libshutdown$$0000000B      0x080001ae   Section        0  libshutdown2.o(.ARM.Collect$$libshutdown$$0000000B)
    .ARM.Collect$$libshutdown$$0000000E      0x080001ae   Section        0  libshutdown2.o(.ARM.Collect$$libshutdown$$0000000E)
    .ARM.Collect$$libshutdown$$0000000F      0x080001ae   Section        2  libshutdown2.o(.ARM.Collect$$libshutdown$$0000000F)
    .ARM.Collect$$rtentry$$00000000          0x080001b0   Section        0  rtentry.o(.ARM.Collect$$rtentry$$00000000)
    .ARM.Collect$$rtentry$$00000002          0x080001b0   Section        0  rtentry2.o(.ARM.Collect$$rtentry$$00000002)
    .ARM.Collect$$rtentry$$00000004          0x080001b0   Section        6  rtentry4.o(.ARM.Collect$$rtentry$$00000004)
    .ARM.Collect$$rtentry$$00000009          0x080001b6   Section        0  rtentry2.o(.ARM.Collect$$rtentry$$00000009)
    .ARM.Collect$$rtentry$$0000000A          0x080001b6   Section        4  rtentry2.o(.ARM.Collect$$rtentry$$0000000A)
    .ARM.Collect$$rtentry$$0000000C          0x080001ba   Section        0  rtentry2.o(.ARM.Collect$$rtentry$$0000000C)
    .ARM.Collect$$rtentry$$0000000D          0x080001ba   Section        8  rtentry2.o(.ARM.Collect$$rtentry$$0000000D)
    .ARM.Collect$$rtexit$$00000000           0x080001c2   Section        2  rtexit.o(.ARM.Collect$$rtexit$$00000000)
    .ARM.Collect$$rtexit$$00000002           0x080001c4   Section        0  rtexit2.o(.ARM.Collect$$rtexit$$00000002)
    .ARM.Collect$$rtexit$$00000003           0x080001c4   Section        4  rtexit2.o(.ARM.Collect$$rtexit$$00000003)
    .ARM.Collect$$rtexit$$00000004           0x080001c8   Section        6  rtexit2.o(.ARM.Collect$$rtexit$$00000004)
    .text                                    0x080001d0   Section        0  main.o(.text)
    .text                                    0x08000454   Section        0  stm32f10x_it.o(.text)
    .text                                    0x08000470   Section        0  stm32f10x_rcc.o(.text)
    .text                                    0x08000814   Section        0  stm32f10x_tim.o(.text)
    TI4_Config                               0x08000b05   Thumb Code    68  stm32f10x_tim.o(.text)
    TI3_Config                               0x08000b5b   Thumb Code    64  stm32f10x_tim.o(.text)
    TI2_Config                               0x08000bb1   Thumb Code    68  stm32f10x_tim.o(.text)
    TI1_Config                               0x08000c25   Thumb Code    54  stm32f10x_tim.o(.text)
    .text                                    0x08001340   Section        0  stm32f10x_usart.o(.text)
    .text                                    0x080016e8   Section        0  stm32f10x_wwdg.o(.text)
    .text                                    0x08001770   Section        0  misc.o(.text)
    .text                                    0x08001868   Section        0  stm32f10x_gpio.o(.text)
    .text                                    0x08001ba0   Section        0  stm32f10x_flash.o(.text)
    delay                                    0x08001c2b   Thumb Code    14  stm32f10x_flash.o(.text)
    .text                                    0x080020d8   Section       76  startup_stm32f10x_hd.o(.text)
    .text                                    0x08002124   Section        0  uarts.o(.text)
    .text                                    0x0800226c   Section        0  delay.o(.text)
    .text                                    0x0800230c   Section        0  ioi2c.o(.text)
    .text                                    0x080025cc   Section        0  mpu6050.o(.text)
    .text                                    0x0800276c   Section        0  hmc5883l.o(.text)
    .text                                    0x08002864   Section        0  imu.o(.text)
    .text                                    0x0800347c   Section       78  rt_memclr_w.o(.text)
    .text                                    0x080034ca   Section        0  heapauxi.o(.text)
    .text                                    0x080034d0   Section        0  _rserrno.o(.text)
    .text                                    0x080034e8   Section       12  rt_errno_addr_intlibspace.o(.text)
    .text                                    0x080034f4   Section        8  libspace.o(.text)
    .text                                    0x080034fc   Section       74  sys_stackheap_outer.o(.text)
    .text                                    0x08003546   Section        0  exit.o(.text)
    .text                                    0x08003554   Section       12  rt_fp_status_addr_intlibspace.o(.text)
    .text                                    0x08003560   Section        0  sys_exit.o(.text)
    .text                                    0x0800356c   Section        2  use_no_semi.o(.text)
    i.__ARM_fpclassify                       0x0800356e   Section        0  fpclassify.o(i.__ARM_fpclassify)
    i.__kernel_poly                          0x08003596   Section        0  poly.o(i.__kernel_poly)
    i.__mathlib_dbl_underflow                0x08003640   Section        0  dunder.o(i.__mathlib_dbl_underflow)
    i.asin                                   0x08003650   Section        0  asin.o(i.asin)
    i.atan                                   0x080038d0   Section        0  atan.o(i.atan)
    i.atan2                                  0x08003af4   Section        0  atan2.o(i.atan2)
    i.sqrt                                   0x08003c74   Section        0  sqrt.o(i.sqrt)
    x$fpl$d2f                                0x08003cc0   Section       98  d2f.o(x$fpl$d2f)
    x$fpl$dadd                               0x08003d24   Section      332  daddsub_clz.o(x$fpl$dadd)
    _dadd1                                   0x08003d35   Thumb Code     0  daddsub_clz.o(x$fpl$dadd)
    x$fpl$dcheck1                            0x08003e70   Section       16  dcheck1.o(x$fpl$dcheck1)
    x$fpl$ddiv                               0x08003e80   Section      688  ddiv.o(x$fpl$ddiv)
    ddiv_entry                               0x08003e87   Thumb Code     0  ddiv.o(x$fpl$ddiv)
    x$fpl$dfix                               0x08004130   Section       94  dfix.o(x$fpl$dfix)
    x$fpl$dflt                               0x0800418e   Section       46  dflt_clz.o(x$fpl$dflt)
    x$fpl$dmul                               0x080041bc   Section      340  dmul.o(x$fpl$dmul)
    x$fpl$dnaninf                            0x08004310   Section      156  dnaninf.o(x$fpl$dnaninf)
    x$fpl$dretinf                            0x080043ac   Section       12  dretinf.o(x$fpl$dretinf)
    x$fpl$drsb                               0x080043b8   Section       22  daddsub_clz.o(x$fpl$drsb)
    x$fpl$dsqrt                              0x080043d0   Section      460  dsqrt_noumaal.o(x$fpl$dsqrt)
    x$fpl$dsub                               0x0800459c   Section      468  daddsub_clz.o(x$fpl$dsub)
    _dsub1                                   0x080045ad   Thumb Code     0  daddsub_clz.o(x$fpl$dsub)
    x$fpl$f2d                                0x08004770   Section       86  f2d.o(x$fpl$f2d)
    x$fpl$fadd                               0x080047c8   Section      196  faddsub_clz.o(x$fpl$fadd)
    _fadd1                                   0x080047d7   Thumb Code     0  faddsub_clz.o(x$fpl$fadd)
    x$fpl$fcmpinf                            0x0800488c   Section       24  fcmpi.o(x$fpl$fcmpinf)
    x$fpl$fdiv                               0x080048a4   Section      388  fdiv.o(x$fpl$fdiv)
    _fdiv1                                   0x080048a5   Thumb Code     0  fdiv.o(x$fpl$fdiv)
    x$fpl$feqf                               0x08004a28   Section      104  feqf.o(x$fpl$feqf)
    x$fpl$ffltu                              0x08004a90   Section       38  fflt_clz.o(x$fpl$ffltu)
    x$fpl$fmul                               0x08004ab8   Section      258  fmul.o(x$fpl$fmul)
    x$fpl$fnaninf                            0x08004bba   Section      140  fnaninf.o(x$fpl$fnaninf)
    x$fpl$fpinit                             0x08004c46   Section       14  fpinit.o(x$fpl$fpinit)
    x$fpl$fretinf                            0x08004c54   Section       10  fretinf.o(x$fpl$fretinf)
    x$fpl$frsb                               0x08004c5e   Section       20  faddsub_clz.o(x$fpl$frsb)
    x$fpl$fsub                               0x08004c74   Section      234  faddsub_clz.o(x$fpl$fsub)
    _fsub1                                   0x08004c83   Thumb Code     0  faddsub_clz.o(x$fpl$fsub)
    x$fpl$retnan                             0x08004d5e   Section      100  retnan.o(x$fpl$retnan)
    x$fpl$scalbn                             0x08004dc2   Section       96  scalbn.o(x$fpl$scalbn)
    x$fpl$trapveneer                         0x08004e22   Section       48  trapv.o(x$fpl$trapveneer)
    x$fpl$usenofp                            0x08004e52   Section        0  usenofp.o(x$fpl$usenofp)
    .constdata                               0x08004e58   Section       80  asin.o(.constdata)
    pS                                       0x08004e58   Data          48  asin.o(.constdata)
    qS                                       0x08004e88   Data          32  asin.o(.constdata)
    .constdata                               0x08004ea8   Section      152  atan.o(.constdata)
    atanhi                                   0x08004ea8   Data          32  atan.o(.constdata)
    atanlo                                   0x08004ec8   Data          32  atan.o(.constdata)
    aTodd                                    0x08004ee8   Data          40  atan.o(.constdata)
    aTeven                                   0x08004f10   Data          48  atan.o(.constdata)
    .constdata                               0x08004f40   Section        8  qnan.o(.constdata)
    .data                                    0x20000000   Section       12  main.o(.data)
    .data                                    0x2000000c   Section       20  stm32f10x_rcc.o(.data)
    APBAHBPrescTable                         0x2000000c   Data          16  stm32f10x_rcc.o(.data)
    ADCPrescTable                            0x2000001c   Data           4  stm32f10x_rcc.o(.data)
    .data                                    0x20000020   Section        2  uarts.o(.data)
    .data                                    0x20000022   Section        4  delay.o(.data)
    fac_us                                   0x20000022   Data           1  delay.o(.data)
    fac_ms                                   0x20000024   Data           2  delay.o(.data)
    .data                                    0x20000028   Section       36  imu.o(.data)
    .bss                                     0x2000004c   Section      258  uarts.o(.bss)
    .bss                                     0x20000150   Section       96  libspace.o(.bss)
    HEAP                                     0x200001b0   Section      512  startup_stm32f10x_hd.o(HEAP)
    Heap_Mem                                 0x200001b0   Data         512  startup_stm32f10x_hd.o(HEAP)
    STACK                                    0x200003b0   Section     1024  startup_stm32f10x_hd.o(STACK)
    Stack_Mem                                0x200003b0   Data        1024  startup_stm32f10x_hd.o(STACK)
    __initial_sp                             0x200007b0   Data           0  startup_stm32f10x_hd.o(STACK)

    Global Symbols

    Symbol Name                              Value     Ov Type        Size  Object(Section)

    BuildAttributes$$THM_ISAv4$P$D$K$B$S$PE$A:L22UL41UL21$X:L11$S22US41US21$IEEE1$IW$USESV6$~STKCKD$USESV7$~SHL$OTIME$ROPI$IEEEX$EBA8$UX$STANDARDLIB$REQ8$PRES8$EABIv2 0x00000000   Number         0  anon$$obj.o ABSOLUTE
    __ARM_use_no_argv                        0x00000000   Number         0  main.o ABSOLUTE
    __ARM_exceptions_init                     - Undefined Weak Reference
    __alloca_initialize                       - Undefined Weak Reference
    __cpp_initialize__aeabi_                  - Undefined Weak Reference
    __cxa_finalize                            - Undefined Weak Reference
    __fpl_infinity                            - Undefined Weak Reference
    __rt_locale                               - Undefined Weak Reference
    __sigvec_lookup                           - Undefined Weak Reference
    _atexit_init                              - Undefined Weak Reference
    _call_atexit_fns                          - Undefined Weak Reference
    _clock_init                               - Undefined Weak Reference
    _fp_trap_init                             - Undefined Weak Reference
    _fp_trap_shutdown                         - Undefined Weak Reference
    _get_lc_collate                           - Undefined Weak Reference
    _get_lc_ctype                             - Undefined Weak Reference
    _get_lc_monetary                          - Undefined Weak Reference
    _get_lc_numeric                           - Undefined Weak Reference
    _get_lc_time                              - Undefined Weak Reference
    _getenv_init                              - Undefined Weak Reference
    _handle_redirection                       - Undefined Weak Reference
    _init_alloc                               - Undefined Weak Reference
    _init_user_alloc                          - Undefined Weak Reference
    _initio                                   - Undefined Weak Reference
    _rand_init                                - Undefined Weak Reference
    _signal_finish                            - Undefined Weak Reference
    _signal_init                              - Undefined Weak Reference
    _terminate_alloc                          - Undefined Weak Reference
    _terminate_user_alloc                     - Undefined Weak Reference
    _terminateio                              - Undefined Weak Reference
    __Vectors_Size                           0x00000130   Number         0  startup_stm32f10x_hd.o ABSOLUTE
    __Vectors                                0x08000000   Data           4  startup_stm32f10x_hd.o(RESET)
    __Vectors_End                            0x08000130   Data           0  startup_stm32f10x_hd.o(RESET)
    __main                                   0x08000131   Thumb Code     8  __main.o(!!!main)
    __scatterload                            0x08000139   Thumb Code     0  __scatter.o(!!!scatter)
    __scatterload_rt2                        0x08000139   Thumb Code    44  __scatter.o(!!!scatter)
    __scatterload_rt2_thumb_only             0x08000139   Thumb Code     0  __scatter.o(!!!scatter)
    __scatterload_null                       0x08000147   Thumb Code     0  __scatter.o(!!!scatter)
    __scatterload_copy                       0x0800016d   Thumb Code    26  __scatter_copy.o(!!handler_copy)
    __scatterload_zeroinit                   0x08000189   Thumb Code    28  __scatter_zi.o(!!handler_zi)
    __rt_lib_init                            0x080001a5   Thumb Code     0  libinit.o(.ARM.Collect$$libinit$$00000000)
    __rt_lib_init_alloca_1                   0x080001ab   Thumb Code     0  libinit2.o(.ARM.Collect$$libinit$$0000002A)
    __rt_lib_init_argv_1                     0x080001ab   Thumb Code     0  libinit2.o(.ARM.Collect$$libinit$$00000028)
    __rt_lib_init_atexit_1                   0x080001ab   Thumb Code     0  libinit2.o(.ARM.Collect$$libinit$$00000017)
    __rt_lib_init_clock_1                    0x080001ab   Thumb Code     0  libinit2.o(.ARM.Collect$$libinit$$0000001D)
    __rt_lib_init_cpp_1                      0x080001ab   Thumb Code     0  libinit2.o(.ARM.Collect$$libinit$$0000002E)
    __rt_lib_init_exceptions_1               0x080001ab   Thumb Code     0  libinit2.o(.ARM.Collect$$libinit$$0000002C)
    __rt_lib_init_fp_trap_1                  0x080001ab   Thumb Code     0  libinit2.o(.ARM.Collect$$libinit$$0000001B)
    __rt_lib_init_getenv_1                   0x080001ab   Thumb Code     0  libinit2.o(.ARM.Collect$$libinit$$0000001F)
    __rt_lib_init_heap_1                     0x080001ab   Thumb Code     0  libinit2.o(.ARM.Collect$$libinit$$00000006)
    __rt_lib_init_lc_collate_1               0x080001ab   Thumb Code     0  libinit2.o(.ARM.Collect$$libinit$$0000000D)
    __rt_lib_init_lc_ctype_1                 0x080001ab   Thumb Code     0  libinit2.o(.ARM.Collect$$libinit$$0000000F)
    __rt_lib_init_lc_monetary_1              0x080001ab   Thumb Code     0  libinit2.o(.ARM.Collect$$libinit$$00000011)
    __rt_lib_init_lc_numeric_1               0x080001ab   Thumb Code     0  libinit2.o(.ARM.Collect$$libinit$$00000013)
    __rt_lib_init_lc_time_1                  0x080001ab   Thumb Code     0  libinit2.o(.ARM.Collect$$libinit$$00000015)
    __rt_lib_init_rand_1                     0x080001ab   Thumb Code     0  libinit2.o(.ARM.Collect$$libinit$$0000000A)
    __rt_lib_init_return                     0x080001ab   Thumb Code     0  libinit2.o(.ARM.Collect$$libinit$$0000002F)
    __rt_lib_init_signal_1                   0x080001ab   Thumb Code     0  libinit2.o(.ARM.Collect$$libinit$$00000019)
    __rt_lib_init_stdio_1                    0x080001ab   Thumb Code     0  libinit2.o(.ARM.Collect$$libinit$$00000021)
    __rt_lib_init_user_alloc_1               0x080001ab   Thumb Code     0  libinit2.o(.ARM.Collect$$libinit$$00000008)
    __rt_lib_shutdown                        0x080001ad   Thumb Code     0  libshutdown.o(.ARM.Collect$$libshutdown$$00000000)
    __rt_lib_shutdown_fp_trap_1              0x080001af   Thumb Code     0  libshutdown2.o(.ARM.Collect$$libshutdown$$00000006)
    __rt_lib_shutdown_heap_1                 0x080001af   Thumb Code     0  libshutdown2.o(.ARM.Collect$$libshutdown$$0000000E)
    __rt_lib_shutdown_return                 0x080001af   Thumb Code     0  libshutdown2.o(.ARM.Collect$$libshutdown$$0000000F)
    __rt_lib_shutdown_signal_1               0x080001af   Thumb Code     0  libshutdown2.o(.ARM.Collect$$libshutdown$$00000009)
    __rt_lib_shutdown_stdio_1                0x080001af   Thumb Code     0  libshutdown2.o(.ARM.Collect$$libshutdown$$00000003)
    __rt_lib_shutdown_user_alloc_1           0x080001af   Thumb Code     0  libshutdown2.o(.ARM.Collect$$libshutdown$$0000000B)
    __rt_entry                               0x080001b1   Thumb Code     0  rtentry.o(.ARM.Collect$$rtentry$$00000000)
    __rt_entry_presh_1                       0x080001b1   Thumb Code     0  rtentry2.o(.ARM.Collect$$rtentry$$00000002)
    __rt_entry_sh                            0x080001b1   Thumb Code     0  rtentry4.o(.ARM.Collect$$rtentry$$00000004)
    __rt_entry_li                            0x080001b7   Thumb Code     0  rtentry2.o(.ARM.Collect$$rtentry$$0000000A)
    __rt_entry_postsh_1                      0x080001b7   Thumb Code     0  rtentry2.o(.ARM.Collect$$rtentry$$00000009)
    __rt_entry_main                          0x080001bb   Thumb Code     0  rtentry2.o(.ARM.Collect$$rtentry$$0000000D)
    __rt_entry_postli_1                      0x080001bb   Thumb Code     0  rtentry2.o(.ARM.Collect$$rtentry$$0000000C)
    __rt_exit                                0x080001c3   Thumb Code     0  rtexit.o(.ARM.Collect$$rtexit$$00000000)
    __rt_exit_ls                             0x080001c5   Thumb Code     0  rtexit2.o(.ARM.Collect$$rtexit$$00000003)
    __rt_exit_prels_1                        0x080001c5   Thumb Code     0  rtexit2.o(.ARM.Collect$$rtexit$$00000002)
    __rt_exit_exit                           0x080001c9   Thumb Code     0  rtexit2.o(.ARM.Collect$$rtexit$$00000004)
    out_int16_t                              0x080001d1   Thumb Code    48  main.o(.text)
    NVIC_Configuration                       0x08000201   Thumb Code    56  main.o(.text)
    GPIO_Configuration                       0x08000239   Thumb Code    90  main.o(.text)
    RCC_Configuration                        0x08000293   Thumb Code   110  main.o(.text)
    main                                     0x08000301   Thumb Code   268  main.o(.text)
    WWDG_Configuration                       0x0800040d   Thumb Code    40  main.o(.text)
    WWDG_IRQHandler                          0x08000435   Thumb Code    14  main.o(.text)
    NMI_Handler                              0x08000455   Thumb Code     2  stm32f10x_it.o(.text)
    HardFault_Handler                        0x08000457   Thumb Code     4  stm32f10x_it.o(.text)
    MemManage_Handler                        0x0800045b   Thumb Code     4  stm32f10x_it.o(.text)
    BusFault_Handler                         0x0800045f   Thumb Code     4  stm32f10x_it.o(.text)
    UsageFault_Handler                       0x08000463   Thumb Code     4  stm32f10x_it.o(.text)
    SVC_Handler                              0x08000467   Thumb Code     2  stm32f10x_it.o(.text)
    DebugMon_Handler                         0x08000469   Thumb Code     2  stm32f10x_it.o(.text)
    PendSV_Handler                           0x0800046b   Thumb Code     2  stm32f10x_it.o(.text)
    SysTick_Handler                          0x0800046d   Thumb Code     2  stm32f10x_it.o(.text)
    RCC_DeInit                               0x08000471   Thumb Code    64  stm32f10x_rcc.o(.text)
    RCC_HSEConfig                            0x080004b1   Thumb Code    70  stm32f10x_rcc.o(.text)
    RCC_GetFlagStatus                        0x080004f7   Thumb Code    56  stm32f10x_rcc.o(.text)
    RCC_WaitForHSEStartUp                    0x0800052f   Thumb Code    48  stm32f10x_rcc.o(.text)
    RCC_AdjustHSICalibrationValue            0x0800055f   Thumb Code    20  stm32f10x_rcc.o(.text)
    RCC_HSICmd                               0x08000573   Thumb Code     6  stm32f10x_rcc.o(.text)
    RCC_PLLConfig                            0x08000579   Thumb Code    24  stm32f10x_rcc.o(.text)
    RCC_PLLCmd                               0x08000591   Thumb Code     6  stm32f10x_rcc.o(.text)
    RCC_SYSCLKConfig                         0x08000597   Thumb Code    18  stm32f10x_rcc.o(.text)
    RCC_GetSYSCLKSource                      0x080005a9   Thumb Code    10  stm32f10x_rcc.o(.text)
    RCC_HCLKConfig                           0x080005b3   Thumb Code    18  stm32f10x_rcc.o(.text)
    RCC_PCLK1Config                          0x080005c5   Thumb Code    18  stm32f10x_rcc.o(.text)
    RCC_PCLK2Config                          0x080005d7   Thumb Code    20  stm32f10x_rcc.o(.text)
    RCC_ITConfig                             0x080005eb   Thumb Code    30  stm32f10x_rcc.o(.text)
    RCC_USBCLKConfig                         0x08000609   Thumb Code     6  stm32f10x_rcc.o(.text)
    RCC_ADCCLKConfig                         0x0800060f   Thumb Code    18  stm32f10x_rcc.o(.text)
    RCC_LSEConfig                            0x08000621   Thumb Code    44  stm32f10x_rcc.o(.text)
    RCC_LSICmd                               0x0800064d   Thumb Code     6  stm32f10x_rcc.o(.text)
    RCC_RTCCLKConfig                         0x08000653   Thumb Code    12  stm32f10x_rcc.o(.text)
    RCC_RTCCLKCmd                            0x0800065f   Thumb Code     6  stm32f10x_rcc.o(.text)
    RCC_GetClocksFreq                        0x08000665   Thumb Code   192  stm32f10x_rcc.o(.text)
    RCC_AHBPeriphClockCmd                    0x08000725   Thumb Code    26  stm32f10x_rcc.o(.text)
    RCC_APB2PeriphClockCmd                   0x0800073f   Thumb Code    26  stm32f10x_rcc.o(.text)
    RCC_APB1PeriphClockCmd                   0x08000759   Thumb Code    26  stm32f10x_rcc.o(.text)
    RCC_APB2PeriphResetCmd                   0x08000773   Thumb Code    26  stm32f10x_rcc.o(.text)
    RCC_APB1PeriphResetCmd                   0x0800078d   Thumb Code    26  stm32f10x_rcc.o(.text)
    RCC_BackupResetCmd                       0x080007a7   Thumb Code     6  stm32f10x_rcc.o(.text)
    RCC_ClockSecuritySystemCmd               0x080007ad   Thumb Code     6  stm32f10x_rcc.o(.text)
    RCC_MCOConfig                            0x080007b3   Thumb Code     6  stm32f10x_rcc.o(.text)
    RCC_ClearFlag                            0x080007b9   Thumb Code    14  stm32f10x_rcc.o(.text)
    RCC_GetITStatus                          0x080007c7   Thumb Code    20  stm32f10x_rcc.o(.text)
    RCC_ClearITPendingBit                    0x080007db   Thumb Code     6  stm32f10x_rcc.o(.text)
    TIM_DeInit                               0x08000815   Thumb Code   196  stm32f10x_tim.o(.text)
    TIM_TimeBaseInit                         0x080008d9   Thumb Code    50  stm32f10x_tim.o(.text)
    TIM_OC1Init                              0x0800090b   Thumb Code   110  stm32f10x_tim.o(.text)
    TIM_OC2Init                              0x08000979   Thumb Code   140  stm32f10x_tim.o(.text)
    TIM_OC3Init                              0x08000a05   Thumb Code   136  stm32f10x_tim.o(.text)
    TIM_OC4Init                              0x08000a8d   Thumb Code    98  stm32f10x_tim.o(.text)
    TIM_SetIC4Prescaler                      0x08000aef   Thumb Code    22  stm32f10x_tim.o(.text)
    TIM_SetIC3Prescaler                      0x08000b49   Thumb Code    18  stm32f10x_tim.o(.text)
    TIM_SetIC2Prescaler                      0x08000b9b   Thumb Code    22  stm32f10x_tim.o(.text)
    TIM_SetIC1Prescaler                      0x08000bf5   Thumb Code    48  stm32f10x_tim.o(.text)
    TIM_ICInit                               0x08000c5b   Thumb Code   110  stm32f10x_tim.o(.text)
    TIM_PWMIConfig                           0x08000cc9   Thumb Code   124  stm32f10x_tim.o(.text)
    TIM_BDTRConfig                           0x08000d45   Thumb Code    32  stm32f10x_tim.o(.text)
    TIM_TimeBaseStructInit                   0x08000d65   Thumb Code    18  stm32f10x_tim.o(.text)
    TIM_OCStructInit                         0x08000d77   Thumb Code    20  stm32f10x_tim.o(.text)
    TIM_ICStructInit                         0x08000d8b   Thumb Code    18  stm32f10x_tim.o(.text)
    TIM_BDTRStructInit                       0x08000d9d   Thumb Code    18  stm32f10x_tim.o(.text)
    TIM_Cmd                                  0x08000daf   Thumb Code    24  stm32f10x_tim.o(.text)
    TIM_CtrlPWMOutputs                       0x08000dc7   Thumb Code    30  stm32f10x_tim.o(.text)
    TIM_ITConfig                             0x08000de5   Thumb Code    24  stm32f10x_tim.o(.text)
    TIM_GenerateEvent                        0x08000dfd   Thumb Code     4  stm32f10x_tim.o(.text)
    TIM_DMAConfig                            0x08000e01   Thumb Code    10  stm32f10x_tim.o(.text)
    TIM_DMACmd                               0x08000e0b   Thumb Code    24  stm32f10x_tim.o(.text)
    TIM_InternalClockConfig                  0x08000e23   Thumb Code    12  stm32f10x_tim.o(.text)
    TIM_SelectInputTrigger                   0x08000e2f   Thumb Code    18  stm32f10x_tim.o(.text)
    TIM_ITRxExternalClockConfig              0x08000e41   Thumb Code    24  stm32f10x_tim.o(.text)
    TIM_TIxExternalClockConfig               0x08000e59   Thumb Code    62  stm32f10x_tim.o(.text)
    TIM_ETRConfig                            0x08000e97   Thumb Code    24  stm32f10x_tim.o(.text)
    TIM_ETRClockMode1Config                  0x08000eaf   Thumb Code    54  stm32f10x_tim.o(.text)
    TIM_ETRClockMode2Config                  0x08000ee5   Thumb Code    32  stm32f10x_tim.o(.text)
    TIM_PrescalerConfig                      0x08000f05   Thumb Code     6  stm32f10x_tim.o(.text)
    TIM_CounterModeConfig                    0x08000f0b   Thumb Code    18  stm32f10x_tim.o(.text)
    TIM_EncoderInterfaceConfig               0x08000f1d   Thumb Code    62  stm32f10x_tim.o(.text)
    TIM_ForcedOC1Config                      0x08000f5b   Thumb Code    18  stm32f10x_tim.o(.text)
    TIM_ForcedOC2Config                      0x08000f6d   Thumb Code    22  stm32f10x_tim.o(.text)
    TIM_ForcedOC3Config                      0x08000f83   Thumb Code    18  stm32f10x_tim.o(.text)
    TIM_ForcedOC4Config                      0x08000f95   Thumb Code    22  stm32f10x_tim.o(.text)
    TIM_ARRPreloadConfig                     0x08000fab   Thumb Code    24  stm32f10x_tim.o(.text)
    TIM_SelectCOM                            0x08000fc3   Thumb Code    24  stm32f10x_tim.o(.text)
    TIM_SelectCCDMA                          0x08000fdb   Thumb Code    24  stm32f10x_tim.o(.text)
    TIM_CCPreloadControl                     0x08000ff3   Thumb Code    24  stm32f10x_tim.o(.text)
    TIM_OC1PreloadConfig                     0x0800100b   Thumb Code    18  stm32f10x_tim.o(.text)
    TIM_OC2PreloadConfig                     0x0800101d   Thumb Code    22  stm32f10x_tim.o(.text)
    TIM_OC3PreloadConfig                     0x08001033   Thumb Code    18  stm32f10x_tim.o(.text)
    TIM_OC4PreloadConfig                     0x08001045   Thumb Code    22  stm32f10x_tim.o(.text)
    TIM_OC1FastConfig                        0x0800105b   Thumb Code    18  stm32f10x_tim.o(.text)
    TIM_OC2FastConfig                        0x0800106d   Thumb Code    22  stm32f10x_tim.o(.text)
    TIM_OC3FastConfig                        0x08001083   Thumb Code    18  stm32f10x_tim.o(.text)
    TIM_OC4FastConfig                        0x08001095   Thumb Code    22  stm32f10x_tim.o(.text)
    TIM_ClearOC1Ref                          0x080010ab   Thumb Code    18  stm32f10x_tim.o(.text)
    TIM_ClearOC2Ref                          0x080010bd   Thumb Code    20  stm32f10x_tim.o(.text)
    TIM_ClearOC3Ref                          0x080010d1   Thumb Code    18  stm32f10x_tim.o(.text)
    TIM_ClearOC4Ref                          0x080010e3   Thumb Code    20  stm32f10x_tim.o(.text)
    TIM_OC1PolarityConfig                    0x080010f7   Thumb Code    18  stm32f10x_tim.o(.text)
    TIM_OC1NPolarityConfig                   0x08001109   Thumb Code    18  stm32f10x_tim.o(.text)
    TIM_OC2PolarityConfig                    0x0800111b   Thumb Code    22  stm32f10x_tim.o(.text)
    TIM_OC2NPolarityConfig                   0x08001131   Thumb Code    22  stm32f10x_tim.o(.text)
    TIM_OC3PolarityConfig                    0x08001147   Thumb Code    22  stm32f10x_tim.o(.text)
    TIM_OC3NPolarityConfig                   0x0800115d   Thumb Code    22  stm32f10x_tim.o(.text)
    TIM_OC4PolarityConfig                    0x08001173   Thumb Code    22  stm32f10x_tim.o(.text)
    TIM_CCxCmd                               0x08001189   Thumb Code    34  stm32f10x_tim.o(.text)
    TIM_CCxNCmd                              0x080011ab   Thumb Code    34  stm32f10x_tim.o(.text)
    TIM_SelectOCxM                           0x080011cd   Thumb Code    86  stm32f10x_tim.o(.text)
    TIM_UpdateDisableConfig                  0x08001223   Thumb Code    24  stm32f10x_tim.o(.text)
    TIM_UpdateRequestConfig                  0x0800123b   Thumb Code    24  stm32f10x_tim.o(.text)
    TIM_SelectHallSensor                     0x08001253   Thumb Code    24  stm32f10x_tim.o(.text)
    TIM_SelectOnePulseMode                   0x0800126b   Thumb Code    18  stm32f10x_tim.o(.text)
    TIM_SelectOutputTrigger                  0x0800127d   Thumb Code    18  stm32f10x_tim.o(.text)
    TIM_SelectSlaveMode                      0x0800128f   Thumb Code    18  stm32f10x_tim.o(.text)
    TIM_SelectMasterSlaveMode                0x080012a1   Thumb Code    18  stm32f10x_tim.o(.text)
    TIM_SetCounter                           0x080012b3   Thumb Code     4  stm32f10x_tim.o(.text)
    TIM_SetAutoreload                        0x080012b7   Thumb Code     4  stm32f10x_tim.o(.text)
    TIM_SetCompare1                          0x080012bb   Thumb Code     4  stm32f10x_tim.o(.text)
    TIM_SetCompare2                          0x080012bf   Thumb Code     4  stm32f10x_tim.o(.text)
    TIM_SetCompare3                          0x080012c3   Thumb Code     4  stm32f10x_tim.o(.text)
    TIM_SetCompare4                          0x080012c7   Thumb Code     6  stm32f10x_tim.o(.text)
    TIM_SetClockDivision                     0x080012cd   Thumb Code    14  stm32f10x_tim.o(.text)
    TIM_GetCapture1                          0x080012db   Thumb Code     6  stm32f10x_tim.o(.text)
    TIM_GetCapture2                          0x080012e1   Thumb Code     6  stm32f10x_tim.o(.text)
    TIM_GetCapture3                          0x080012e7   Thumb Code     6  stm32f10x_tim.o(.text)
    TIM_GetCapture4                          0x080012ed   Thumb Code     8  stm32f10x_tim.o(.text)
    TIM_GetCounter                           0x080012f5   Thumb Code     6  stm32f10x_tim.o(.text)
    TIM_GetPrescaler                         0x080012fb   Thumb Code     6  stm32f10x_tim.o(.text)
    TIM_GetFlagStatus                        0x08001301   Thumb Code    18  stm32f10x_tim.o(.text)
    TIM_ClearFlag                            0x08001313   Thumb Code     6  stm32f10x_tim.o(.text)
    TIM_GetITStatus                          0x08001319   Thumb Code    34  stm32f10x_tim.o(.text)
    TIM_ClearITPendingBit                    0x0800133b   Thumb Code     6  stm32f10x_tim.o(.text)
    USART_DeInit                             0x08001341   Thumb Code   134  stm32f10x_usart.o(.text)
    USART_Init                               0x080013c7   Thumb Code   156  stm32f10x_usart.o(.text)
    USART_StructInit                         0x08001463   Thumb Code    24  stm32f10x_usart.o(.text)
    USART_ClockInit                          0x0800147b   Thumb Code    34  stm32f10x_usart.o(.text)
    USART_ClockStructInit                    0x0800149d   Thumb Code    12  stm32f10x_usart.o(.text)
    USART_Cmd                                0x080014a9   Thumb Code    24  stm32f10x_usart.o(.text)
    USART_ITConfig                           0x080014c1   Thumb Code    74  stm32f10x_usart.o(.text)
    USART_DMACmd                             0x0800150b   Thumb Code    24  stm32f10x_usart.o(.text)
    USART_SetAddress                         0x08001523   Thumb Code    18  stm32f10x_usart.o(.text)
    USART_WakeUpConfig                       0x08001535   Thumb Code    18  stm32f10x_usart.o(.text)
    USART_ReceiverWakeUpCmd                  0x08001547   Thumb Code    24  stm32f10x_usart.o(.text)
    USART_LINBreakDetectLengthConfig         0x0800155f   Thumb Code    18  stm32f10x_usart.o(.text)
    USART_LINCmd                             0x08001571   Thumb Code    24  stm32f10x_usart.o(.text)
    USART_SendData                           0x08001589   Thumb Code     8  stm32f10x_usart.o(.text)
    USART_ReceiveData                        0x08001591   Thumb Code    10  stm32f10x_usart.o(.text)
    USART_SendBreak                          0x0800159b   Thumb Code    10  stm32f10x_usart.o(.text)
    USART_SetGuardTime                       0x080015a5   Thumb Code    16  stm32f10x_usart.o(.text)
    USART_SetPrescaler                       0x080015b5   Thumb Code    16  stm32f10x_usart.o(.text)
    USART_SmartCardCmd                       0x080015c5   Thumb Code    24  stm32f10x_usart.o(.text)
    USART_SmartCardNACKCmd                   0x080015dd   Thumb Code    24  stm32f10x_usart.o(.text)
    USART_HalfDuplexCmd                      0x080015f5   Thumb Code    24  stm32f10x_usart.o(.text)
    USART_IrDAConfig                         0x0800160d   Thumb Code    18  stm32f10x_usart.o(.text)
    USART_IrDACmd                            0x0800161f   Thumb Code    24  stm32f10x_usart.o(.text)
    USART_GetFlagStatus                      0x08001637   Thumb Code    26  stm32f10x_usart.o(.text)
    USART_ClearFlag                          0x08001651   Thumb Code    18  stm32f10x_usart.o(.text)
    USART_GetITStatus                        0x08001663   Thumb Code    84  stm32f10x_usart.o(.text)
    USART_ClearITPendingBit                  0x080016b7   Thumb Code    30  stm32f10x_usart.o(.text)
    WWDG_DeInit                              0x080016e9   Thumb Code    22  stm32f10x_wwdg.o(.text)
    WWDG_SetPrescaler                        0x080016ff   Thumb Code    22  stm32f10x_wwdg.o(.text)
    WWDG_SetWindowValue                      0x08001715   Thumb Code    26  stm32f10x_wwdg.o(.text)
    WWDG_EnableIT                            0x0800172f   Thumb Code     8  stm32f10x_wwdg.o(.text)
    WWDG_SetCounter                          0x08001737   Thumb Code    10  stm32f10x_wwdg.o(.text)
    WWDG_Enable                              0x08001741   Thumb Code    10  stm32f10x_wwdg.o(.text)
    WWDG_GetFlagStatus                       0x0800174b   Thumb Code     8  stm32f10x_wwdg.o(.text)
    WWDG_ClearFlag                           0x08001753   Thumb Code     8  stm32f10x_wwdg.o(.text)
    NVIC_PriorityGroupConfig                 0x08001771   Thumb Code    10  misc.o(.text)
    NVIC_Init                                0x0800177b   Thumb Code   118  misc.o(.text)
    NVIC_SetVectorTable                      0x080017f1   Thumb Code    12  misc.o(.text)
    NVIC_SystemLPConfig                      0x080017fd   Thumb Code    38  misc.o(.text)
    SysTick_CLKSourceConfig                  0x08001823   Thumb Code    40  misc.o(.text)
    GPIO_DeInit                              0x08001869   Thumb Code   172  stm32f10x_gpio.o(.text)
    GPIO_AFIODeInit                          0x08001915   Thumb Code    20  stm32f10x_gpio.o(.text)
    GPIO_Init                                0x08001929   Thumb Code   274  stm32f10x_gpio.o(.text)
    GPIO_StructInit                          0x08001a3b   Thumb Code    16  stm32f10x_gpio.o(.text)
    GPIO_ReadInputDataBit                    0x08001a4b   Thumb Code    18  stm32f10x_gpio.o(.text)
    GPIO_ReadInputData                       0x08001a5d   Thumb Code     8  stm32f10x_gpio.o(.text)
    GPIO_ReadOutputDataBit                   0x08001a65   Thumb Code    18  stm32f10x_gpio.o(.text)
    GPIO_ReadOutputData                      0x08001a77   Thumb Code     8  stm32f10x_gpio.o(.text)
    GPIO_SetBits                             0x08001a7f   Thumb Code     4  stm32f10x_gpio.o(.text)
    GPIO_ResetBits                           0x08001a83   Thumb Code     4  stm32f10x_gpio.o(.text)
    GPIO_WriteBit                            0x08001a87   Thumb Code    10  stm32f10x_gpio.o(.text)
    GPIO_Write                               0x08001a91   Thumb Code     4  stm32f10x_gpio.o(.text)
    GPIO_PinLockConfig                       0x08001a95   Thumb Code    18  stm32f10x_gpio.o(.text)
    GPIO_EventOutputConfig                   0x08001aa7   Thumb Code    26  stm32f10x_gpio.o(.text)
    GPIO_EventOutputCmd                      0x08001ac1   Thumb Code     6  stm32f10x_gpio.o(.text)
    GPIO_PinRemapConfig                      0x08001ac7   Thumb Code   106  stm32f10x_gpio.o(.text)
    GPIO_EXTILineConfig                      0x08001b31   Thumb Code    66  stm32f10x_gpio.o(.text)
    GPIO_ETH_MediaInterfaceConfig            0x08001b73   Thumb Code     6  stm32f10x_gpio.o(.text)
    FLASH_SetLatency                         0x08001ba1   Thumb Code    18  stm32f10x_flash.o(.text)
    FLASH_HalfCycleAccessCmd                 0x08001bb3   Thumb Code    22  stm32f10x_flash.o(.text)
    FLASH_PrefetchBufferCmd                  0x08001bc9   Thumb Code    22  stm32f10x_flash.o(.text)
    FLASH_Unlock                             0x08001bdf   Thumb Code    12  stm32f10x_flash.o(.text)
    FLASH_Lock                               0x08001beb   Thumb Code    14  stm32f10x_flash.o(.text)
    FLASH_GetStatus                          0x08001bf9   Thumb Code    50  stm32f10x_flash.o(.text)
    FLASH_WaitForLastOperation               0x08001c39   Thumb Code    42  stm32f10x_flash.o(.text)
    FLASH_ErasePage                          0x08001c63   Thumb Code    76  stm32f10x_flash.o(.text)
    FLASH_EraseAllPages                      0x08001caf   Thumb Code    72  stm32f10x_flash.o(.text)
    FLASH_EraseOptionBytes                   0x08001cf7   Thumb Code   144  stm32f10x_flash.o(.text)
    FLASH_ProgramWord                        0x08001d87   Thumb Code   108  stm32f10x_flash.o(.text)
    FLASH_ProgramHalfWord                    0x08001df3   Thumb Code    64  stm32f10x_flash.o(.text)
    FLASH_ProgramOptionByteData              0x08001e33   Thumb Code    72  stm32f10x_flash.o(.text)
    FLASH_EnableWriteProtection              0x08001e7b   Thumb Code   178  stm32f10x_flash.o(.text)
    FLASH_ReadOutProtection                  0x08001f2d   Thumb Code   186  stm32f10x_flash.o(.text)
    FLASH_UserOptionByteConfig               0x08001fe7   Thumb Code    92  stm32f10x_flash.o(.text)
    FLASH_GetUserOptionByte                  0x08002043   Thumb Code     8  stm32f10x_flash.o(.text)
    FLASH_GetWriteProtectionOptionByte       0x0800204b   Thumb Code     6  stm32f10x_flash.o(.text)
    FLASH_GetReadOutProtectionStatus         0x08002051   Thumb Code    20  stm32f10x_flash.o(.text)
    FLASH_GetPrefetchBufferStatus            0x08002065   Thumb Code    20  stm32f10x_flash.o(.text)
    FLASH_ITConfig                           0x08002079   Thumb Code    26  stm32f10x_flash.o(.text)
    FLASH_GetFlagStatus                      0x08002093   Thumb Code    42  stm32f10x_flash.o(.text)
    FLASH_ClearFlag                          0x080020bd   Thumb Code     6  stm32f10x_flash.o(.text)
    SystemInit_ExtMemCtl                     0x080020d9   Thumb Code     2  startup_stm32f10x_hd.o(.text)
    Reset_Handler                            0x080020db   Thumb Code    14  startup_stm32f10x_hd.o(.text)
    ADC1_2_IRQHandler                        0x080020fb   Thumb Code     0  startup_stm32f10x_hd.o(.text)
    ADC3_IRQHandler                          0x080020fb   Thumb Code     0  startup_stm32f10x_hd.o(.text)
    CAN1_RX1_IRQHandler                      0x080020fb   Thumb Code     0  startup_stm32f10x_hd.o(.text)
    CAN1_SCE_IRQHandler                      0x080020fb   Thumb Code     0  startup_stm32f10x_hd.o(.text)
    DMA1_Channel1_IRQHandler                 0x080020fb   Thumb Code     0  startup_stm32f10x_hd.o(.text)
    DMA1_Channel2_IRQHandler                 0x080020fb   Thumb Code     0  startup_stm32f10x_hd.o(.text)
    DMA1_Channel3_IRQHandler                 0x080020fb   Thumb Code     0  startup_stm32f10x_hd.o(.text)
    DMA1_Channel4_IRQHandler                 0x080020fb   Thumb Code     0  startup_stm32f10x_hd.o(.text)
    DMA1_Channel5_IRQHandler                 0x080020fb   Thumb Code     0  startup_stm32f10x_hd.o(.text)
    DMA1_Channel6_IRQHandler                 0x080020fb   Thumb Code     0  startup_stm32f10x_hd.o(.text)
    DMA1_Channel7_IRQHandler                 0x080020fb   Thumb Code     0  startup_stm32f10x_hd.o(.text)
    DMA2_Channel1_IRQHandler                 0x080020fb   Thumb Code     0  startup_stm32f10x_hd.o(.text)
    DMA2_Channel2_IRQHandler                 0x080020fb   Thumb Code     0  startup_stm32f10x_hd.o(.text)
    DMA2_Channel3_IRQHandler                 0x080020fb   Thumb Code     0  startup_stm32f10x_hd.o(.text)
    DMA2_Channel4_5_IRQHandler               0x080020fb   Thumb Code     0  startup_stm32f10x_hd.o(.text)
    EXTI0_IRQHandler                         0x080020fb   Thumb Code     0  startup_stm32f10x_hd.o(.text)
    EXTI15_10_IRQHandler                     0x080020fb   Thumb Code     0  startup_stm32f10x_hd.o(.text)
    EXTI1_IRQHandler                         0x080020fb   Thumb Code     0  startup_stm32f10x_hd.o(.text)
    EXTI2_IRQHandler                         0x080020fb   Thumb Code     0  startup_stm32f10x_hd.o(.text)
    EXTI3_IRQHandler                         0x080020fb   Thumb Code     0  startup_stm32f10x_hd.o(.text)
    EXTI4_IRQHandler                         0x080020fb   Thumb Code     0  startup_stm32f10x_hd.o(.text)
    EXTI9_5_IRQHandler                       0x080020fb   Thumb Code     0  startup_stm32f10x_hd.o(.text)
    FLASH_IRQHandler                         0x080020fb   Thumb Code     0  startup_stm32f10x_hd.o(.text)
    FSMC_IRQHandler                          0x080020fb   Thumb Code     0  startup_stm32f10x_hd.o(.text)
    I2C1_ER_IRQHandler                       0x080020fb   Thumb Code     0  startup_stm32f10x_hd.o(.text)
    I2C1_EV_IRQHandler                       0x080020fb   Thumb Code     0  startup_stm32f10x_hd.o(.text)
    I2C2_ER_IRQHandler                       0x080020fb   Thumb Code     0  startup_stm32f10x_hd.o(.text)
    I2C2_EV_IRQHandler                       0x080020fb   Thumb Code     0  startup_stm32f10x_hd.o(.text)
    PVD_IRQHandler                           0x080020fb   Thumb Code     0  startup_stm32f10x_hd.o(.text)
    RCC_IRQHandler                           0x080020fb   Thumb Code     0  startup_stm32f10x_hd.o(.text)
    RTCAlarm_IRQHandler                      0x080020fb   Thumb Code     0  startup_stm32f10x_hd.o(.text)
    RTC_IRQHandler                           0x080020fb   Thumb Code     0  startup_stm32f10x_hd.o(.text)
    SDIO_IRQHandler                          0x080020fb   Thumb Code     0  startup_stm32f10x_hd.o(.text)
    SPI1_IRQHandler                          0x080020fb   Thumb Code     0  startup_stm32f10x_hd.o(.text)
    SPI2_IRQHandler                          0x080020fb   Thumb Code     0  startup_stm32f10x_hd.o(.text)
    SPI3_IRQHandler                          0x080020fb   Thumb Code     0  startup_stm32f10x_hd.o(.text)
    TAMPER_IRQHandler                        0x080020fb   Thumb Code     0  startup_stm32f10x_hd.o(.text)
    TIM1_BRK_IRQHandler                      0x080020fb   Thumb Code     0  startup_stm32f10x_hd.o(.text)
    TIM1_CC_IRQHandler                       0x080020fb   Thumb Code     0  startup_stm32f10x_hd.o(.text)
    TIM1_TRG_COM_IRQHandler                  0x080020fb   Thumb Code     0  startup_stm32f10x_hd.o(.text)
    TIM1_UP_IRQHandler                       0x080020fb   Thumb Code     0  startup_stm32f10x_hd.o(.text)
    TIM2_IRQHandler                          0x080020fb   Thumb Code     0  startup_stm32f10x_hd.o(.text)
    TIM3_IRQHandler                          0x080020fb   Thumb Code     0  startup_stm32f10x_hd.o(.text)
    TIM4_IRQHandler                          0x080020fb   Thumb Code     0  startup_stm32f10x_hd.o(.text)
    TIM5_IRQHandler                          0x080020fb   Thumb Code     0  startup_stm32f10x_hd.o(.text)
    TIM6_IRQHandler                          0x080020fb   Thumb Code     0  startup_stm32f10x_hd.o(.text)
    TIM7_IRQHandler                          0x080020fb   Thumb Code     0  startup_stm32f10x_hd.o(.text)
    TIM8_BRK_IRQHandler                      0x080020fb   Thumb Code     0  startup_stm32f10x_hd.o(.text)
    TIM8_CC_IRQHandler                       0x080020fb   Thumb Code     0  startup_stm32f10x_hd.o(.text)
    TIM8_TRG_COM_IRQHandler                  0x080020fb   Thumb Code     0  startup_stm32f10x_hd.o(.text)
    TIM8_UP_IRQHandler                       0x080020fb   Thumb Code     0  startup_stm32f10x_hd.o(.text)
    UART4_IRQHandler                         0x080020fb   Thumb Code     0  startup_stm32f10x_hd.o(.text)
    UART5_IRQHandler                         0x080020fb   Thumb Code     0  startup_stm32f10x_hd.o(.text)
    USART2_IRQHandler                        0x080020fb   Thumb Code     0  startup_stm32f10x_hd.o(.text)
    USART3_IRQHandler                        0x080020fb   Thumb Code     0  startup_stm32f10x_hd.o(.text)
    USBWakeUp_IRQHandler                     0x080020fb   Thumb Code     0  startup_stm32f10x_hd.o(.text)
    USB_HP_CAN1_TX_IRQHandler                0x080020fb   Thumb Code     0  startup_stm32f10x_hd.o(.text)
    USB_LP_CAN1_RX0_IRQHandler               0x080020fb   Thumb Code     0  startup_stm32f10x_hd.o(.text)
    __user_initial_stackheap                 0x080020fd   Thumb Code     0  startup_stm32f10x_hd.o(.text)
    Initial_UART1                            0x08002125   Thumb Code   132  uarts.o(.text)
    UART1_Put_Char                           0x080021a9   Thumb Code    34  uarts.o(.text)
    UART1_Get_Char                           0x080021cb   Thumb Code    24  uarts.o(.text)
    UART1_Put_String                         0x080021e3   Thumb Code    46  uarts.o(.text)
    USART1_IRQHandler                        0x08002211   Thumb Code    72  uarts.o(.text)
    delay_init                               0x0800226d   Thumb Code    44  delay.o(.text)
    delay_ms                                 0x08002299   Thumb Code    54  delay.o(.text)
    delay_us                                 0x080022cf   Thumb Code    54  delay.o(.text)
    I2C_GPIO_Config                          0x0800230d   Thumb Code    56  ioi2c.o(.text)
    I2C_delay                                0x08002345   Thumb Code    14  ioi2c.o(.text)
    delay5ms                                 0x08002353   Thumb Code    14  ioi2c.o(.text)
    I2C_Start                                0x08002361   Thumb Code    84  ioi2c.o(.text)
    I2C_Stop                                 0x080023b5   Thumb Code    48  ioi2c.o(.text)
    I2C_Ack                                  0x080023e5   Thumb Code    48  ioi2c.o(.text)
    I2C_NoAck                                0x08002415   Thumb Code    48  ioi2c.o(.text)
    I2C_WaitAck                              0x08002445   Thumb Code    74  ioi2c.o(.text)
    I2C_SendByte                             0x0800248f   Thumb Code    74  ioi2c.o(.text)
    I2C_ReadByte                             0x080024d9   Thumb Code    74  ioi2c.o(.text)
    Single_Write                             0x08002523   Thumb Code    70  ioi2c.o(.text)
    Single_Read                              0x08002569   Thumb Code    80  ioi2c.o(.text)
    Init_MPU6050                             0x080025cd   Thumb Code    54  mpu6050.o(.text)
    Read_MPU6050_ACC                         0x08002603   Thumb Code   126  mpu6050.o(.text)
    Read_MPU6050_GYRO                        0x08002681   Thumb Code   232  mpu6050.o(.text)
    HMC5883L_Init                            0x0800276d   Thumb Code    24  hmc5883l.o(.text)
    HMC5883L_Calibrate                       0x08002785   Thumb Code    50  hmc5883l.o(.text)
    HMC5883L_Read                            0x080027b7   Thumb Code   174  hmc5883l.o(.text)
    Initial_Timer3                           0x08002865   Thumb Code   192  imu.o(.text)
    invSqrt                                  0x08002925   Thumb Code    72  imu.o(.text)
    micros                                   0x0800296d   Thumb Code    18  imu.o(.text)
    IMU_init                                 0x0800297f   Thumb Code    58  imu.o(.text)
    IMU_AHRSupdate                           0x080029b9   Thumb Code  2134  imu.o(.text)
    IMU_getQ                                 0x0800320f   Thumb Code   126  imu.o(.text)
    IMU_getYawPitchRoll                      0x0800328d   Thumb Code   462  imu.o(.text)
    __aeabi_memclr4                          0x0800347d   Thumb Code     0  rt_memclr_w.o(.text)
    __aeabi_memclr8                          0x0800347d   Thumb Code     0  rt_memclr_w.o(.text)
    __rt_memclr_w                            0x0800347d   Thumb Code    78  rt_memclr_w.o(.text)
    _memset_w                                0x08003481   Thumb Code     0  rt_memclr_w.o(.text)
    __use_two_region_memory                  0x080034cb   Thumb Code     2  heapauxi.o(.text)
    __rt_heap_escrow$2region                 0x080034cd   Thumb Code     2  heapauxi.o(.text)
    __rt_heap_expand$2region                 0x080034cf   Thumb Code     2  heapauxi.o(.text)
    __read_errno                             0x080034d1   Thumb Code    10  _rserrno.o(.text)
    __set_errno                              0x080034db   Thumb Code    12  _rserrno.o(.text)
    __aeabi_errno_addr                       0x080034e9   Thumb Code    12  rt_errno_addr_intlibspace.o(.text)
    __errno$intlibspace                      0x080034e9   Thumb Code     0  rt_errno_addr_intlibspace.o(.text)
    __rt_errno_addr$intlibspace              0x080034e9   Thumb Code     0  rt_errno_addr_intlibspace.o(.text)
    __user_libspace                          0x080034f5   Thumb Code     8  libspace.o(.text)
    __user_perproc_libspace                  0x080034f5   Thumb Code     0  libspace.o(.text)
    __user_perthread_libspace                0x080034f5   Thumb Code     0  libspace.o(.text)
    __user_setup_stackheap                   0x080034fd   Thumb Code    74  sys_stackheap_outer.o(.text)
    exit                                     0x08003547   Thumb Code    12  exit.o(.text)
    __rt_fp_status_addr                      0x08003555   Thumb Code    12  rt_fp_status_addr_intlibspace.o(.text)
    _sys_exit                                0x08003561   Thumb Code     8  sys_exit.o(.text)
    __I$use$semihosting                      0x0800356d   Thumb Code     0  use_no_semi.o(.text)
    __use_no_semihosting_swi                 0x0800356d   Thumb Code     2  use_no_semi.o(.text)
    __ARM_fpclassify                         0x0800356f   Thumb Code    40  fpclassify.o(i.__ARM_fpclassify)
    __kernel_poly                            0x08003597   Thumb Code   170  poly.o(i.__kernel_poly)
    __mathlib_dbl_underflow                  0x08003641   Thumb Code    10  dunder.o(i.__mathlib_dbl_underflow)
    asin                                     0x08003651   Thumb Code   586  asin.o(i.asin)
    atan                                     0x080038d1   Thumb Code   480  atan.o(i.atan)
    atan2                                    0x08003af5   Thumb Code   346  atan2.o(i.atan2)
    sqrt                                     0x08003c75   Thumb Code    74  sqrt.o(i.sqrt)
    __aeabi_d2f                              0x08003cc1   Thumb Code     0  d2f.o(x$fpl$d2f)
    _d2f                                     0x08003cc1   Thumb Code    98  d2f.o(x$fpl$d2f)
    __aeabi_dadd                             0x08003d25   Thumb Code     0  daddsub_clz.o(x$fpl$dadd)
    _dadd                                    0x08003d25   Thumb Code   328  daddsub_clz.o(x$fpl$dadd)
    __fpl_dcheck_NaN1                        0x08003e71   Thumb Code    10  dcheck1.o(x$fpl$dcheck1)
    __aeabi_ddiv                             0x08003e81   Thumb Code     0  ddiv.o(x$fpl$ddiv)
    _ddiv                                    0x08003e81   Thumb Code   552  ddiv.o(x$fpl$ddiv)
    __aeabi_d2iz                             0x08004131   Thumb Code     0  dfix.o(x$fpl$dfix)
    _dfix                                    0x08004131   Thumb Code    94  dfix.o(x$fpl$dfix)
    __aeabi_i2d                              0x0800418f   Thumb Code     0  dflt_clz.o(x$fpl$dflt)
    _dflt                                    0x0800418f   Thumb Code    46  dflt_clz.o(x$fpl$dflt)
    __aeabi_dmul                             0x080041bd   Thumb Code     0  dmul.o(x$fpl$dmul)
    _dmul                                    0x080041bd   Thumb Code   332  dmul.o(x$fpl$dmul)
    __fpl_dnaninf                            0x08004311   Thumb Code   156  dnaninf.o(x$fpl$dnaninf)
    __fpl_dretinf                            0x080043ad   Thumb Code    12  dretinf.o(x$fpl$dretinf)
    __aeabi_drsub                            0x080043b9   Thumb Code     0  daddsub_clz.o(x$fpl$drsb)
    _drsb                                    0x080043b9   Thumb Code    22  daddsub_clz.o(x$fpl$drsb)
    _dsqrt                                   0x080043d1   Thumb Code   456  dsqrt_noumaal.o(x$fpl$dsqrt)
    __aeabi_dsub                             0x0800459d   Thumb Code     0  daddsub_clz.o(x$fpl$dsub)
    _dsub                                    0x0800459d   Thumb Code   464  daddsub_clz.o(x$fpl$dsub)
    __aeabi_f2d                              0x08004771   Thumb Code     0  f2d.o(x$fpl$f2d)
    _f2d                                     0x08004771   Thumb Code    86  f2d.o(x$fpl$f2d)
    __aeabi_fadd                             0x080047c9   Thumb Code     0  faddsub_clz.o(x$fpl$fadd)
    _fadd                                    0x080047c9   Thumb Code   196  faddsub_clz.o(x$fpl$fadd)
    __fpl_fcmp_Inf                           0x0800488d   Thumb Code    24  fcmpi.o(x$fpl$fcmpinf)
    __aeabi_fdiv                             0x080048a5   Thumb Code     0  fdiv.o(x$fpl$fdiv)
    _fdiv                                    0x080048a5   Thumb Code   384  fdiv.o(x$fpl$fdiv)
    __aeabi_cfcmpeq                          0x08004a29   Thumb Code     0  feqf.o(x$fpl$feqf)
    _fcmpeq                                  0x08004a29   Thumb Code   104  feqf.o(x$fpl$feqf)
    __aeabi_ui2f                             0x08004a91   Thumb Code     0  fflt_clz.o(x$fpl$ffltu)
    _ffltu                                   0x08004a91   Thumb Code    38  fflt_clz.o(x$fpl$ffltu)
    __aeabi_fmul                             0x08004ab9   Thumb Code     0  fmul.o(x$fpl$fmul)
    _fmul                                    0x08004ab9   Thumb Code   258  fmul.o(x$fpl$fmul)
    __fpl_fnaninf                            0x08004bbb   Thumb Code   140  fnaninf.o(x$fpl$fnaninf)
    _fp_init                                 0x08004c47   Thumb Code    14  fpinit.o(x$fpl$fpinit)
    __fplib_config_pureend_doubles           0x08004c53   Thumb Code     0  fpinit.o(x$fpl$fpinit)
    __fpl_fretinf                            0x08004c55   Thumb Code    10  fretinf.o(x$fpl$fretinf)
    __aeabi_frsub                            0x08004c5f   Thumb Code     0  faddsub_clz.o(x$fpl$frsb)
    _frsb                                    0x08004c5f   Thumb Code    20  faddsub_clz.o(x$fpl$frsb)
    __aeabi_fsub                             0x08004c75   Thumb Code     0  faddsub_clz.o(x$fpl$fsub)
    _fsub                                    0x08004c75   Thumb Code   234  faddsub_clz.o(x$fpl$fsub)
    __fpl_return_NaN                         0x08004d5f   Thumb Code   100  retnan.o(x$fpl$retnan)
    __ARM_scalbn                             0x08004dc3   Thumb Code     0  scalbn.o(x$fpl$scalbn)
    scalbn                                   0x08004dc3   Thumb Code    96  scalbn.o(x$fpl$scalbn)
    __fpl_inf_scalbn                         0x08004e21   Thumb Code     0  scalbn.o(x$fpl$scalbn)
    __fpl_cmpreturn                          0x08004e23   Thumb Code    48  trapv.o(x$fpl$trapveneer)
    __I$use$fp                               0x08004e53   Thumb Code     0  usenofp.o(x$fpl$usenofp)
    __mathlib_zero                           0x08004f40   Data           8  qnan.o(.constdata)
    Region$$Table$$Base                      0x08004f48   Number         0  anon$$obj.o(Region$$Table)
    Region$$Table$$Limit                     0x08004f68   Number         0  anon$$obj.o(Region$$Table)
    GPIO_InitStructure                       0x20000000   Data           4  main.o(.data)
    HSEStartUpStatus                         0x20000004   Data           1  main.o(.data)
    system_micrsecond                        0x20000008   Data           4  main.o(.data)
    TxCounter                                0x20000020   Data           1  uarts.o(.data)
    count                                    0x20000021   Data           1  uarts.o(.data)
    exInt                                    0x20000028   Data           4  imu.o(.data)
    eyInt                                    0x2000002c   Data           4  imu.o(.data)
    ezInt                                    0x20000030   Data           4  imu.o(.data)
    q0                                       0x20000034   Data           4  imu.o(.data)
    q1                                       0x20000038   Data           4  imu.o(.data)
    q2                                       0x2000003c   Data           4  imu.o(.data)
    q3                                       0x20000040   Data           4  imu.o(.data)
    lastUpdate                               0x20000044   Data           4  imu.o(.data)
    now                                      0x20000048   Data           4  imu.o(.data)
    TxBuffer                                 0x2000004c   Data         258  uarts.o(.bss)
    __libspace_start                         0x20000150   Data          96  libspace.o(.bss)
    __temporary_stack_top$libspace           0x200001b0   Data           0  libspace.o(.bss)



==============================================================================

Memory Map of the image

  Image Entry point : 0x08000131

  Load Region LR_IROM1 (Base: 0x08000000, Size: 0x00004fb4, Max: 0x00010000, ABSOLUTE)

    Execution Region ER_IROM1 (Base: 0x08000000, Size: 0x00004f68, Max: 0x00010000, ABSOLUTE)

    Base Addr    Size         Type   Attr      Idx    E Section Name        Object

    0x08000000   0x00000130   Data   RO          267    RESET               startup_stm32f10x_hd.o
    0x08000130   0x00000008   Code   RO          431  * !!!main             c_w.l(__main.o)(c_w.l)
    0x08000138   0x00000034   Code   RO          720    !!!scatter          c_w.l(__scatter.o)(c_w.l)
    0x0800016c   0x0000001a   Code   RO          722    !!handler_copy      c_w.l(__scatter_copy.o)(c_w.l)
    0x08000186   0x00000002   PAD
    0x08000188   0x0000001c   Code   RO          724    !!handler_zi        c_w.l(__scatter_zi.o)(c_w.l)
    0x080001a4   0x00000006   Code   RO          589    .ARM.Collect$$libinit$$00000000  c_w.l(libinit.o)(c_w.l)
    0x080001aa   0x00000000   Code   RO          596    .ARM.Collect$$libinit$$00000006  c_w.l(libinit2.o)(c_w.l)
    0x080001aa   0x00000000   Code   RO          598    .ARM.Collect$$libinit$$00000008  c_w.l(libinit2.o)(c_w.l)
    0x080001aa   0x00000000   Code   RO          600    .ARM.Collect$$libinit$$0000000A  c_w.l(libinit2.o)(c_w.l)
    0x080001aa   0x00000000   Code   RO          603    .ARM.Collect$$libinit$$0000000D  c_w.l(libinit2.o)(c_w.l)
    0x080001aa   0x00000000   Code   RO          605    .ARM.Collect$$libinit$$0000000F  c_w.l(libinit2.o)(c_w.l)
    0x080001aa   0x00000000   Code   RO          607    .ARM.Collect$$libinit$$00000011  c_w.l(libinit2.o)(c_w.l)
    0x080001aa   0x00000000   Code   RO          609    .ARM.Collect$$libinit$$00000013  c_w.l(libinit2.o)(c_w.l)
    0x080001aa   0x00000000   Code   RO          611    .ARM.Collect$$libinit$$00000015  c_w.l(libinit2.o)(c_w.l)
    0x080001aa   0x00000000   Code   RO          613    .ARM.Collect$$libinit$$00000017  c_w.l(libinit2.o)(c_w.l)
    0x080001aa   0x00000000   Code   RO          615    .ARM.Collect$$libinit$$00000019  c_w.l(libinit2.o)(c_w.l)
    0x080001aa   0x00000000   Code   RO          617    .ARM.Collect$$libinit$$0000001B  c_w.l(libinit2.o)(c_w.l)
    0x080001aa   0x00000000   Code   RO          619    .ARM.Collect$$libinit$$0000001D  c_w.l(libinit2.o)(c_w.l)
    0x080001aa   0x00000000   Code   RO          621    .ARM.Collect$$libinit$$0000001F  c_w.l(libinit2.o)(c_w.l)
    0x080001aa   0x00000000   Code   RO          623    .ARM.Collect$$libinit$$00000021  c_w.l(libinit2.o)(c_w.l)
    0x080001aa   0x00000000   Code   RO          627    .ARM.Collect$$libinit$$00000028  c_w.l(libinit2.o)(c_w.l)
    0x080001aa   0x00000000   Code   RO          629    .ARM.Collect$$libinit$$0000002A  c_w.l(libinit2.o)(c_w.l)
    0x080001aa   0x00000000   Code   RO          631    .ARM.Collect$$libinit$$0000002C  c_w.l(libinit2.o)(c_w.l)
    0x080001aa   0x00000000   Code   RO          633    .ARM.Collect$$libinit$$0000002E  c_w.l(libinit2.o)(c_w.l)
    0x080001aa   0x00000002   Code   RO          634    .ARM.Collect$$libinit$$0000002F  c_w.l(libinit2.o)(c_w.l)
    0x080001ac   0x00000002   Code   RO          662    .ARM.Collect$$libshutdown$$00000000  c_w.l(libshutdown.o)(c_w.l)
    0x080001ae   0x00000000   Code   RO          675    .ARM.Collect$$libshutdown$$00000003  c_w.l(libshutdown2.o)(c_w.l)
    0x080001ae   0x00000000   Code   RO          678    .ARM.Collect$$libshutdown$$00000006  c_w.l(libshutdown2.o)(c_w.l)
    0x080001ae   0x00000000   Code   RO          681    .ARM.Collect$$libshutdown$$00000009  c_w.l(libshutdown2.o)(c_w.l)
    0x080001ae   0x00000000   Code   RO          683    .ARM.Collect$$libshutdown$$0000000B  c_w.l(libshutdown2.o)(c_w.l)
    0x080001ae   0x00000000   Code   RO          686    .ARM.Collect$$libshutdown$$0000000E  c_w.l(libshutdown2.o)(c_w.l)
    0x080001ae   0x00000002   Code   RO          687    .ARM.Collect$$libshutdown$$0000000F  c_w.l(libshutdown2.o)(c_w.l)
    0x080001b0   0x00000000   Code   RO          505    .ARM.Collect$$rtentry$$00000000  c_w.l(rtentry.o)(c_w.l)
    0x080001b0   0x00000000   Code   RO          550    .ARM.Collect$$rtentry$$00000002  c_w.l(rtentry2.o)(c_w.l)
    0x080001b0   0x00000006   Code   RO          565    .ARM.Collect$$rtentry$$00000004  c_w.l(rtentry4.o)(c_w.l)
    0x080001b6   0x00000000   Code   RO          552    .ARM.Collect$$rtentry$$00000009  c_w.l(rtentry2.o)(c_w.l)
    0x080001b6   0x00000004   Code   RO          553    .ARM.Collect$$rtentry$$0000000A  c_w.l(rtentry2.o)(c_w.l)
    0x080001ba   0x00000000   Code   RO          555    .ARM.Collect$$rtentry$$0000000C  c_w.l(rtentry2.o)(c_w.l)
    0x080001ba   0x00000008   Code   RO          556    .ARM.Collect$$rtentry$$0000000D  c_w.l(rtentry2.o)(c_w.l)
    0x080001c2   0x00000002   Code   RO          592    .ARM.Collect$$rtexit$$00000000  c_w.l(rtexit.o)(c_w.l)
    0x080001c4   0x00000000   Code   RO          640    .ARM.Collect$$rtexit$$00000002  c_w.l(rtexit2.o)(c_w.l)
    0x080001c4   0x00000004   Code   RO          641    .ARM.Collect$$rtexit$$00000003  c_w.l(rtexit2.o)(c_w.l)
    0x080001c8   0x00000006   Code   RO          642    .ARM.Collect$$rtexit$$00000004  c_w.l(rtexit2.o)(c_w.l)
    0x080001ce   0x00000002   PAD
    0x080001d0   0x00000284   Code   RO            1    .text               main.o
    0x08000454   0x0000001a   Code   RO          130    .text               stm32f10x_it.o
    0x0800046e   0x00000002   PAD
    0x08000470   0x000003a4   Code   RO          176    .text               stm32f10x_rcc.o
    0x08000814   0x00000b2c   Code   RO          190    .text               stm32f10x_tim.o
    0x08001340   0x000003a8   Code   RO          202    .text               stm32f10x_usart.o
    0x080016e8   0x00000088   Code   RO          214    .text               stm32f10x_wwdg.o
    0x08001770   0x000000f8   Code   RO          226    .text               misc.o
    0x08001868   0x00000338   Code   RO          238    .text               stm32f10x_gpio.o
    0x08001ba0   0x00000538   Code   RO          250    .text               stm32f10x_flash.o
    0x080020d8   0x0000004c   Code   RO          268    .text               startup_stm32f10x_hd.o
    0x08002124   0x00000148   Code   RO          310    .text               uarts.o
    0x0800226c   0x000000a0   Code   RO          329    .text               delay.o
    0x0800230c   0x000002c0   Code   RO          346    .text               ioi2c.o
    0x080025cc   0x000001a0   Code   RO          361    .text               mpu6050.o
    0x0800276c   0x000000f8   Code   RO          376    .text               hmc5883l.o
    0x08002864   0x00000c18   Code   RO          391    .text               imu.o
    0x0800347c   0x0000004e   Code   RO          427    .text               c_w.l(rt_memclr_w.o)(c_w.l)
    0x080034ca   0x00000006   Code   RO          429    .text               c_w.l(heapauxi.o)(c_w.l)
    0x080034d0   0x00000016   Code   RO          507    .text               c_w.l(_rserrno.o)(c_w.l)
    0x080034e6   0x00000002   PAD
    0x080034e8   0x0000000c   Code   RO          570    .text               c_w.l(rt_errno_addr_intlibspace.o)(c_w.l)
    0x080034f4   0x00000008   Code   RO          576    .text               c_w.l(libspace.o)(c_w.l)
    0x080034fc   0x0000004a   Code   RO          579    .text               c_w.l(sys_stackheap_outer.o)(c_w.l)
    0x08003546   0x0000000c   Code   RO          581    .text               c_w.l(exit.o)(c_w.l)
    0x08003552   0x00000002   PAD
    0x08003554   0x0000000c   Code   RO          650    .text               c_w.l(rt_fp_status_addr_intlibspace.o)(c_w.l)
    0x08003560   0x0000000c   Code   RO          654    .text               c_w.l(sys_exit.o)(c_w.l)
    0x0800356c   0x00000002   Code   RO          665    .text               c_w.l(use_no_semi.o)(c_w.l)
    0x0800356e   0x00000028   Code   RO          544    i.__ARM_fpclassify  m_ws.l(fpclassify.o)(m_ws.l)
    0x08003596   0x000000aa   Code   RO          546    i.__kernel_poly     m_ws.l(poly.o)(m_ws.l)
    0x08003640   0x00000010   Code   RO          542    i.__mathlib_dbl_underflow  m_ws.l(dunder.o)(m_ws.l)
    0x08003650   0x00000280   Code   RO          480    i.asin              m_ws.l(asin.o)(m_ws.l)
    0x080038d0   0x00000224   Code   RO          533    i.atan              m_ws.l(atan.o)(m_ws.l)
    0x08003af4   0x00000180   Code   RO          490    i.atan2             m_ws.l(atan2.o)(m_ws.l)
    0x08003c74   0x0000004a   Code   RO          498    i.sqrt              m_ws.l(sqrt.o)(m_ws.l)
    0x08003cbe   0x00000002   PAD
    0x08003cc0   0x00000062   Code   RO          433    x$fpl$d2f           fz_ws.l(d2f.o)(fz_ws.l)
    0x08003d22   0x00000002   PAD
    0x08003d24   0x0000014c   Code   RO          435    x$fpl$dadd          fz_ws.l(daddsub_clz.o)(fz_ws.l)
    0x08003e70   0x00000010   Code   RO          572    x$fpl$dcheck1       fz_ws.l(dcheck1.o)(fz_ws.l)
    0x08003e80   0x000002b0   Code   RO          442    x$fpl$ddiv          fz_ws.l(ddiv.o)(fz_ws.l)
    0x08004130   0x0000005e   Code   RO          445    x$fpl$dfix          fz_ws.l(dfix.o)(fz_ws.l)
    0x0800418e   0x0000002e   Code   RO          450    x$fpl$dflt          fz_ws.l(dflt_clz.o)(fz_ws.l)
    0x080041bc   0x00000154   Code   RO          455    x$fpl$dmul          fz_ws.l(dmul.o)(fz_ws.l)
    0x08004310   0x0000009c   Code   RO          511    x$fpl$dnaninf       fz_ws.l(dnaninf.o)(fz_ws.l)
    0x080043ac   0x0000000c   Code   RO          513    x$fpl$dretinf       fz_ws.l(dretinf.o)(fz_ws.l)
    0x080043b8   0x00000016   Code   RO          436    x$fpl$drsb          fz_ws.l(daddsub_clz.o)(fz_ws.l)
    0x080043ce   0x00000002   PAD
    0x080043d0   0x000001cc   Code   RO          515    x$fpl$dsqrt         fz_ws.l(dsqrt_noumaal.o)(fz_ws.l)
    0x0800459c   0x000001d4   Code   RO          437    x$fpl$dsub          fz_ws.l(daddsub_clz.o)(fz_ws.l)
    0x08004770   0x00000056   Code   RO          457    x$fpl$f2d           fz_ws.l(f2d.o)(fz_ws.l)
    0x080047c6   0x00000002   PAD
    0x080047c8   0x000000c4   Code   RO          459    x$fpl$fadd          fz_ws.l(faddsub_clz.o)(fz_ws.l)
    0x0800488c   0x00000018   Code   RO          517    x$fpl$fcmpinf       fz_ws.l(fcmpi.o)(fz_ws.l)
    0x080048a4   0x00000184   Code   RO          466    x$fpl$fdiv          fz_ws.l(fdiv.o)(fz_ws.l)
    0x08004a28   0x00000068   Code   RO          469    x$fpl$feqf          fz_ws.l(feqf.o)(fz_ws.l)
    0x08004a90   0x00000026   Code   RO          471    x$fpl$ffltu         fz_ws.l(fflt_clz.o)(fz_ws.l)
    0x08004ab6   0x00000002   PAD
    0x08004ab8   0x00000102   Code   RO          477    x$fpl$fmul          fz_ws.l(fmul.o)(fz_ws.l)
    0x08004bba   0x0000008c   Code   RO          519    x$fpl$fnaninf       fz_ws.l(fnaninf.o)(fz_ws.l)
    0x08004c46   0x0000000e   Code   RO          635    x$fpl$fpinit        fz_ws.l(fpinit.o)(fz_ws.l)
    0x08004c54   0x0000000a   Code   RO          521    x$fpl$fretinf       fz_ws.l(fretinf.o)(fz_ws.l)
    0x08004c5e   0x00000014   Code   RO          460    x$fpl$frsb          fz_ws.l(faddsub_clz.o)(fz_ws.l)
    0x08004c72   0x00000002   PAD
    0x08004c74   0x000000ea   Code   RO          461    x$fpl$fsub          fz_ws.l(faddsub_clz.o)(fz_ws.l)
    0x08004d5e   0x00000064   Code   RO          590    x$fpl$retnan        fz_ws.l(retnan.o)(fz_ws.l)
    0x08004dc2   0x00000060   Code   RO          526    x$fpl$scalbn        fz_ws.l(scalbn.o)(fz_ws.l)
    0x08004e22   0x00000030   Code   RO          637    x$fpl$trapveneer    fz_ws.l(trapv.o)(fz_ws.l)
    0x08004e52   0x00000000   Code   RO          531    x$fpl$usenofp       fz_ws.l(usenofp.o)(fz_ws.l)
    0x08004e52   0x00000006   PAD
    0x08004e58   0x00000050   Data   RO          481    .constdata          m_ws.l(asin.o)(m_ws.l)
    0x08004ea8   0x00000098   Data   RO          534    .constdata          m_ws.l(atan.o)(m_ws.l)
    0x08004f40   0x00000008   Data   RO          548    .constdata          m_ws.l(qnan.o)(m_ws.l)
    0x08004f48   0x00000020   Data   RO          718    Region$$Table       anon$$obj.o


    Execution Region RW_IRAM1 (Base: 0x20000000, Size: 0x000007b0, Max: 0x00005000, ABSOLUTE)

    Base Addr    Size         Type   Attr      Idx    E Section Name        Object

    0x20000000   0x0000000c   Data   RW            2    .data               main.o
    0x2000000c   0x00000014   Data   RW          177    .data               stm32f10x_rcc.o
    0x20000020   0x00000002   Data   RW          312    .data               uarts.o
    0x20000022   0x00000004   Data   RW          330    .data               delay.o
    0x20000026   0x00000002   PAD
    0x20000028   0x00000024   Data   RW          392    .data               imu.o
    0x2000004c   0x00000102   Zero   RW          311    .bss                uarts.o
    0x2000014e   0x00000002   PAD
    0x20000150   0x00000060   Zero   RW          577    .bss                c_w.l(libspace.o)(c_w.l)
    0x200001b0   0x00000200   Zero   RW          266    HEAP                startup_stm32f10x_hd.o
    0x200003b0   0x00000400   Zero   RW          265    STACK               startup_stm32f10x_hd.o


==============================================================================

Image component sizes


      Code (inc. data)   RO Data    RW Data    ZI Data      Debug   Object Name

       160          8          0          4          0          0   delay.o
       248          0          0          0          0          0   hmc5883l.o
      3096        122          0         36          0          0   imu.o
       704         20          0          0          0          0   ioi2c.o
       644         18          0         12          0          0   main.o
       248         30          0          0          0          0   misc.o
       416          4          0          0          0          0   mpu6050.o
        76         30        304          0       1536          0   startup_stm32f10x_hd.o
      1336         52          0          0          0          0   stm32f10x_flash.o
       824         40          0          0          0          0   stm32f10x_gpio.o
        26          0          0          0          0          0   stm32f10x_it.o
       932         52          0         20          0          0   stm32f10x_rcc.o
      2860         30          0          0          0          0   stm32f10x_tim.o
       936         20          0          0          0          0   stm32f10x_usart.o
       136         22          0          0          0          0   stm32f10x_wwdg.o
       328         20          0          2        258          0   uarts.o

    ----------------------------------------------------------------------
     12972        468        336         76       1796          0   Object Totals
         0          0         32          0          0          0   (incl. Generated)
         2          0          0          2          2          2   (incl. Padding)

    ----------------------------------------------------------------------

      Code (inc. data)   RO Data    RW Data    ZI Data      Debug   Library Member Name

         8          0          0          0          0          0   __main.o
        52          8          0          0          0          0   __scatter.o
        26          0          0          0          0          0   __scatter_copy.o
        28          0          0          0          0          0   __scatter_zi.o
        22          0          0          0          0          0   _rserrno.o
        12          0          0          0          0          0   exit.o
         6          0          0          0          0          0   heapauxi.o
         6          0          0          0          0          0   libinit.o
         2          0          0          0          0          0   libinit2.o
         2          0          0          0          0          0   libshutdown.o
         2          0          0          0          0          0   libshutdown2.o
         8          4          0          0         96          0   libspace.o
        12          4          0          0          0          0   rt_errno_addr_intlibspace.o
        12          4          0          0          0          0   rt_fp_status_addr_intlibspace.o
        78          0          0          0          0          0   rt_memclr_w.o
         0          0          0          0          0          0   rtentry.o
        12          0          0          0          0          0   rtentry2.o
         6          0          0          0          0          0   rtentry4.o
         2          0          0          0          0          0   rtexit.o
        10          0          0          0          0          0   rtexit2.o
        12          4          0          0          0          0   sys_exit.o
        74          0          0          0          0          0   sys_stackheap_outer.o
         2          0          0          0          0          0   use_no_semi.o
        98          4          0          0          0          0   d2f.o
       822         16          0          0          0          0   daddsub_clz.o
        16          4          0          0          0          0   dcheck1.o
       688        140          0          0          0          0   ddiv.o
        94          4          0          0          0          0   dfix.o
        46          0          0          0          0          0   dflt_clz.o
       340         12          0          0          0          0   dmul.o
       156          4          0          0          0          0   dnaninf.o
        12          0          0          0          0          0   dretinf.o
       460         56          0          0          0          0   dsqrt_noumaal.o
        86          4          0          0          0          0   f2d.o
       450          8          0          0          0          0   faddsub_clz.o
        24          0          0          0          0          0   fcmpi.o
       388         76          0          0          0          0   fdiv.o
       104          4          0          0          0          0   feqf.o
        38          0          0          0          0          0   fflt_clz.o
       258          4          0          0          0          0   fmul.o
       140          4          0          0          0          0   fnaninf.o
        14          0          0          0          0          0   fpinit.o
        10          0          0          0          0          0   fretinf.o
       100          0          0          0          0          0   retnan.o
        96          0          0          0          0          0   scalbn.o
        48          0          0          0          0          0   trapv.o
         0          0          0          0          0          0   usenofp.o
       640         54         80          0          0          0   asin.o
       548         68        152          0          0          0   atan.o
       384         38          0          0          0          0   atan2.o
        16          6          0          0          0          0   dunder.o
        40          0          0          0          0          0   fpclassify.o
       170          0          0          0          0          0   poly.o
         0          0          8          0          0          0   qnan.o
        74          0          0          0          0          0   sqrt.o

    ----------------------------------------------------------------------
      6780        530        240          0         96          0   Library Totals
        26          0          0          0          0          0   (incl. Padding)

    ----------------------------------------------------------------------

      Code (inc. data)   RO Data    RW Data    ZI Data      Debug   Library Name

       394         24          0          0         96        888   c_w.l
      4488        340          0          0          0       2416   fz_ws.l
      1872        166        240          0          0        764   m_ws.l

    ----------------------------------------------------------------------
      6780        530        240          0         96          0   Library Totals

    ----------------------------------------------------------------------

==============================================================================


      Code (inc. data)   RO Data    RW Data    ZI Data      Debug   

     19752        998        576         76       1892     368160   Grand Totals
     19752        998        576         76       1892     368160   ELF Image Totals
     19752        998        576         76          0          0   ROM Totals

==============================================================================

    Total RO  Size (Code + RO Data)                20328 (  19.85kB)
    Total RW  Size (RW Data + ZI Data)              1968 (   1.92kB)
    Total ROM Size (Code + RO Data + RW Data)      20404 (  19.93kB)

==============================================================================

